Archive member included to satisfy reference by file (symbol)

/usr/local/mcuxpressoide-11.2.0_4120/ide/plugins/com.nxp.mcuxpresso.tools.linux_11.2.0.202001021529/tools/bin/../lib/gcc/arm-none-eabi/9.2.1/../../../../arm-none-eabi/lib/thumb/v6-m/nofp/libcr_nohost_nf.a(_cr__main.o)
                              ./startup/startup_mkl25z4.o (__main)
/usr/local/mcuxpressoide-11.2.0_4120/ide/plugins/com.nxp.mcuxpresso.tools.linux_11.2.0.202001021529/tools/bin/../lib/gcc/arm-none-eabi/9.2.1/../../../../arm-none-eabi/lib/thumb/v6-m/nofp/libcr_c.a(memcpy.o)
                              ./drivers/fsl_flash.o (memcpy)
/usr/local/mcuxpressoide-11.2.0_4120/ide/plugins/com.nxp.mcuxpresso.tools.linux_11.2.0.202001021529/tools/bin/../lib/gcc/arm-none-eabi/9.2.1/../../../../arm-none-eabi/lib/thumb/v6-m/nofp/libcr_c.a(memset.o)
                              ./drivers/fsl_flash.o (memset)
/usr/local/mcuxpressoide-11.2.0_4120/ide/plugins/com.nxp.mcuxpresso.tools.linux_11.2.0.202001021529/tools/bin/../lib/gcc/arm-none-eabi/9.2.1/../../../../arm-none-eabi/lib/thumb/v6-m/nofp/libcr_c.a(initio.o)
                              /usr/local/mcuxpressoide-11.2.0_4120/ide/plugins/com.nxp.mcuxpresso.tools.linux_11.2.0.202001021529/tools/bin/../lib/gcc/arm-none-eabi/9.2.1/../../../../arm-none-eabi/lib/thumb/v6-m/nofp/libcr_nohost_nf.a(_cr__main.o) (_initio)
/usr/local/mcuxpressoide-11.2.0_4120/ide/plugins/com.nxp.mcuxpresso.tools.linux_11.2.0.202001021529/tools/bin/../lib/gcc/arm-none-eabi/9.2.1/../../../../arm-none-eabi/lib/thumb/v6-m/nofp/libcr_c.a(setvbuf.o)
                              /usr/local/mcuxpressoide-11.2.0_4120/ide/plugins/com.nxp.mcuxpresso.tools.linux_11.2.0.202001021529/tools/bin/../lib/gcc/arm-none-eabi/9.2.1/../../../../arm-none-eabi/lib/thumb/v6-m/nofp/libcr_c.a(initio.o) (setvbuf)
/usr/local/mcuxpressoide-11.2.0_4120/ide/plugins/com.nxp.mcuxpresso.tools.linux_11.2.0.202001021529/tools/bin/../lib/gcc/arm-none-eabi/9.2.1/../../../../arm-none-eabi/lib/thumb/v6-m/nofp/libcr_c.a(strlen.o)
                              ./utilities/fsl_debug_console.o (strlen)
/usr/local/mcuxpressoide-11.2.0_4120/ide/plugins/com.nxp.mcuxpresso.tools.linux_11.2.0.202001021529/tools/bin/../lib/gcc/arm-none-eabi/9.2.1/../../../../arm-none-eabi/lib/thumb/v6-m/nofp/libcr_c.a(_fdopen.o)
                              /usr/local/mcuxpressoide-11.2.0_4120/ide/plugins/com.nxp.mcuxpresso.tools.linux_11.2.0.202001021529/tools/bin/../lib/gcc/arm-none-eabi/9.2.1/../../../../arm-none-eabi/lib/thumb/v6-m/nofp/libcr_c.a(initio.o) (_fdopen)
/usr/local/mcuxpressoide-11.2.0_4120/ide/plugins/com.nxp.mcuxpresso.tools.linux_11.2.0.202001021529/tools/bin/../lib/gcc/arm-none-eabi/9.2.1/../../../../arm-none-eabi/lib/thumb/v6-m/nofp/libcr_c.a(fclose.o)
                              /usr/local/mcuxpressoide-11.2.0_4120/ide/plugins/com.nxp.mcuxpresso.tools.linux_11.2.0.202001021529/tools/bin/../lib/gcc/arm-none-eabi/9.2.1/../../../../arm-none-eabi/lib/thumb/v6-m/nofp/libcr_c.a(initio.o) (fclose)
/usr/local/mcuxpressoide-11.2.0_4120/ide/plugins/com.nxp.mcuxpresso.tools.linux_11.2.0.202001021529/tools/bin/../lib/gcc/arm-none-eabi/9.2.1/../../../../arm-none-eabi/lib/thumb/v6-m/nofp/libcr_c.a(fflush.o)
                              /usr/local/mcuxpressoide-11.2.0_4120/ide/plugins/com.nxp.mcuxpresso.tools.linux_11.2.0.202001021529/tools/bin/../lib/gcc/arm-none-eabi/9.2.1/../../../../arm-none-eabi/lib/thumb/v6-m/nofp/libcr_c.a(fclose.o) (fflush)
/usr/local/mcuxpressoide-11.2.0_4120/ide/plugins/com.nxp.mcuxpresso.tools.linux_11.2.0.202001021529/tools/bin/../lib/gcc/arm-none-eabi/9.2.1/../../../../arm-none-eabi/lib/thumb/v6-m/nofp/libcr_c.a(fseek.o)
                              /usr/local/mcuxpressoide-11.2.0_4120/ide/plugins/com.nxp.mcuxpresso.tools.linux_11.2.0.202001021529/tools/bin/../lib/gcc/arm-none-eabi/9.2.1/../../../../arm-none-eabi/lib/thumb/v6-m/nofp/libcr_c.a(_fdopen.o) (fseek)
/usr/local/mcuxpressoide-11.2.0_4120/ide/plugins/com.nxp.mcuxpresso.tools.linux_11.2.0.202001021529/tools/bin/../lib/gcc/arm-none-eabi/9.2.1/../../../../arm-none-eabi/lib/thumb/v6-m/nofp/libcr_c.a(ftell.o)
                              /usr/local/mcuxpressoide-11.2.0_4120/ide/plugins/com.nxp.mcuxpresso.tools.linux_11.2.0.202001021529/tools/bin/../lib/gcc/arm-none-eabi/9.2.1/../../../../arm-none-eabi/lib/thumb/v6-m/nofp/libcr_c.a(fseek.o) (ftell)
/usr/local/mcuxpressoide-11.2.0_4120/ide/plugins/com.nxp.mcuxpresso.tools.linux_11.2.0.202001021529/tools/bin/../lib/gcc/arm-none-eabi/9.2.1/../../../../arm-none-eabi/lib/thumb/v6-m/nofp/libcr_c.a(remove.o)
                              /usr/local/mcuxpressoide-11.2.0_4120/ide/plugins/com.nxp.mcuxpresso.tools.linux_11.2.0.202001021529/tools/bin/../lib/gcc/arm-none-eabi/9.2.1/../../../../arm-none-eabi/lib/thumb/v6-m/nofp/libcr_c.a(fclose.o) (remove)
[...]
Memory Configuration

Name             Origin             Length             Attributes
PROGRAM_FLASH    0x0000000000000000 0x0000000000020000 xr
SRAM             0x000000001ffff000 0x0000000000004000 xrw
*default*        0x0000000000000000 0xffffffffffffffff

Linker script and memory map

LOAD ./utilities/fsl_debug_console.o
LOAD ./startup/startup_mkl25z4.o
LOAD ./source/Blinkenlights.o
LOAD ./source/cap_sensor.o
LOAD ./source/delay.o
LOAD ./source/led.o
LOAD ./source/mtb.o
LOAD ./source/semihost_hardfault.o
LOAD ./drivers/fsl_clock.o
LOAD ./drivers/fsl_common.o
LOAD ./drivers/fsl_flash.o
LOAD ./drivers/fsl_gpio.o
LOAD ./drivers/fsl_lpsci.o
LOAD ./drivers/fsl_smc.o
LOAD ./drivers/fsl_tsi_v4.o
LOAD ./drivers/fsl_uart.o
LOAD ./board/board.o
LOAD ./board/clock_config.o
LOAD ./board/peripherals.o
LOAD ./board/pin_mux.o
LOAD ./CMSIS/system_MKL25Z4.o
START GROUP
LOAD /usr/local/mcuxpressoide-11.2.0_4120/ide/plugins/com.nxp.mcuxpresso.tools.linux_11.2.0.202001021529/tools/bin/../lib/gcc/arm-none-eabi/9.2.1/../../../../arm-none-eabi/lib/thumb/v6-m/nofp/libcr_nohost_nf.a
LOAD /usr/local/mcuxpressoide-11.2.0_4120/ide/plugins/com.nxp.mcuxpresso.tools.linux_11.2.0.202001021529/tools/bin/../lib/gcc/arm-none-eabi/9.2.1/../../../../arm-none-eabi/lib/thumb/v6-m/nofp/libcr_c.a
LOAD /usr/local/mcuxpressoide-11.2.0_4120/ide/plugins/com.nxp.mcuxpresso.tools.linux_11.2.0.202001021529/tools/bin/../lib/gcc/arm-none-eabi/9.2.1/thumb/v6-m/nofp/libcr_eabihelpers.a
LOAD /usr/local/mcuxpressoide-11.2.0_4120/ide/plugins/com.nxp.mcuxpresso.tools.linux_11.2.0.202001021529/tools/bin/../lib/gcc/arm-none-eabi/9.2.1/thumb/v6-m/nofp/libgcc.a
END GROUP
                0x0000000000000000                __base_PROGRAM_FLASH = 0x0
                0x0000000000000000                __base_Flash = 0x0
                0x0000000000020000                __top_PROGRAM_FLASH = 0x20000
                0x0000000000020000                __top_Flash = 0x20000
                0x000000001ffff000                __base_SRAM = 0x1ffff000
                0x000000001ffff000                __base_RAM = 0x1ffff000
                0x0000000020003000                __top_SRAM = 0x20003000
                0x0000000020003000                __top_RAM = 0x20003000

.text           0x0000000000000000     0x2f00
 FILL mask 0xff
                0x0000000000000000                __vectors_start__ = ABSOLUTE (.)
 *(SORT_BY_ALIGNMENT(.isr_vector))
 .isr_vector    0x0000000000000000       0xc0 ./startup/startup_mkl25z4.o
                0x0000000000000000                __Vectors
                0x0000000000000000                g_pfnVectors
                0x00000000000000c0                . = ALIGN (0x4)
                0x00000000000000c0                __section_table_start = .
                0x00000000000000c0                __data_section_table = .
                0x00000000000000c0        0x4 LONG 0x2f00 LOADADDR (.data)
                0x00000000000000c4        0x4 LONG 0x1ffff080 ADDR (.data)
                0x00000000000000c8        0x4 LONG 0x8 SIZEOF (.data)
                0x00000000000000cc                __data_section_table_end = .
                0x00000000000000cc                __bss_section_table = .
                0x00000000000000cc        0x4 LONG 0x1ffff088 ADDR (.bss)
                0x00000000000000d0        0x4 LONG 0xe8 SIZEOF (.bss)
                0x00000000000000d4                __bss_section_table_end = .
                0x00000000000000d4                __section_table_end = .
 *(SORT_BY_ALIGNMENT(.after_vectors*))
 .after_vectors.reset
                0x00000000000000d4       0x4c ./startup/startup_mkl25z4.o
                0x00000000000000d4                ResetISR
 .after_vectors.init_data
                0x0000000000000120       0x12 ./startup/startup_mkl25z4.o
                0x0000000000000120                data_init
 .after_vectors.init_bss
                0x0000000000000132       0x10 ./startup/startup_mkl25z4.o
                0x0000000000000132                bss_init
 .after_vectors
                0x0000000000000142      0x10c ./startup/startup_mkl25z4.o
                0x0000000000000142                NMI_Handler
                0x0000000000000146                SVC_Handler
                0x0000000000000148                PendSV_Handler
                0x000000000000014a                SysTick_Handler
                0x000000000000014c                PIT_DriverIRQHandler
                0x000000000000014c                Reserved39_DriverIRQHandler
                0x000000000000014c                DMA0_DriverIRQHandler
                0x000000000000014c                SPI1_DriverIRQHandler
                0x000000000000014c                LPTMR0_DriverIRQHandler
                0x000000000000014c                TPM2_DriverIRQHandler
                0x000000000000014c                TSI0_DriverIRQHandler
                0x000000000000014c                RTC_Seconds_DriverIRQHandler
                0x000000000000014c                LLWU_DriverIRQHandler
                0x000000000000014c                MCG_DriverIRQHandler
                0x000000000000014c                FTFA_DriverIRQHandler
                0x000000000000014c                IntDefaultHandler
                0x000000000000014c                USB0_DriverIRQHandler
                0x000000000000014c                DAC0_DriverIRQHandler
                0x000000000000014c                LVD_LVW_DriverIRQHandler
                0x000000000000014c                TPM0_DriverIRQHandler
                0x000000000000014c                Reserved20_DriverIRQHandler
                0x000000000000014c                DMA3_DriverIRQHandler
                0x000000000000014c                Reserved45_DriverIRQHandler
                0x000000000000014c                PORTA_DriverIRQHandler
                0x000000000000014c                TPM1_DriverIRQHandler
                0x000000000000014c                RTC_DriverIRQHandler
                0x000000000000014c                DMA1_DriverIRQHandler
                0x000000000000014c                I2C1_DriverIRQHandler
                0x000000000000014c                SPI0_DriverIRQHandler
                0x000000000000014c                ADC0_DriverIRQHandler
                0x000000000000014c                CMP0_DriverIRQHandler
                0x000000000000014c                DMA2_DriverIRQHandler
                0x000000000000014c                PORTD_DriverIRQHandler
                0x000000000000014c                I2C0_DriverIRQHandler
                0x000000000000014e                DMA0_IRQHandler
                0x0000000000000156                DMA1_IRQHandler
                0x000000000000015e                DMA2_IRQHandler
                0x0000000000000166                DMA3_IRQHandler
                0x000000000000016e                Reserved20_IRQHandler
                0x0000000000000176                FTFA_IRQHandler
                0x000000000000017e                LVD_LVW_IRQHandler
                0x0000000000000186                LLWU_IRQHandler
                0x000000000000018e                I2C0_IRQHandler
                0x0000000000000196                I2C1_IRQHandler
                0x000000000000019e                SPI0_IRQHandler
                0x00000000000001a6                SPI1_IRQHandler
                0x00000000000001ae                UART0_IRQHandler
                0x00000000000001b6                UART1_IRQHandler
                0x00000000000001be                UART2_IRQHandler
                0x00000000000001c6                ADC0_IRQHandler
                0x00000000000001ce                CMP0_IRQHandler
                0x00000000000001d6                TPM0_IRQHandler
                0x00000000000001de                TPM1_IRQHandler
                0x00000000000001e6                TPM2_IRQHandler
                0x00000000000001ee                RTC_IRQHandler
                0x00000000000001f6                RTC_Seconds_IRQHandler
                0x00000000000001fe                PIT_IRQHandler
                0x0000000000000206                Reserved39_IRQHandler
                0x000000000000020e                USB0_IRQHandler
                0x0000000000000216                DAC0_IRQHandler
                0x000000000000021e                TSI0_IRQHandler
                0x0000000000000226                MCG_IRQHandler
                0x000000000000022e                LPTMR0_IRQHandler
                0x0000000000000236                Reserved45_IRQHandler
                0x000000000000023e                PORTA_IRQHandler
                0x0000000000000246                PORTD_IRQHandler
                0x0000000000000400                . = 0x400
 *fill*         0x000000000000024e      0x1b2 ff
                0x0000000000000400                PROVIDE (__FLASH_CONFIG_START__ = .)
 *(SORT_BY_ALIGNMENT(.FlashConfig))
 .FlashConfig   0x0000000000000400       0x10 ./startup/startup_mkl25z4.o
                0x0000000000000400                Flash_Config
                0x0000000000000410                PROVIDE (__FLASH_CONFIG_END__ = .)
                0x0000000000000001                ASSERT (! ((__FLASH_CONFIG_START__ == __FLASH_CONFIG_END__)), Linker Flash Config Support Enabled, but no .FlashConfig section provided within application)
 *(SORT_BY_ALIGNMENT(.text*))
 .text.DbgConsole_Init
                0x0000000000000410       0xf4 ./utilities/fsl_debug_console.o
                0x0000000000000410                DbgConsole_Init
 .text.DbgConsole_Printf
                0x0000000000000504       0x44 ./utilities/fsl_debug_console.o
                0x0000000000000504                DbgConsole_Printf
 .text.DbgConsole_Putchar
                0x0000000000000548       0x34 ./utilities/fsl_debug_console.o
                0x0000000000000548                DbgConsole_Putchar
 .text.main     0x000000000000057c      0x124 ./source/Blinkenlights.o
                0x000000000000057c                main
 .text.CAP_Init
                0x00000000000006a0       0x3c ./source/cap_sensor.o
                0x00000000000006a0                CAP_Init
 .text.CAP_Scan
                0x00000000000006dc       0x4c ./source/cap_sensor.o
                0x00000000000006dc                CAP_Scan
 .text.conditional_Delay
                0x0000000000000728       0x64 ./source/delay.o
                0x0000000000000728                conditional_Delay
 .text.LED_Init
                0x000000000000078c       0xd0 ./source/led.o
                0x000000000000078c                LED_Init
 .text.LED_Control
                0x000000000000085c       0x9c ./source/led.o
                0x000000000000085c                LED_Control
 .text.LED_Startup
                0x00000000000008f8      0x174 ./source/led.o
                0x00000000000008f8                LED_Startup
 .text.helper_COLOR
                0x0000000000000a6c       0xe4 ./source/led.o
                0x0000000000000a6c                helper_COLOR
 .text.HardFault_Handler
                0x0000000000000b50       0x30 ./source/semihost_hardfault.o
                0x0000000000000b50                HardFault_Handler
 .text.CLOCK_SetEr32kClock
                0x0000000000000b80       0x34 ./drivers/fsl_clock.o
 .text.CLOCK_SetPllFllSelClock
                0x0000000000000bb4       0x38 ./drivers/fsl_clock.o
 .text.CLOCK_GetMcgExtClkFreq
                0x0000000000000bec       0x28 ./drivers/fsl_clock.o
 .text.CLOCK_GetFllExtRefClkFreq
                0x0000000000000c14       0xa8 ./drivers/fsl_clock.o
 .text.CLOCK_GetFllRefClkFreq
                0x0000000000000cbc       0x2c ./drivers/fsl_clock.o
 .text.CLOCK_GetOscRangeFromFreq
                0x0000000000000ce8       0x4c ./drivers/fsl_clock.o
 .text.CLOCK_GetPllFllSelClkFreq
                0x0000000000000d34       0x4c ./drivers/fsl_clock.o
                0x0000000000000d34                CLOCK_GetPllFllSelClkFreq
 .text.CLOCK_SetSimConfig
                0x0000000000000d80       0x38 ./drivers/fsl_clock.o
                0x0000000000000d80                CLOCK_SetSimConfig
 .text.CLOCK_GetFllFreq
                0x0000000000000db8       0x84 ./drivers/fsl_clock.o
                0x0000000000000db8                CLOCK_GetFllFreq
 .text.CLOCK_GetPll0Freq
                0x0000000000000e3c       0x70 ./drivers/fsl_clock.o
                0x0000000000000e3c                CLOCK_GetPll0Freq
 .text.CLOCK_SetInternalRefClkConfig
                0x0000000000000eac      0x124 ./drivers/fsl_clock.o
                0x0000000000000eac                CLOCK_SetInternalRefClkConfig
 .text.CLOCK_EnablePll0
                0x0000000000000fd0       0x94 ./drivers/fsl_clock.o
                0x0000000000000fd0                CLOCK_EnablePll0
 .text.CLOCK_InitOsc0
                0x0000000000001064       0x94 ./drivers/fsl_clock.o
                0x0000000000001064                CLOCK_InitOsc0
 .text.CLOCK_SetPbeMode
                0x00000000000010f8       0xb0 ./drivers/fsl_clock.o
                0x00000000000010f8                CLOCK_SetPbeMode
 .text.CLOCK_BootToPeeMode
                0x00000000000011a8       0x70 ./drivers/fsl_clock.o
                0x00000000000011a8                CLOCK_BootToPeeMode
 .text.__assertion_failed
                0x0000000000001218       0x1c ./drivers/fsl_common.o
                0x0000000000001218                __assertion_failed
 .text.CLOCK_EnableClock
                0x0000000000001234       0x34 ./drivers/fsl_lpsci.o
 .text.LPSCI_GetInstance
                0x0000000000001268       0x48 ./drivers/fsl_lpsci.o
                0x0000000000001268                LPSCI_GetInstance
 .text.LPSCI_Init
                0x00000000000012b0      0x258 ./drivers/fsl_lpsci.o
                0x00000000000012b0                LPSCI_Init
 .text.LPSCI_GetDefaultConfig
                0x0000000000001508       0x44 ./drivers/fsl_lpsci.o
                0x0000000000001508                LPSCI_GetDefaultConfig
 .text.LPSCI_ClearStatusFlags
                0x000000000000154c       0x94 ./drivers/fsl_lpsci.o
                0x000000000000154c                LPSCI_ClearStatusFlags
 .text.LPSCI_WriteBlocking
                0x00000000000015e0       0x4c ./drivers/fsl_lpsci.o
                0x00000000000015e0                LPSCI_WriteBlocking
 .text.LPSCI_ReadBlocking
                0x000000000000162c       0xc0 ./drivers/fsl_lpsci.o
                0x000000000000162c                LPSCI_ReadBlocking
 .text.UART0_DriverIRQHandler
                0x00000000000016ec       0x24 ./drivers/fsl_lpsci.o
                0x00000000000016ec                UART0_DriverIRQHandler
 .text.CLOCK_EnableClock
                0x0000000000001710       0x34 ./drivers/fsl_uart.o
 .text.UART_GetInstance
                0x0000000000001744       0x54 ./drivers/fsl_uart.o
                0x0000000000001744                UART_GetInstance
 .text.UART_Init
                0x0000000000001798      0x1e0 ./drivers/fsl_uart.o
                0x0000000000001798                UART_Init
 .text.UART_GetDefaultConfig
                0x0000000000001978       0x44 ./drivers/fsl_uart.o
                0x0000000000001978                UART_GetDefaultConfig
 .text.UART_ReadBlocking
                0x00000000000019bc       0x98 ./drivers/fsl_uart.o
                0x00000000000019bc                UART_ReadBlocking
 .text.UART1_DriverIRQHandler
                0x0000000000001a54       0x24 ./drivers/fsl_uart.o
                0x0000000000001a54                UART1_DriverIRQHandler
 .text.UART2_DriverIRQHandler
                0x0000000000001a78       0x24 ./drivers/fsl_uart.o
                0x0000000000001a78                UART2_DriverIRQHandler
 .text.CLOCK_SetLpsci0Clock
                0x0000000000001a9c       0x38 ./board/board.o
 .text.BOARD_InitDebugConsole
                0x0000000000001ad4       0x30 ./board/board.o
                0x0000000000001ad4                BOARD_InitDebugConsole
 .text.CLOCK_SetSimSafeDivs
                0x0000000000001b04       0x20 ./board/clock_config.o
 .text.CLOCK_SetXtal0Freq
                0x0000000000001b24       0x1c ./board/clock_config.o
 .text.CLOCK_CONFIG_SetFllExtRefDiv
                0x0000000000001b40       0x3c ./board/clock_config.o
 .text.BOARD_BootClockRUN
                0x0000000000001b7c       0x64 ./board/clock_config.o
                0x0000000000001b7c                BOARD_BootClockRUN
 .text.CLOCK_EnableClock
                0x0000000000001be0       0x34 ./board/pin_mux.o
 .text.PORT_SetPinMux
                0x0000000000001c14       0x40 ./board/pin_mux.o
 .text.BOARD_InitPins
                0x0000000000001c54       0x90 ./board/pin_mux.o
                0x0000000000001c54                BOARD_InitPins
 .text.SystemInit
                0x0000000000001ce4       0x18 ./CMSIS/system_MKL25Z4.o
                0x0000000000001ce4                SystemInit
 .text._initio  0x0000000000001cfc       0x7c /usr/local/mcuxpressoide-11.2.0_4120/ide/plugins/com.nxp.mcuxpresso.tools.linux_11.2.0.202001021529/tools/bin/../lib/gcc/arm-none-eabi/9.2.1/../../../../arm-none-eabi/lib/thumb/v6-m/nofp/libcr_c.a(initio.o)
                0x0000000000001cfc                _initio
 .text.setvbuf  0x0000000000001d78       0x4c /usr/local/mcuxpressoide-11.2.0_4120/ide/plugins/com.nxp.mcuxpresso.tools.linux_11.2.0.202001021529/tools/bin/../lib/gcc/arm-none-eabi/9.2.1/../../../../arm-none-eabi/lib/thumb/v6-m/nofp/libcr_c.a(setvbuf.o)
                0x0000000000001d78                setvbuf
 .text.strlen   0x0000000000001dc4       0x58 /usr/local/mcuxpressoide-11.2.0_4120/ide/plugins/com.nxp.mcuxpresso.tools.linux_11.2.0.202001021529/tools/bin/../lib/gcc/arm-none-eabi/9.2.1/../../../../arm-none-eabi/lib/thumb/v6-m/nofp/libcr_c.a(strlen.o)
                0x0000000000001dc4                strlen
 .text._fdopen  0x0000000000001e1c       0x74 /usr/local/mcuxpressoide-11.2.0_4120/ide/plugins/com.nxp.mcuxpresso.tools.linux_11.2.0.202001021529/tools/bin/../lib/gcc/arm-none-eabi/9.2.1/../../../../arm-none-eabi/lib/thumb/v6-m/nofp/libcr_c.a(_fdopen.o)
                0x0000000000001e1c                _fdopen
 .text.fclose   0x0000000000001e90       0x5c /usr/local/mcuxpressoide-11.2.0_4120/ide/plugins/com.nxp.mcuxpresso.tools.linux_11.2.0.202001021529/tools/bin/../lib/gcc/arm-none-eabi/9.2.1/../../../../arm-none-eabi/lib/thumb/v6-m/nofp/libcr_c.a(fclose.o)
                0x0000000000001e90                fclose
 .text.fflush   0x0000000000001eec       0x44 /usr/local/mcuxpressoide-11.2.0_4120/ide/plugins/com.nxp.mcuxpresso.tools.linux_11.2.0.202001021529/tools/bin/../lib/gcc/arm-none-eabi/9.2.1/../../../../arm-none-eabi/lib/thumb/v6-m/nofp/libcr_c.a(fflush.o)
                0x0000000000001eec                fflush
 .text.fseek    0x0000000000001f30       0xf4 /usr/local/mcuxpressoide-11.2.0_4120/ide/plugins/com.nxp.mcuxpresso.tools.linux_11.2.0.202001021529/tools/bin/../lib/gcc/arm-none-eabi/9.2.1/../../../../arm-none-eabi/lib/thumb/v6-m/nofp/libcr_c.a(fseek.o)
                0x0000000000001f30                fseek
 .text.ftell    0x0000000000002024       0x48 /usr/local/mcuxpressoide-11.2.0_4120/ide/plugins/com.nxp.mcuxpresso.tools.linux_11.2.0.202001021529/tools/bin/../lib/gcc/arm-none-eabi/9.2.1/../../../../arm-none-eabi/lib/thumb/v6-m/nofp/libcr_c.a(ftell.o)
                0x0000000000002024                ftell
 .text._do_fflush
                0x000000000000206c       0x48 /usr/local/mcuxpressoide-11.2.0_4120/ide/plugins/com.nxp.mcuxpresso.tools.linux_11.2.0.202001021529/tools/bin/../lib/gcc/arm-none-eabi/9.2.1/../../../../arm-none-eabi/lib/thumb/v6-m/nofp/libcr_c.a(_do_fflush.o)
                0x000000000000206c                _do_fflush
 .text._fflush  0x00000000000020b4       0x60 /usr/local/mcuxpressoide-11.2.0_4120/ide/plugins/com.nxp.mcuxpresso.tools.linux_11.2.0.202001021529/tools/bin/../lib/gcc/arm-none-eabi/9.2.1/../../../../arm-none-eabi/lib/thumb/v6-m/nofp/libcr_c.a(_fflush.o)
                0x00000000000020b4                _fflush
 .text._Cwritebuf
                0x0000000000002114       0x68 /usr/local/mcuxpressoide-11.2.0_4120/ide/plugins/com.nxp.mcuxpresso.tools.linux_11.2.0.202001021529/tools/bin/../lib/gcc/arm-none-eabi/9.2.1/../../../../arm-none-eabi/lib/thumb/v6-m/nofp/libcr_c.a(_writebuf.o)
                0x0000000000002114                _Cwritebuf
 .text._deferredlazyseek
                0x000000000000217c       0x40 /usr/local/mcuxpressoide-11.2.0_4120/ide/plugins/com.nxp.mcuxpresso.tools.linux_11.2.0.202001021529/tools/bin/../lib/gcc/arm-none-eabi/9.2.1/../../../../arm-none-eabi/lib/thumb/v6-m/nofp/libcr_c.a(_deferredlazyseek.o)
                0x000000000000217c                _deferredlazyseek
 .text.UART_EnableTx
                0x00000000000021bc       0x40 ./utilities/fsl_debug_console.o
 .text.UART_EnableRx
                0x00000000000021fc       0x40 ./utilities/fsl_debug_console.o
 .text.LPSCI_EnableTx
                0x000000000000223c       0x40 ./utilities/fsl_debug_console.o
 .text.LPSCI_EnableRx
                0x000000000000227c       0x40 ./utilities/fsl_debug_console.o
 .text.DbgConsole_PrintfPaddingCharacter
                0x00000000000022bc       0x48 ./utilities/fsl_debug_console.o
 .text.DbgConsole_ConvertRadixNumToString
                0x0000000000002304      0x114 ./utilities/fsl_debug_console.o
 .text.DbgConsole_PrintfFormattedData
                0x0000000000002418      0x33a ./utilities/fsl_debug_console.o
 .text.Delay    0x0000000000002752       0x2e ./source/delay.o
                0x0000000000002752                Delay
 .text.OSC_SetExtRefClkConfig
                0x0000000000002780       0x3e ./drivers/fsl_clock.o
 .text.OSC_SetCapLoad
                0x00000000000027be       0x42 ./drivers/fsl_clock.o
 .text.CLOCK_GetPll0RefFreq
                0x0000000000002800       0x10 ./drivers/fsl_clock.o
 .text.CLOCK_SetExternalRefClkConfig
                0x0000000000002810       0x16 ./drivers/fsl_clock.o
                0x0000000000002810                CLOCK_SetExternalRefClkConfig
 .text.LPSCI_GetStatusFlags
                0x0000000000002826       0x26 ./drivers/fsl_lpsci.o
                0x0000000000002826                LPSCI_GetStatusFlags
 .text.UART_GetStatusFlags
                0x000000000000284c       0x26 ./drivers/fsl_uart.o
                0x000000000000284c                UART_GetStatusFlags
 .text.UART_WriteBlocking
                0x0000000000002872       0x3c ./drivers/fsl_uart.o
                0x0000000000002872                UART_WriteBlocking
 .text.BOARD_InitBootClocks
                0x00000000000028ae        0xe ./board/clock_config.o
                0x00000000000028ae                BOARD_InitBootClocks
 .text.BOARD_InitBootPeripherals
                0x00000000000028bc        0xa ./board/peripherals.o
                0x00000000000028bc                BOARD_InitBootPeripherals
 .text.BOARD_InitBootPins
                0x00000000000028c6        0xe ./board/pin_mux.o
                0x00000000000028c6                BOARD_InitBootPins
 .text.__main   0x00000000000028d4        0xc /usr/local/mcuxpressoide-11.2.0_4120/ide/plugins/com.nxp.mcuxpresso.tools.linux_11.2.0.202001021529/tools/bin/../lib/gcc/arm-none-eabi/9.2.1/../../../../arm-none-eabi/lib/thumb/v6-m/nofp/libcr_nohost_nf.a(_cr__main.o)
                0x00000000000028d4                __main
 .text.memset   0x00000000000028e0        0x8 /usr/local/mcuxpressoide-11.2.0_4120/ide/plugins/com.nxp.mcuxpresso.tools.linux_11.2.0.202001021529/tools/bin/../lib/gcc/arm-none-eabi/9.2.1/../../../../arm-none-eabi/lib/thumb/v6-m/nofp/libcr_c.a(memset.o)
                0x00000000000028e0                memset
 .text.remove   0x00000000000028e8       0x12 /usr/local/mcuxpressoide-11.2.0_4120/ide/plugins/com.nxp.mcuxpresso.tools.linux_11.2.0.202001021529/tools/bin/../lib/gcc/arm-none-eabi/9.2.1/../../../../arm-none-eabi/lib/thumb/v6-m/nofp/libcr_c.a(remove.o)
                0x00000000000028e8                remove
 .text.free     0x00000000000028fa       0x2c /usr/local/mcuxpressoide-11.2.0_4120/ide/plugins/com.nxp.mcuxpresso.tools.linux_11.2.0.202001021529/tools/bin/../lib/gcc/arm-none-eabi/9.2.1/../../../../arm-none-eabi/lib/thumb/v6-m/nofp/libcr_c.a(alloc.o)
                0x00000000000028fa                free
 .text.__aeabi_division_idivmod
                0x0000000000002926       0x78 /usr/local/mcuxpressoide-11.2.0_4120/ide/plugins/com.nxp.mcuxpresso.tools.linux_11.2.0.202001021529/tools/bin/../lib/gcc/arm-none-eabi/9.2.1/thumb/v6-m/nofp/libcr_eabihelpers.a(division_32.o)
                0x0000000000002926                __aeabi_idiv
                0x0000000000002926                __aeabi_idivmod
                0x000000000000292c                __aeabi_uidiv
                0x000000000000292c                __aeabi_uidivmod
 .text.__aeabi_division_idiv0
                0x000000000000299e        0x2 /usr/local/mcuxpressoide-11.2.0_4120/ide/plugins/com.nxp.mcuxpresso.tools.linux_11.2.0.202001021529/tools/bin/../lib/gcc/arm-none-eabi/9.2.1/thumb/v6-m/nofp/libcr_eabihelpers.a(division_idiv0.o)
                0x000000000000299e                __aeabi_idiv0
 .text.__aeabi_memset_lowlevel
                0x00000000000029a0       0x2a /usr/local/mcuxpressoide-11.2.0_4120/ide/plugins/com.nxp.mcuxpresso.tools.linux_11.2.0.202001021529/tools/bin/../lib/gcc/arm-none-eabi/9.2.1/thumb/v6-m/nofp/libcr_eabihelpers.a(memcpy.o)
                0x00000000000029a0                __aeabi_lowlevel_memset
 .text.__sys_close
                0x00000000000029ca        0x6 /usr/local/mcuxpressoide-11.2.0_4120/ide/plugins/com.nxp.mcuxpresso.tools.linux_11.2.0.202001021529/tools/bin/../lib/gcc/arm-none-eabi/9.2.1/../../../../arm-none-eabi/lib/thumb/v6-m/nofp/libcr_nohost_nf.a(__sys_close.o)
                0x00000000000029ca                __sys_close
 .text.__sys_flen
                0x00000000000029d0        0x6 /usr/local/mcuxpressoide-11.2.0_4120/ide/plugins/com.nxp.mcuxpresso.tools.linux_11.2.0.202001021529/tools/bin/../lib/gcc/arm-none-eabi/9.2.1/../../../../arm-none-eabi/lib/thumb/v6-m/nofp/libcr_nohost_nf.a(__sys_flen.o)
                0x00000000000029d0                __sys_flen
 .text.__sys_istty
                0x00000000000029d6        0x6 /usr/local/mcuxpressoide-11.2.0_4120/ide/plugins/com.nxp.mcuxpresso.tools.linux_11.2.0.202001021529/tools/bin/../lib/gcc/arm-none-eabi/9.2.1/../../../../arm-none-eabi/lib/thumb/v6-m/nofp/libcr_nohost_nf.a(__sys_istty.o)
                0x00000000000029d6                __sys_istty
 .text.__sys_remove
                0x00000000000029dc        0x6 /usr/local/mcuxpressoide-11.2.0_4120/ide/plugins/com.nxp.mcuxpresso.tools.linux_11.2.0.202001021529/tools/bin/../lib/gcc/arm-none-eabi/9.2.1/../../../../arm-none-eabi/lib/thumb/v6-m/nofp/libcr_nohost_nf.a(__sys_remove.o)
                0x00000000000029dc                __sys_remove
 .text.__sys_seek
                0x00000000000029e2        0x6 /usr/local/mcuxpressoide-11.2.0_4120/ide/plugins/com.nxp.mcuxpresso.tools.linux_11.2.0.202001021529/tools/bin/../lib/gcc/arm-none-eabi/9.2.1/../../../../arm-none-eabi/lib/thumb/v6-m/nofp/libcr_nohost_nf.a(__sys_seek.o)
                0x00000000000029e2                __sys_seek
 .text.__sys_tmpnam
                0x00000000000029e8        0x6 /usr/local/mcuxpressoide-11.2.0_4120/ide/plugins/com.nxp.mcuxpresso.tools.linux_11.2.0.202001021529/tools/bin/../lib/gcc/arm-none-eabi/9.2.1/../../../../arm-none-eabi/lib/thumb/v6-m/nofp/libcr_nohost_nf.a(__sys_tmpnam.o)
                0x00000000000029e8                __sys_tmpnam
 .text.__sys_write
                0x00000000000029ee        0x4 /usr/local/mcuxpressoide-11.2.0_4120/ide/plugins/com.nxp.mcuxpresso.tools.linux_11.2.0.202001021529/tools/bin/../lib/gcc/arm-none-eabi/9.2.1/../../../../arm-none-eabi/lib/thumb/v6-m/nofp/libcr_nohost_nf.a(__sys_write.o)
                0x00000000000029ee                __sys_write
 *(SORT_BY_ALIGNMENT(.rodata) SORT_BY_ALIGNMENT(.rodata.*) SORT_BY_ALIGNMENT(.constdata) SORT_BY_ALIGNMENT(.constdata.*))
 *fill*         0x00000000000029f2        0x2 ff
 .rodata.delayTimes
                0x00000000000029f4       0x10 ./source/Blinkenlights.o
 .rodata.delayLoopUp
                0x0000000000002a04       0x10 ./source/Blinkenlights.o
 .rodata.delay100MSECLoopUp
                0x0000000000002a14       0x10 ./source/Blinkenlights.o
 .rodata.main.str1.4
                0x0000000000002a24       0x90 ./source/Blinkenlights.o
 .rodata        0x0000000000002ab4        0x3 ./source/Blinkenlights.o
 *fill*         0x0000000000002ab7        0x1 ff
 .rodata.CAP_Init.str1.4
                0x0000000000002ab8       0x42 ./source/cap_sensor.o
 *fill*         0x0000000000002afa        0x2 ff
 .rodata.LED_Init.str1.4
                0x0000000000002afc       0x99 ./source/led.o
 *fill*         0x0000000000002b95        0x3 ff
 .rodata.LED_Control.str1.4
                0x0000000000002b98       0x69 ./source/led.o
 *fill*         0x0000000000002c01        0x3 ff
 .rodata.LED_Startup.str1.4
                0x0000000000002c04       0x96 ./source/led.o
 *fill*         0x0000000000002c9a        0x2 ff
 .rodata.helper_COLOR.str1.4
                0x0000000000002c9c       0x14 ./source/led.o
 .rodata.CLOCK_GetMcgExtClkFreq.str1.4
                0x0000000000002cb0       0x1f ./drivers/fsl_clock.o
 *fill*         0x0000000000002ccf        0x1 ff
 .rodata.CLOCK_GetPll0Freq.str1.4
                0x0000000000002cd0       0x1e ./drivers/fsl_clock.o
 *fill*         0x0000000000002cee        0x2 ff
 .rodata.CLOCK_EnablePll0.str1.4
                0x0000000000002cf0       0x1a ./drivers/fsl_clock.o
 *fill*         0x0000000000002d0a        0x2 ff
 .rodata.CLOCK_SetPbeMode.str1.4
                0x0000000000002d0c       0x1b ./drivers/fsl_clock.o
 *fill*         0x0000000000002d27        0x1 ff
 .rodata.CLOCK_BootToPeeMode.str1.4
                0x0000000000002d28       0x1b ./drivers/fsl_clock.o
 *fill*         0x0000000000002d43        0x1 ff
 .rodata.fllFactorTable.5210
                0x0000000000002d44       0x10 ./drivers/fsl_clock.o
 .rodata.__assertion_failed.str1.4
                0x0000000000002d54        0x4 ./drivers/fsl_common.o
 .rodata.LPSCI_GetInstance.str1.4
                0x0000000000002d58       0x37 ./drivers/fsl_lpsci.o
 *fill*         0x0000000000002d8f        0x1 ff
 .rodata.LPSCI_Init.str1.4
                0x0000000000002d90       0x44 ./drivers/fsl_lpsci.o
 .rodata.LPSCI_GetDefaultConfig.str1.4
                0x0000000000002dd4       0x1a ./drivers/fsl_lpsci.o
 *fill*         0x0000000000002dee        0x2 ff
 .rodata.LPSCI_WriteBlocking.str1.4
                0x0000000000002df0       0x18 ./drivers/fsl_lpsci.o
 .rodata.LPSCI_ReadBlocking.str1.4
                0x0000000000002e08       0x18 ./drivers/fsl_lpsci.o
 .rodata.s_uartBases
                0x0000000000002e20        0xc ./drivers/fsl_uart.o
 .rodata.s_uartClock
                0x0000000000002e2c        0xc ./drivers/fsl_uart.o
 .rodata.UART_GetInstance.str1.4
                0x0000000000002e38       0x2c ./drivers/fsl_uart.o
 .rodata.UART_Init.str1.4
                0x0000000000002e64       0x43 ./drivers/fsl_uart.o
 *fill*         0x0000000000002ea7        0x1 ff
 .rodata.UART_GetDefaultConfig.str1.4
                0x0000000000002ea8       0x19 ./drivers/fsl_uart.o
 *fill*         0x0000000000002ec1        0x3 ff
 .rodata.UART_ReadBlocking.str1.4
                0x0000000000002ec4       0x17 ./drivers/fsl_uart.o
 *fill*         0x0000000000002edb        0x1 ff
 .rodata.mcgConfig_BOARD_BootClockRUN
                0x0000000000002edc        0xa ./board/clock_config.o
                0x0000000000002edc                mcgConfig_BOARD_BootClockRUN
 *fill*         0x0000000000002ee6        0x2 ff
 .rodata.simConfig_BOARD_BootClockRUN
                0x0000000000002ee8        0x8 ./board/clock_config.o
                0x0000000000002ee8                simConfig_BOARD_BootClockRUN
 .rodata.oscConfig_BOARD_BootClockRUN
                0x0000000000002ef0        0x8 ./board/clock_config.o
                0x0000000000002ef0                oscConfig_BOARD_BootClockRUN
 .rodata.__num_Ciob_streams
                0x0000000000002ef8        0x4 /usr/local/mcuxpressoide-11.2.0_4120/ide/plugins/com.nxp.mcuxpresso.tools.linux_11.2.0.202001021529/tools/bin/../lib/gcc/arm-none-eabi/9.2.1/../../../../arm-none-eabi/lib/thumb/v6-m/nofp/libcr_nohost_nf.a(__ciob.o)
                0x0000000000002ef8                __num_Ciob_streams
 .rodata._initio.str1.1
                0x0000000000002efc        0x4 /usr/local/mcuxpressoide-11.2.0_4120/ide/plugins/com.nxp.mcuxpresso.tools.linux_11.2.0.202001021529/tools/bin/../lib/gcc/arm-none-eabi/9.2.1/../../../../arm-none-eabi/lib/thumb/v6-m/nofp/libcr_c.a(initio.o)
                0x0000000000002f00                . = ALIGN (0x4)

.glue_7         0x0000000000002f00        0x0
 .glue_7        0x0000000000002f00        0x0 linker stubs

.glue_7t        0x0000000000002f00        0x0
 .glue_7t       0x0000000000002f00        0x0 linker stubs

.vfp11_veneer   0x0000000000002f00        0x0
 .vfp11_veneer  0x0000000000002f00        0x0 linker stubs

.v4_bx          0x0000000000002f00        0x0
 .v4_bx         0x0000000000002f00        0x0 linker stubs

.iplt           0x0000000000002f00        0x0
 .iplt          0x0000000000002f00        0x0 ./utilities/fsl_debug_console.o

.rel.dyn        0x0000000000002f00        0x0
 .rel.iplt      0x0000000000002f00        0x0 ./utilities/fsl_debug_console.o

.ARM.extab
 *(SORT_BY_ALIGNMENT(.ARM.extab*) SORT_BY_ALIGNMENT(.gnu.linkonce.armextab.*))

.ARM.exidx      0x0000000000002f00        0x0
                0x0000000000002f00                __exidx_start = .
 *(SORT_BY_ALIGNMENT(.ARM.exidx*) SORT_BY_ALIGNMENT(.gnu.linkonce.armexidx.*))
                0x0000000000002f00                __exidx_end = .
                0x0000000000002f00                _etext = .

.m_usb_data
 *(SORT_BY_ALIGNMENT(m_usb_bdt))

.mtb_buffer_default
                0x000000001ffff000       0x80
 *(SORT_BY_ALIGNMENT(.mtb*))
 .mtb.$RAM1     0x000000001ffff000       0x80 ./source/mtb.o
                0x000000001ffff000                __mtb_buffer__

.uninit_RESERVED
                0x000000001ffff080        0x0
                0x000000001ffff080                _start_uninit_RESERVED = .
 *(SORT_BY_ALIGNMENT(.bss.$RESERVED*))
                0x000000001ffff080                . = ALIGN (0x4)
                0x000000001ffff080                _end_uninit_RESERVED = .

.data           0x000000001ffff080        0x8 load address 0x0000000000002f00
 FILL mask 0xff
                0x000000001ffff080                _data = .
                [!provide]                        PROVIDE (__start_data_RAM = .)
                [!provide]                        PROVIDE (__start_data_SRAM = .)
 *(SORT_BY_ALIGNMENT(vtable))
 *(SORT_BY_ALIGNMENT(.ramfunc*))
 *(SORT_BY_ALIGNMENT(CodeQuickAccess))
 *(SORT_BY_ALIGNMENT(DataQuickAccess))
 *(SORT_BY_ALIGNMENT(RamFunction))
 *(SORT_BY_ALIGNMENT(.data*))
 .data.s_slowIrcFreq
                0x000000001ffff080        0x4 ./drivers/fsl_clock.o
 .data.SystemCoreClock
                0x000000001ffff084        0x4 ./CMSIS/system_MKL25Z4.o
                0x000000001ffff084                SystemCoreClock
                0x000000001ffff088                . = ALIGN (0x4)
                0x000000001ffff088                _edata = .
                [!provide]                        PROVIDE (__end_data_RAM = .)
                [!provide]                        PROVIDE (__end_data_SRAM = .)

.igot.plt       0x000000001ffff088        0x0 load address 0x0000000000002f08
 .igot.plt      0x000000001ffff088        0x0 ./utilities/fsl_debug_console.o

.bss            0x000000001ffff088       0xe8
                0x000000001ffff088                _bss = .
                [!provide]                        PROVIDE (__start_bss_RAM = .)
                [!provide]                        PROVIDE (__start_bss_SRAM = .)
 *(SORT_BY_ALIGNMENT(.bss*))
 .bss.s_debugConsole
                0x000000001ffff088       0x10 ./utilities/fsl_debug_console.o
 .bss.g_xtal0Freq
                0x000000001ffff098        0x4 ./drivers/fsl_clock.o
                0x000000001ffff098                g_xtal0Freq
 .bss.s_lpsciHandle
                0x000000001ffff09c        0x4 ./drivers/fsl_lpsci.o
 .bss.s_lpsciIsr
                0x000000001ffff0a0        0x4 ./drivers/fsl_lpsci.o
 .bss.s_uartHandle
                0x000000001ffff0a4        0xc ./drivers/fsl_uart.o
 .bss.s_uartIsr
                0x000000001ffff0b0        0x4 ./drivers/fsl_uart.o
 .bss.errno     0x000000001ffff0b4        0x4 /usr/local/mcuxpressoide-11.2.0_4120/ide/plugins/com.nxp.mcuxpresso.tools.linux_11.2.0.202001021529/tools/bin/../lib/gcc/arm-none-eabi/9.2.1/../../../../arm-none-eabi/lib/thumb/v6-m/nofp/libcr_c.a(errno.o)
                0x000000001ffff0b4                errno
 .bss.__Ciob    0x000000001ffff0b8       0xb4 /usr/local/mcuxpressoide-11.2.0_4120/ide/plugins/com.nxp.mcuxpresso.tools.linux_11.2.0.202001021529/tools/bin/../lib/gcc/arm-none-eabi/9.2.1/../../../../arm-none-eabi/lib/thumb/v6-m/nofp/libcr_nohost_nf.a(__ciob.o)
                0x000000001ffff0b8                __Ciob
 .bss.next_state
                0x000000001ffff16c        0x1 ./source/Blinkenlights.o
 *(SORT_BY_ALIGNMENT(COMMON))
                0x000000001ffff170                . = ALIGN (0x4)
 *fill*         0x000000001ffff16d        0x3 
                0x000000001ffff170                _ebss = .
                [!provide]                        PROVIDE (__end_bss_RAM = .)
                [!provide]                        PROVIDE (__end_bss_SRAM = .)
                [!provide]                        PROVIDE (end = .)

.noinit         0x000000001ffff170        0x0
                0x000000001ffff170                _noinit = .
                [!provide]                        PROVIDE (__start_noinit_RAM = .)
                [!provide]                        PROVIDE (__start_noinit_SRAM = .)
 *(SORT_BY_ALIGNMENT(.noinit*))
                0x000000001ffff170                . = ALIGN (0x4)
                0x000000001ffff170                _end_noinit = .
                [!provide]                        PROVIDE (__end_noinit_RAM = .)
                [!provide]                        PROVIDE (__end_noinit_SRAM = .)
                0x0000000000000400                _HeapSize = 0x400

.heap           0x000000001ffff170      0x400
                0x000000001ffff170                _pvHeapStart = .
                0x000000001ffff570                . = (. + _HeapSize)
 *fill*         0x000000001ffff170      0x400 
                0x000000001ffff570                . = ALIGN (0x4)
                0x000000001ffff570                _pvHeapLimit = .
                0x0000000000000400                _StackSize = 0x400

.heap2stackfill
                0x000000001ffff570      0x400
                0x000000001ffff970                . = (. + _StackSize)
 *fill*         0x000000001ffff570      0x400 

.stack          0x0000000020002c00        0x0
                0x0000000020002c00                _vStackBase = .
                0x0000000020002c00                . = ALIGN (0x4)
                0x0000000020003000                _vStackTop = (. + _StackSize)
                0x0000000000000000                _image_start = LOADADDR (.text)
                0x0000000000002f08                _image_end = (LOADADDR (.data) + SIZEOF (.data))
                0x0000000000002f08                _image_size = (_image_end - _image_start)
OUTPUT(Blinkenlights.axf elf32-littlearm)

.debug_info     0x0000000000000000     0x8ea4
 .debug_info    0x0000000000000000      0xe72 ./utilities/fsl_debug_console.o
 .debug_info    0x0000000000000e72      0x4df ./startup/startup_mkl25z4.o
 .debug_info    0x0000000000001351      0x752 ./source/Blinkenlights.o
 .debug_info    0x0000000000001aa3      0x485 ./source/cap_sensor.o
 .debug_info    0x0000000000001f28      0x42e ./source/delay.o
 .debug_info    0x0000000000002356      0x761 ./source/led.o
 .debug_info    0x0000000000002ab7       0x53 ./source/mtb.o
 .debug_info    0x0000000000002b0a       0x3c ./source/semihost_hardfault.o
 .debug_info    0x0000000000002b46     0x1a97 ./drivers/fsl_clock.o
 .debug_info    0x00000000000045dd      0x444 ./drivers/fsl_common.o
 .debug_info    0x0000000000004a21     0x1469 ./drivers/fsl_lpsci.o
 .debug_info    0x0000000000005e8a     0x140a ./drivers/fsl_uart.o
 .debug_info    0x0000000000007294      0x6fa ./board/board.o
 .debug_info    0x000000000000798e      0xafe ./board/clock_config.o
 .debug_info    0x000000000000848c       0x3c ./board/peripherals.o
 .debug_info    0x00000000000084c8      0x5a3 ./board/pin_mux.o
 .debug_info    0x0000000000008a6b      0x439 ./CMSIS/system_MKL25Z4.o

.debug_abbrev   0x0000000000000000     0x1d89
 .debug_abbrev  0x0000000000000000      0x2d7 ./utilities/fsl_debug_console.o
 .debug_abbrev  0x00000000000002d7      0x18d ./startup/startup_mkl25z4.o
 .debug_abbrev  0x0000000000000464      0x183 ./source/Blinkenlights.o
 .debug_abbrev  0x00000000000005e7      0x15a ./source/cap_sensor.o
 .debug_abbrev  0x0000000000000741      0x140 ./source/delay.o
 .debug_abbrev  0x0000000000000881      0x1a9 ./source/led.o
 .debug_abbrev  0x0000000000000a2a       0x46 ./source/mtb.o
 .debug_abbrev  0x0000000000000a70       0x31 ./source/semihost_hardfault.o
 .debug_abbrev  0x0000000000000aa1      0x36f ./drivers/fsl_clock.o
 .debug_abbrev  0x0000000000000e10      0x275 ./drivers/fsl_common.o
 .debug_abbrev  0x0000000000001085      0x309 ./drivers/fsl_lpsci.o
 .debug_abbrev  0x000000000000138e      0x323 ./drivers/fsl_uart.o
 .debug_abbrev  0x00000000000016b1      0x185 ./board/board.o
 .debug_abbrev  0x0000000000001836      0x211 ./board/clock_config.o
 .debug_abbrev  0x0000000000001a47       0x31 ./board/peripherals.o
 .debug_abbrev  0x0000000000001a78      0x1bb ./board/pin_mux.o
 .debug_abbrev  0x0000000000001c33      0x156 ./CMSIS/system_MKL25Z4.o

.debug_aranges  0x0000000000000000      0x828
 .debug_aranges
                0x0000000000000000       0x90 ./utilities/fsl_debug_console.o
 .debug_aranges
                0x0000000000000090      0x160 ./startup/startup_mkl25z4.o
 .debug_aranges
                0x00000000000001f0       0x20 ./source/Blinkenlights.o
 .debug_aranges
                0x0000000000000210       0x28 ./source/cap_sensor.o
 .debug_aranges
                0x0000000000000238       0x28 ./source/delay.o
 .debug_aranges
                0x0000000000000260       0x38 ./source/led.o
 .debug_aranges
                0x0000000000000298       0x18 ./source/mtb.o
 .debug_aranges
                0x00000000000002b0       0x20 ./source/semihost_hardfault.o
 .debug_aranges
                0x00000000000002d0      0x1d8 ./drivers/fsl_clock.o
 .debug_aranges
                0x00000000000004a8       0x38 ./drivers/fsl_common.o
 .debug_aranges
                0x00000000000004e0      0x118 ./drivers/fsl_lpsci.o
 .debug_aranges
                0x00000000000005f8      0x130 ./drivers/fsl_uart.o
 .debug_aranges
                0x0000000000000728       0x28 ./board/board.o
 .debug_aranges
                0x0000000000000750       0x58 ./board/clock_config.o
 .debug_aranges
                0x00000000000007a8       0x20 ./board/peripherals.o
 .debug_aranges
                0x00000000000007c8       0x38 ./board/pin_mux.o
 .debug_aranges
                0x0000000000000800       0x28 ./CMSIS/system_MKL25Z4.o

.debug_ranges   0x0000000000000000      0x710
 .debug_ranges  0x0000000000000000       0x80 ./utilities/fsl_debug_console.o
 .debug_ranges  0x0000000000000080      0x150 ./startup/startup_mkl25z4.o
 .debug_ranges  0x00000000000001d0       0x10 ./source/Blinkenlights.o
 .debug_ranges  0x00000000000001e0       0x18 ./source/cap_sensor.o
 .debug_ranges  0x00000000000001f8       0x18 ./source/delay.o
 .debug_ranges  0x0000000000000210       0x28 ./source/led.o
 .debug_ranges  0x0000000000000238       0x10 ./source/semihost_hardfault.o
 .debug_ranges  0x0000000000000248      0x1c8 ./drivers/fsl_clock.o
 .debug_ranges  0x0000000000000410       0x28 ./drivers/fsl_common.o
 .debug_ranges  0x0000000000000438      0x108 ./drivers/fsl_lpsci.o
 .debug_ranges  0x0000000000000540      0x120 ./drivers/fsl_uart.o
 .debug_ranges  0x0000000000000660       0x18 ./board/board.o
 .debug_ranges  0x0000000000000678       0x48 ./board/clock_config.o
 .debug_ranges  0x00000000000006c0       0x10 ./board/peripherals.o
 .debug_ranges  0x00000000000006d0       0x28 ./board/pin_mux.o
 .debug_ranges  0x00000000000006f8       0x18 ./CMSIS/system_MKL25Z4.o

.debug_macro    0x0000000000000000     0x90f7
 .debug_macro   0x0000000000000000      0x127 ./utilities/fsl_debug_console.o
 .debug_macro   0x0000000000000127      0xaba ./utilities/fsl_debug_console.o
 .debug_macro   0x0000000000000be1       0x10 ./utilities/fsl_debug_console.o
 .debug_macro   0x0000000000000bf1       0x16 ./utilities/fsl_debug_console.o
 .debug_macro   0x0000000000000c07       0x10 ./utilities/fsl_debug_console.o
 .debug_macro   0x0000000000000c17      0x12e ./utilities/fsl_debug_console.o
 .debug_macro   0x0000000000000d45       0x28 ./utilities/fsl_debug_console.o
 .debug_macro   0x0000000000000d6d       0xc4 ./utilities/fsl_debug_console.o
 .debug_macro   0x0000000000000e31       0x16 ./utilities/fsl_debug_console.o
 .debug_macro   0x0000000000000e47       0x22 ./utilities/fsl_debug_console.o
 .debug_macro   0x0000000000000e69      0x5b3 ./utilities/fsl_debug_console.o
 .debug_macro   0x000000000000141c       0x10 ./utilities/fsl_debug_console.o
 .debug_macro   0x000000000000142c       0x3f ./utilities/fsl_debug_console.o
 .debug_macro   0x000000000000146b       0x3a ./utilities/fsl_debug_console.o
 .debug_macro   0x00000000000014a5       0x26 ./utilities/fsl_debug_console.o
 .debug_macro   0x00000000000014cb      0x329 ./utilities/fsl_debug_console.o
 .debug_macro   0x00000000000017f4       0x30 ./utilities/fsl_debug_console.o
 .debug_macro   0x0000000000001824     0x51e2 ./utilities/fsl_debug_console.o
 .debug_macro   0x0000000000006a06     0x1352 ./utilities/fsl_debug_console.o
 .debug_macro   0x0000000000007d58       0x3a ./utilities/fsl_debug_console.o
 .debug_macro   0x0000000000007d92       0xf4 ./utilities/fsl_debug_console.o
 .debug_macro   0x0000000000007e86       0x35 ./utilities/fsl_debug_console.o
 .debug_macro   0x0000000000007ebb       0x2e ./utilities/fsl_debug_console.o
 .debug_macro   0x0000000000007ee9       0x10 ./utilities/fsl_debug_console.o
 .debug_macro   0x0000000000007ef9       0x10 ./utilities/fsl_debug_console.o
 .debug_macro   0x0000000000007f09       0x29 ./startup/startup_mkl25z4.o
 .debug_macro   0x0000000000007f32      0x179 ./source/Blinkenlights.o
 .debug_macro   0x00000000000080ab       0xd8 ./source/Blinkenlights.o
 .debug_macro   0x0000000000008183       0x16 ./source/Blinkenlights.o
 .debug_macro   0x0000000000008199       0x10 ./source/Blinkenlights.o
 .debug_macro   0x00000000000081a9      0x112 ./source/Blinkenlights.o
 .debug_macro   0x00000000000082bb       0xa6 ./source/Blinkenlights.o
 .debug_macro   0x0000000000008361       0x34 ./source/Blinkenlights.o
 .debug_macro   0x0000000000008395       0x22 ./source/Blinkenlights.o
 .debug_macro   0x00000000000083b7       0x40 ./source/Blinkenlights.o
 .debug_macro   0x00000000000083f7       0x10 ./source/Blinkenlights.o
 .debug_macro   0x0000000000008407      0x117 ./source/cap_sensor.o
 .debug_macro   0x000000000000851e       0x34 ./source/cap_sensor.o
 .debug_macro   0x0000000000008552       0x1c ./source/cap_sensor.o
 .debug_macro   0x000000000000856e      0x128 ./source/delay.o
 .debug_macro   0x0000000000008696      0x12e ./source/led.o
 .debug_macro   0x00000000000087c4       0x2f ./source/mtb.o
 .debug_macro   0x00000000000087f3       0x82 ./source/mtb.o
 .debug_macro   0x0000000000008875       0x10 ./source/mtb.o
 .debug_macro   0x0000000000008885       0x11 ./source/semihost_hardfault.o
 .debug_macro   0x0000000000008896      0x196 ./drivers/fsl_clock.o
 .debug_macro   0x0000000000008a2c       0x1c ./drivers/fsl_clock.o
 .debug_macro   0x0000000000008a48       0xef ./drivers/fsl_common.o
 .debug_macro   0x0000000000008b37       0xec ./drivers/fsl_lpsci.o
 .debug_macro   0x0000000000008c23       0xf2 ./drivers/fsl_uart.o
 .debug_macro   0x0000000000008d15      0x112 ./board/board.o
 .debug_macro   0x0000000000008e27      0x123 ./board/clock_config.o
 .debug_macro   0x0000000000008f4a       0x1b ./board/peripherals.o
 .debug_macro   0x0000000000008f65       0xee ./board/pin_mux.o
 .debug_macro   0x0000000000009053       0x10 ./board/pin_mux.o
 .debug_macro   0x0000000000009063       0x94 ./CMSIS/system_MKL25Z4.o

.debug_line     0x0000000000000000     0x5e09
 .debug_line    0x0000000000000000      0xc54 ./utilities/fsl_debug_console.o
 .debug_line    0x0000000000000c54      0x1e7 ./startup/startup_mkl25z4.o
 .debug_line    0x0000000000000e3b      0x405 ./source/Blinkenlights.o
 .debug_line    0x0000000000001240      0x34b ./source/cap_sensor.o
 .debug_line    0x000000000000158b      0x37e ./source/delay.o
 .debug_line    0x0000000000001909      0x46a ./source/led.o
 .debug_line    0x0000000000001d73       0xd5 ./source/mtb.o
 .debug_line    0x0000000000001e48       0x59 ./source/semihost_hardfault.o
 .debug_line    0x0000000000001ea1     0x12e4 ./drivers/fsl_clock.o
 .debug_line    0x0000000000003185      0x3e0 ./drivers/fsl_common.o
 .debug_line    0x0000000000003565      0xd5d ./drivers/fsl_lpsci.o
 .debug_line    0x00000000000042c2      0xd4c ./drivers/fsl_uart.o
 .debug_line    0x000000000000500e      0x354 ./board/board.o
 .debug_line    0x0000000000005362      0x3c1 ./board/clock_config.o
 .debug_line    0x0000000000005723       0x5c ./board/peripherals.o
 .debug_line    0x000000000000577f      0x34f ./board/pin_mux.o
 .debug_line    0x0000000000005ace      0x33b ./CMSIS/system_MKL25Z4.o

.debug_str      0x0000000000000000    0x3657a
 .debug_str     0x0000000000000000    0x31510 ./utilities/fsl_debug_console.o
                                      0x317b4 (size before relaxing)
 .debug_str     0x0000000000031510      0x3e1 ./startup/startup_mkl25z4.o
                                       0x3207 (size before relaxing)
 .debug_str     0x00000000000318f1     0x1646 ./source/Blinkenlights.o
                                      0x320d7 (size before relaxing)
 .debug_str     0x0000000000032f37      0x126 ./source/cap_sensor.o
                                      0x30aca (size before relaxing)
 .debug_str     0x000000000003305d       0x41 ./source/delay.o
                                      0x30f2e (size before relaxing)
 .debug_str     0x000000000003309e       0x8c ./source/led.o
                                      0x3105b (size before relaxing)
 .debug_str     0x000000000003312a      0x532 ./source/mtb.o
                                       0x3313 (size before relaxing)
 .debug_str     0x000000000003365c       0x1f ./source/semihost_hardfault.o
                                       0x2e00 (size before relaxing)
 .debug_str     0x000000000003367b     0x14d2 ./drivers/fsl_clock.o
                                      0x3230e (size before relaxing)
 .debug_str     0x0000000000034b4d      0x2d6 ./drivers/fsl_common.o
                                      0x308f5 (size before relaxing)
 .debug_str     0x0000000000034e23      0x9ce ./drivers/fsl_lpsci.o
                                      0x31916 (size before relaxing)
 .debug_str     0x00000000000357f1      0x832 ./drivers/fsl_uart.o
                                      0x31939 (size before relaxing)
 .debug_str     0x0000000000036023       0x4c ./board/board.o
                                      0x31453 (size before relaxing)
 .debug_str     0x000000000003606f      0x300 ./board/clock_config.o
                                      0x3123c (size before relaxing)
 .debug_str     0x000000000003636f       0x31 ./board/peripherals.o
                                       0x2e11 (size before relaxing)
 .debug_str     0x00000000000363a0      0x18b ./board/pin_mux.o
                                      0x30d3c (size before relaxing)
 .debug_str     0x000000000003652b       0x4f ./CMSIS/system_MKL25Z4.o
                                      0x2fc78 (size before relaxing)

.comment        0x0000000000000000       0x79
 .comment       0x0000000000000000       0x79 ./utilities/fsl_debug_console.o
                                         0x7a (size before relaxing)
 .comment       0x0000000000000079       0x7a ./startup/startup_mkl25z4.o
 .comment       0x0000000000000079       0x7a ./source/Blinkenlights.o
 .comment       0x0000000000000079       0x7a ./source/cap_sensor.o
 .comment       0x0000000000000079       0x7a ./source/delay.o
 .comment       0x0000000000000079       0x7a ./source/led.o
 .comment       0x0000000000000079       0x7a ./source/mtb.o
 .comment       0x0000000000000079       0x7a ./source/semihost_hardfault.o
 .comment       0x0000000000000079       0x7a ./drivers/fsl_clock.o
 .comment       0x0000000000000079       0x7a ./drivers/fsl_common.o
 .comment       0x0000000000000079       0x7a ./drivers/fsl_lpsci.o
 .comment       0x0000000000000079       0x7a ./drivers/fsl_uart.o
 .comment       0x0000000000000079       0x7a ./board/board.o
 .comment       0x0000000000000079       0x7a ./board/clock_config.o
 .comment       0x0000000000000079       0x7a ./board/peripherals.o
 .comment       0x0000000000000079       0x7a ./board/pin_mux.o
 .comment       0x0000000000000079       0x7a ./CMSIS/system_MKL25Z4.o
 .comment       0x0000000000000079       0x7a /usr/local/mcuxpressoide-11.2.0_4120/ide/plugins/com.nxp.mcuxpresso.tools.linux_11.2.0.202001021529/tools/bin/../lib/gcc/arm-none-eabi/9.2.1/../../../../arm-none-eabi/lib/thumb/v6-m/nofp/libcr_nohost_nf.a(_cr__main.o)
 .comment       0x0000000000000079       0x7a /usr/local/mcuxpressoide-11.2.0_4120/ide/plugins/com.nxp.mcuxpresso.tools.linux_11.2.0.202001021529/tools/bin/../lib/gcc/arm-none-eabi/9.2.1/../../../../arm-none-eabi/lib/thumb/v6-m/nofp/libcr_c.a(memset.o)
 .comment       0x0000000000000079       0x7a /usr/local/mcuxpressoide-11.2.0_4120/ide/plugins/com.nxp.mcuxpresso.tools.linux_11.2.0.202001021529/tools/bin/../lib/gcc/arm-none-eabi/9.2.1/../../../../arm-none-eabi/lib/thumb/v6-m/nofp/libcr_c.a(initio.o)
 .comment       0x0000000000000079       0x7a /usr/local/mcuxpressoide-11.2.0_4120/ide/plugins/com.nxp.mcuxpresso.tools.linux_11.2.0.202001021529/tools/bin/../lib/gcc/arm-none-eabi/9.2.1/../../../../arm-none-eabi/lib/thumb/v6-m/nofp/libcr_c.a(setvbuf.o)
 .comment       0x0000000000000079       0x7a /usr/local/mcuxpressoide-11.2.0_4120/ide/plugins/com.nxp.mcuxpresso.tools.linux_11.2.0.202001021529/tools/bin/../lib/gcc/arm-none-eabi/9.2.1/../../../../arm-none-eabi/lib/thumb/v6-m/nofp/libcr_c.a(strlen.o)
 .comment       0x0000000000000079       0x7a /usr/local/mcuxpressoide-11.2.0_4120/ide/plugins/com.nxp.mcuxpresso.tools.linux_11.2.0.202001021529/tools/bin/../lib/gcc/arm-none-eabi/9.2.1/../../../../arm-none-eabi/lib/thumb/v6-m/nofp/libcr_c.a(_fdopen.o)
 .comment       0x0000000000000079       0x7a /usr/local/mcuxpressoide-11.2.0_4120/ide/plugins/com.nxp.mcuxpresso.tools.linux_11.2.0.202001021529/tools/bin/../lib/gcc/arm-none-eabi/9.2.1/../../../../arm-none-eabi/lib/thumb/v6-m/nofp/libcr_c.a(fclose.o)
 .comment       0x0000000000000079       0x7a /usr/local/mcuxpressoide-11.2.0_4120/ide/plugins/com.nxp.mcuxpresso.tools.linux_11.2.0.202001021529/tools/bin/../lib/gcc/arm-none-eabi/9.2.1/../../../../arm-none-eabi/lib/thumb/v6-m/nofp/libcr_c.a(fflush.o)
 .comment       0x0000000000000079       0x7a /usr/local/mcuxpressoide-11.2.0_4120/ide/plugins/com.nxp.mcuxpresso.tools.linux_11.2.0.202001021529/tools/bin/../lib/gcc/arm-none-eabi/9.2.1/../../../../arm-none-eabi/lib/thumb/v6-m/nofp/libcr_c.a(fseek.o)
 .comment       0x0000000000000079       0x7a /usr/local/mcuxpressoide-11.2.0_4120/ide/plugins/com.nxp.mcuxpresso.tools.linux_11.2.0.202001021529/tools/bin/../lib/gcc/arm-none-eabi/9.2.1/../../../../arm-none-eabi/lib/thumb/v6-m/nofp/libcr_c.a(ftell.o)
 .comment       0x0000000000000079       0x7a /usr/local/mcuxpressoide-11.2.0_4120/ide/plugins/com.nxp.mcuxpresso.tools.linux_11.2.0.202001021529/tools/bin/../lib/gcc/arm-none-eabi/9.2.1/../../../../arm-none-eabi/lib/thumb/v6-m/nofp/libcr_c.a(remove.o)
 .comment       0x0000000000000079       0x7a /usr/local/mcuxpressoide-11.2.0_4120/ide/plugins/com.nxp.mcuxpresso.tools.linux_11.2.0.202001021529/tools/bin/../lib/gcc/arm-none-eabi/9.2.1/../../../../arm-none-eabi/lib/thumb/v6-m/nofp/libcr_c.a(_do_fflush.o)
 .comment       0x0000000000000079       0x7a /usr/local/mcuxpressoide-11.2.0_4120/ide/plugins/com.nxp.mcuxpresso.tools.linux_11.2.0.202001021529/tools/bin/../lib/gcc/arm-none-eabi/9.2.1/../../../../arm-none-eabi/lib/thumb/v6-m/nofp/libcr_c.a(_fflush.o)
 .comment       0x0000000000000079       0x7a /usr/local/mcuxpressoide-11.2.0_4120/ide/plugins/com.nxp.mcuxpresso.tools.linux_11.2.0.202001021529/tools/bin/../lib/gcc/arm-none-eabi/9.2.1/../../../../arm-none-eabi/lib/thumb/v6-m/nofp/libcr_c.a(_writebuf.o)
 .comment       0x0000000000000079       0x7a /usr/local/mcuxpressoide-11.2.0_4120/ide/plugins/com.nxp.mcuxpresso.tools.linux_11.2.0.202001021529/tools/bin/../lib/gcc/arm-none-eabi/9.2.1/../../../../arm-none-eabi/lib/thumb/v6-m/nofp/libcr_c.a(alloc.o)
 .comment       0x0000000000000079       0x7a /usr/local/mcuxpressoide-11.2.0_4120/ide/plugins/com.nxp.mcuxpresso.tools.linux_11.2.0.202001021529/tools/bin/../lib/gcc/arm-none-eabi/9.2.1/../../../../arm-none-eabi/lib/thumb/v6-m/nofp/libcr_c.a(errno.o)
 .comment       0x0000000000000079       0x7a /usr/local/mcuxpressoide-11.2.0_4120/ide/plugins/com.nxp.mcuxpresso.tools.linux_11.2.0.202001021529/tools/bin/../lib/gcc/arm-none-eabi/9.2.1/../../../../arm-none-eabi/lib/thumb/v6-m/nofp/libcr_c.a(_deferredlazyseek.o)
 .comment       0x0000000000000079       0x7a /usr/local/mcuxpressoide-11.2.0_4120/ide/plugins/com.nxp.mcuxpresso.tools.linux_11.2.0.202001021529/tools/bin/../lib/gcc/arm-none-eabi/9.2.1/../../../../arm-none-eabi/lib/thumb/v6-m/nofp/libcr_nohost_nf.a(__ciob.o)
 .comment       0x0000000000000079       0x7a /usr/local/mcuxpressoide-11.2.0_4120/ide/plugins/com.nxp.mcuxpresso.tools.linux_11.2.0.202001021529/tools/bin/../lib/gcc/arm-none-eabi/9.2.1/../../../../arm-none-eabi/lib/thumb/v6-m/nofp/libcr_nohost_nf.a(__sys_close.o)
 .comment       0x0000000000000079       0x7a /usr/local/mcuxpressoide-11.2.0_4120/ide/plugins/com.nxp.mcuxpresso.tools.linux_11.2.0.202001021529/tools/bin/../lib/gcc/arm-none-eabi/9.2.1/../../../../arm-none-eabi/lib/thumb/v6-m/nofp/libcr_nohost_nf.a(__sys_flen.o)
 .comment       0x0000000000000079       0x7a /usr/local/mcuxpressoide-11.2.0_4120/ide/plugins/com.nxp.mcuxpresso.tools.linux_11.2.0.202001021529/tools/bin/../lib/gcc/arm-none-eabi/9.2.1/../../../../arm-none-eabi/lib/thumb/v6-m/nofp/libcr_nohost_nf.a(__sys_istty.o)
 .comment       0x0000000000000079       0x7a /usr/local/mcuxpressoide-11.2.0_4120/ide/plugins/com.nxp.mcuxpresso.tools.linux_11.2.0.202001021529/tools/bin/../lib/gcc/arm-none-eabi/9.2.1/../../../../arm-none-eabi/lib/thumb/v6-m/nofp/libcr_nohost_nf.a(__sys_remove.o)
 .comment       0x0000000000000079       0x7a /usr/local/mcuxpressoide-11.2.0_4120/ide/plugins/com.nxp.mcuxpresso.tools.linux_11.2.0.202001021529/tools/bin/../lib/gcc/arm-none-eabi/9.2.1/../../../../arm-none-eabi/lib/thumb/v6-m/nofp/libcr_nohost_nf.a(__sys_seek.o)
 .comment       0x0000000000000079       0x7a /usr/local/mcuxpressoide-11.2.0_4120/ide/plugins/com.nxp.mcuxpresso.tools.linux_11.2.0.202001021529/tools/bin/../lib/gcc/arm-none-eabi/9.2.1/../../../../arm-none-eabi/lib/thumb/v6-m/nofp/libcr_nohost_nf.a(__sys_tmpnam.o)
 .comment       0x0000000000000079       0x7a /usr/local/mcuxpressoide-11.2.0_4120/ide/plugins/com.nxp.mcuxpresso.tools.linux_11.2.0.202001021529/tools/bin/../lib/gcc/arm-none-eabi/9.2.1/../../../../arm-none-eabi/lib/thumb/v6-m/nofp/libcr_nohost_nf.a(__sys_write.o)

.ARM.attributes
                0x0000000000000000       0x2a
 .ARM.attributes
                0x0000000000000000       0x2c ./utilities/fsl_debug_console.o
 .ARM.attributes
                0x000000000000002c       0x2c ./startup/startup_mkl25z4.o
 .ARM.attributes
                0x0000000000000058       0x2c ./source/Blinkenlights.o
 .ARM.attributes
                0x0000000000000084       0x2c ./source/cap_sensor.o
 .ARM.attributes
                0x00000000000000b0       0x2c ./source/delay.o
 .ARM.attributes
                0x00000000000000dc       0x2c ./source/led.o
 .ARM.attributes
                0x0000000000000108       0x32 ./source/mtb.o
 .ARM.attributes
                0x000000000000013a       0x2c ./source/semihost_hardfault.o
 .ARM.attributes
                0x0000000000000166       0x2c ./drivers/fsl_clock.o
 .ARM.attributes
                0x0000000000000192       0x2c ./drivers/fsl_common.o
 .ARM.attributes
                0x00000000000001be       0x2c ./drivers/fsl_lpsci.o
 .ARM.attributes
                0x00000000000001ea       0x2c ./drivers/fsl_uart.o
 .ARM.attributes
                0x0000000000000216       0x2c ./board/board.o
 .ARM.attributes
                0x0000000000000242       0x2c ./board/clock_config.o
 .ARM.attributes
                0x000000000000026e       0x2c ./board/peripherals.o
 .ARM.attributes
                0x000000000000029a       0x2c ./board/pin_mux.o
 .ARM.attributes
                0x00000000000002c6       0x2c ./CMSIS/system_MKL25Z4.o
 .ARM.attributes
                0x00000000000002f2       0x2c /usr/local/mcuxpressoide-11.2.0_4120/ide/plugins/com.nxp.mcuxpresso.tools.linux_11.2.0.202001021529/tools/bin/../lib/gcc/arm-none-eabi/9.2.1/../../../../arm-none-eabi/lib/thumb/v6-m/nofp/libcr_nohost_nf.a(_cr__main.o)
 .ARM.attributes
                0x000000000000031e       0x2c /usr/local/mcuxpressoide-11.2.0_4120/ide/plugins/com.nxp.mcuxpresso.tools.linux_11.2.0.202001021529/tools/bin/../lib/gcc/arm-none-eabi/9.2.1/../../../../arm-none-eabi/lib/thumb/v6-m/nofp/libcr_c.a(memset.o)
 .ARM.attributes
                0x000000000000034a       0x2c /usr/local/mcuxpressoide-11.2.0_4120/ide/plugins/com.nxp.mcuxpresso.tools.linux_11.2.0.202001021529/tools/bin/../lib/gcc/arm-none-eabi/9.2.1/../../../../arm-none-eabi/lib/thumb/v6-m/nofp/libcr_c.a(initio.o)
 .ARM.attributes
                0x0000000000000376       0x2c /usr/local/mcuxpressoide-11.2.0_4120/ide/plugins/com.nxp.mcuxpresso.tools.linux_11.2.0.202001021529/tools/bin/../lib/gcc/arm-none-eabi/9.2.1/../../../../arm-none-eabi/lib/thumb/v6-m/nofp/libcr_c.a(setvbuf.o)
 .ARM.attributes
                0x00000000000003a2       0x2c /usr/local/mcuxpressoide-11.2.0_4120/ide/plugins/com.nxp.mcuxpresso.tools.linux_11.2.0.202001021529/tools/bin/../lib/gcc/arm-none-eabi/9.2.1/../../../../arm-none-eabi/lib/thumb/v6-m/nofp/libcr_c.a(strlen.o)
 .ARM.attributes
                0x00000000000003ce       0x2c /usr/local/mcuxpressoide-11.2.0_4120/ide/plugins/com.nxp.mcuxpresso.tools.linux_11.2.0.202001021529/tools/bin/../lib/gcc/arm-none-eabi/9.2.1/../../../../arm-none-eabi/lib/thumb/v6-m/nofp/libcr_c.a(_fdopen.o)
 .ARM.attributes
                0x00000000000003fa       0x2c /usr/local/mcuxpressoide-11.2.0_4120/ide/plugins/com.nxp.mcuxpresso.tools.linux_11.2.0.202001021529/tools/bin/../lib/gcc/arm-none-eabi/9.2.1/../../../../arm-none-eabi/lib/thumb/v6-m/nofp/libcr_c.a(fclose.o)
 .ARM.attributes
                0x0000000000000426       0x2c /usr/local/mcuxpressoide-11.2.0_4120/ide/plugins/com.nxp.mcuxpresso.tools.linux_11.2.0.202001021529/tools/bin/../lib/gcc/arm-none-eabi/9.2.1/../../../../arm-none-eabi/lib/thumb/v6-m/nofp/libcr_c.a(fflush.o)
 .ARM.attributes
                0x0000000000000452       0x2c /usr/local/mcuxpressoide-11.2.0_4120/ide/plugins/com.nxp.mcuxpresso.tools.linux_11.2.0.202001021529/tools/bin/../lib/gcc/arm-none-eabi/9.2.1/../../../../arm-none-eabi/lib/thumb/v6-m/nofp/libcr_c.a(fseek.o)
 .ARM.attributes
                0x000000000000047e       0x2c /usr/local/mcuxpressoide-11.2.0_4120/ide/plugins/com.nxp.mcuxpresso.tools.linux_11.2.0.202001021529/tools/bin/../lib/gcc/arm-none-eabi/9.2.1/../../../../arm-none-eabi/lib/thumb/v6-m/nofp/libcr_c.a(ftell.o)
 .ARM.attributes
                0x00000000000004aa       0x2c /usr/local/mcuxpressoide-11.2.0_4120/ide/plugins/com.nxp.mcuxpresso.tools.linux_11.2.0.202001021529/tools/bin/../lib/gcc/arm-none-eabi/9.2.1/../../../../arm-none-eabi/lib/thumb/v6-m/nofp/libcr_c.a(remove.o)
 .ARM.attributes
                0x00000000000004d6       0x2c /usr/local/mcuxpressoide-11.2.0_4120/ide/plugins/com.nxp.mcuxpresso.tools.linux_11.2.0.202001021529/tools/bin/../lib/gcc/arm-none-eabi/9.2.1/../../../../arm-none-eabi/lib/thumb/v6-m/nofp/libcr_c.a(_do_fflush.o)
 .ARM.attributes
                0x0000000000000502       0x2c /usr/local/mcuxpressoide-11.2.0_4120/ide/plugins/com.nxp.mcuxpresso.tools.linux_11.2.0.202001021529/tools/bin/../lib/gcc/arm-none-eabi/9.2.1/../../../../arm-none-eabi/lib/thumb/v6-m/nofp/libcr_c.a(_fflush.o)
 .ARM.attributes
                0x000000000000052e       0x2c /usr/local/mcuxpressoide-11.2.0_4120/ide/plugins/com.nxp.mcuxpresso.tools.linux_11.2.0.202001021529/tools/bin/../lib/gcc/arm-none-eabi/9.2.1/../../../../arm-none-eabi/lib/thumb/v6-m/nofp/libcr_c.a(_writebuf.o)
 .ARM.attributes
                0x000000000000055a       0x2c /usr/local/mcuxpressoide-11.2.0_4120/ide/plugins/com.nxp.mcuxpresso.tools.linux_11.2.0.202001021529/tools/bin/../lib/gcc/arm-none-eabi/9.2.1/../../../../arm-none-eabi/lib/thumb/v6-m/nofp/libcr_c.a(alloc.o)
 .ARM.attributes
                0x0000000000000586       0x31 /usr/local/mcuxpressoide-11.2.0_4120/ide/plugins/com.nxp.mcuxpresso.tools.linux_11.2.0.202001021529/tools/bin/../lib/gcc/arm-none-eabi/9.2.1/../../../../arm-none-eabi/lib/thumb/v6-m/nofp/libcr_c.a(errno.o)
 .ARM.attributes
                0x00000000000005b7       0x2c /usr/local/mcuxpressoide-11.2.0_4120/ide/plugins/com.nxp.mcuxpresso.tools.linux_11.2.0.202001021529/tools/bin/../lib/gcc/arm-none-eabi/9.2.1/../../../../arm-none-eabi/lib/thumb/v6-m/nofp/libcr_c.a(_deferredlazyseek.o)
 .ARM.attributes
                0x00000000000005e3       0x1c /usr/local/mcuxpressoide-11.2.0_4120/ide/plugins/com.nxp.mcuxpresso.tools.linux_11.2.0.202001021529/tools/bin/../lib/gcc/arm-none-eabi/9.2.1/thumb/v6-m/nofp/libcr_eabihelpers.a(division_32.o)
 .ARM.attributes
                0x00000000000005ff       0x1c /usr/local/mcuxpressoide-11.2.0_4120/ide/plugins/com.nxp.mcuxpresso.tools.linux_11.2.0.202001021529/tools/bin/../lib/gcc/arm-none-eabi/9.2.1/thumb/v6-m/nofp/libcr_eabihelpers.a(division_idiv0.o)
 .ARM.attributes
                0x000000000000061b       0x1c /usr/local/mcuxpressoide-11.2.0_4120/ide/plugins/com.nxp.mcuxpresso.tools.linux_11.2.0.202001021529/tools/bin/../lib/gcc/arm-none-eabi/9.2.1/thumb/v6-m/nofp/libcr_eabihelpers.a(memcpy.o)
 .ARM.attributes
                0x0000000000000637       0x31 /usr/local/mcuxpressoide-11.2.0_4120/ide/plugins/com.nxp.mcuxpresso.tools.linux_11.2.0.202001021529/tools/bin/../lib/gcc/arm-none-eabi/9.2.1/../../../../arm-none-eabi/lib/thumb/v6-m/nofp/libcr_nohost_nf.a(__ciob.o)
 .ARM.attributes
                0x0000000000000668       0x2c /usr/local/mcuxpressoide-11.2.0_4120/ide/plugins/com.nxp.mcuxpresso.tools.linux_11.2.0.202001021529/tools/bin/../lib/gcc/arm-none-eabi/9.2.1/../../../../arm-none-eabi/lib/thumb/v6-m/nofp/libcr_nohost_nf.a(__sys_close.o)
 .ARM.attributes
                0x0000000000000694       0x2c /usr/local/mcuxpressoide-11.2.0_4120/ide/plugins/com.nxp.mcuxpresso.tools.linux_11.2.0.202001021529/tools/bin/../lib/gcc/arm-none-eabi/9.2.1/../../../../arm-none-eabi/lib/thumb/v6-m/nofp/libcr_nohost_nf.a(__sys_flen.o)
 .ARM.attributes
                0x00000000000006c0       0x2c /usr/local/mcuxpressoide-11.2.0_4120/ide/plugins/com.nxp.mcuxpresso.tools.linux_11.2.0.202001021529/tools/bin/../lib/gcc/arm-none-eabi/9.2.1/../../../../arm-none-eabi/lib/thumb/v6-m/nofp/libcr_nohost_nf.a(__sys_istty.o)
 .ARM.attributes
                0x00000000000006ec       0x2c /usr/local/mcuxpressoide-11.2.0_4120/ide/plugins/com.nxp.mcuxpresso.tools.linux_11.2.0.202001021529/tools/bin/../lib/gcc/arm-none-eabi/9.2.1/../../../../arm-none-eabi/lib/thumb/v6-m/nofp/libcr_nohost_nf.a(__sys_remove.o)
 .ARM.attributes
                0x0000000000000718       0x2c /usr/local/mcuxpressoide-11.2.0_4120/ide/plugins/com.nxp.mcuxpresso.tools.linux_11.2.0.202001021529/tools/bin/../lib/gcc/arm-none-eabi/9.2.1/../../../../arm-none-eabi/lib/thumb/v6-m/nofp/libcr_nohost_nf.a(__sys_seek.o)
 .ARM.attributes
                0x0000000000000744       0x2c /usr/local/mcuxpressoide-11.2.0_4120/ide/plugins/com.nxp.mcuxpresso.tools.linux_11.2.0.202001021529/tools/bin/../lib/gcc/arm-none-eabi/9.2.1/../../../../arm-none-eabi/lib/thumb/v6-m/nofp/libcr_nohost_nf.a(__sys_tmpnam.o)
 .ARM.attributes
                0x0000000000000770       0x2c /usr/local/mcuxpressoide-11.2.0_4120/ide/plugins/com.nxp.mcuxpresso.tools.linux_11.2.0.202001021529/tools/bin/../lib/gcc/arm-none-eabi/9.2.1/../../../../arm-none-eabi/lib/thumb/v6-m/nofp/libcr_nohost_nf.a(__sys_write.o)

.debug_frame    0x0000000000000000     0x1950
 .debug_frame   0x0000000000000000      0x1f0 ./utilities/fsl_debug_console.o
 .debug_frame   0x00000000000001f0      0x3b0 ./startup/startup_mkl25z4.o
 .debug_frame   0x00000000000005a0       0x30 ./source/Blinkenlights.o
 .debug_frame   0x00000000000005d0       0x4c ./source/cap_sensor.o
 .debug_frame   0x000000000000061c       0x50 ./source/delay.o
 .debug_frame   0x000000000000066c       0x8c ./source/led.o
 .debug_frame   0x00000000000006f8       0x20 ./source/semihost_hardfault.o
 .debug_frame   0x0000000000000718      0x6e0 ./drivers/fsl_clock.o
 .debug_frame   0x0000000000000df8       0x90 ./drivers/fsl_common.o
 .debug_frame   0x0000000000000e88      0x414 ./drivers/fsl_lpsci.o
 .debug_frame   0x000000000000129c      0x464 ./drivers/fsl_uart.o
 .debug_frame   0x0000000000001700       0x50 ./board/board.o
 .debug_frame   0x0000000000001750      0x100 ./board/clock_config.o
 .debug_frame   0x0000000000001850       0x2c ./board/peripherals.o
 .debug_frame   0x000000000000187c       0x88 ./board/pin_mux.o
 .debug_frame   0x0000000000001904       0x4c ./CMSIS/system_MKL25Z4.o

Cross Reference Table

Symbol                                            File
ADC0_DriverIRQHandler                             ./startup/startup_mkl25z4.o
ADC0_IRQHandler                                   ./startup/startup_mkl25z4.o
BOARD_BootClockRUN                                ./board/clock_config.o
BOARD_BootClockVLPR                               ./board/clock_config.o
BOARD_InitBootClocks                              ./board/clock_config.o
                                                  ./source/Blinkenlights.o
BOARD_InitBootPeripherals                         ./board/peripherals.o
                                                  ./source/Blinkenlights.o
BOARD_InitBootPins                                ./board/pin_mux.o
                                                  ./source/Blinkenlights.o
BOARD_InitDebugConsole                            ./board/board.o
                                                  ./source/Blinkenlights.o
BOARD_InitPins                                    ./board/pin_mux.o
CAP_Init                                          ./source/cap_sensor.o
                                                  ./source/Blinkenlights.o
CAP_Scan                                          ./source/cap_sensor.o
                                                  ./source/delay.o
CLOCK_BootToBlpeMode                              ./drivers/fsl_clock.o
CLOCK_BootToBlpiMode                              ./drivers/fsl_clock.o
                                                  ./board/clock_config.o
CLOCK_BootToFeeMode                               ./drivers/fsl_clock.o
CLOCK_BootToFeiMode                               ./drivers/fsl_clock.o
CLOCK_BootToPeeMode                               ./drivers/fsl_clock.o
                                                  ./board/clock_config.o
CLOCK_CalcPllDiv                                  ./drivers/fsl_clock.o
CLOCK_ClearStatusFlags                            ./drivers/fsl_clock.o
CLOCK_DeinitOsc0                                  ./drivers/fsl_clock.o
CLOCK_EnablePll0                                  ./drivers/fsl_clock.o
CLOCK_EnableUsbfs0Clock                           ./drivers/fsl_clock.o
CLOCK_ExternalModeToFbeModeQuick                  ./drivers/fsl_clock.o
CLOCK_FllStableDelay                              ./drivers/fsl_clock.o
CLOCK_GetBusClkFreq                               ./drivers/fsl_clock.o
CLOCK_GetCoreSysClkFreq                           ./drivers/fsl_clock.o
CLOCK_GetEr32kClkFreq                             ./drivers/fsl_clock.o
CLOCK_GetFixedFreqClkFreq                         ./drivers/fsl_clock.o
CLOCK_GetFlashClkFreq                             ./drivers/fsl_clock.o
CLOCK_GetFllFreq                                  ./drivers/fsl_clock.o
CLOCK_GetFreq                                     ./drivers/fsl_clock.o
CLOCK_GetInternalRefClkFreq                       ./drivers/fsl_clock.o
CLOCK_GetMode                                     ./drivers/fsl_clock.o
CLOCK_GetOsc0ErClkFreq                            ./drivers/fsl_clock.o
CLOCK_GetOutClkFreq                               ./drivers/fsl_clock.o
CLOCK_GetPlatClkFreq                              ./drivers/fsl_clock.o
CLOCK_GetPll0Freq                                 ./drivers/fsl_clock.o
CLOCK_GetPllFllSelClkFreq                         ./drivers/fsl_clock.o
                                                  ./board/board.o
CLOCK_GetStatusFlags                              ./drivers/fsl_clock.o
CLOCK_InitOsc0                                    ./drivers/fsl_clock.o
                                                  ./board/clock_config.o
CLOCK_InternalModeToFbiModeQuick                  ./drivers/fsl_clock.o
CLOCK_SetBlpeMode                                 ./drivers/fsl_clock.o
CLOCK_SetBlpiMode                                 ./drivers/fsl_clock.o
CLOCK_SetExternalRefClkConfig                     ./drivers/fsl_clock.o
CLOCK_SetFbeMode                                  ./drivers/fsl_clock.o
CLOCK_SetFbiMode                                  ./drivers/fsl_clock.o
CLOCK_SetFeeMode                                  ./drivers/fsl_clock.o
CLOCK_SetFeiMode                                  ./drivers/fsl_clock.o
CLOCK_SetInternalRefClkConfig                     ./drivers/fsl_clock.o
                                                  ./board/clock_config.o
CLOCK_SetMcgConfig                                ./drivers/fsl_clock.o
CLOCK_SetOsc0MonitorMode                          ./drivers/fsl_clock.o
CLOCK_SetPbeMode                                  ./drivers/fsl_clock.o
CLOCK_SetPeeMode                                  ./drivers/fsl_clock.o
CLOCK_SetPll0MonitorMode                          ./drivers/fsl_clock.o
CLOCK_SetSimConfig                                ./drivers/fsl_clock.o
                                                  ./board/clock_config.o
CLOCK_TrimInternalRefClk                          ./drivers/fsl_clock.o
CMP0_DriverIRQHandler                             ./startup/startup_mkl25z4.o
CMP0_IRQHandler                                   ./startup/startup_mkl25z4.o
DAC0_DriverIRQHandler                             ./startup/startup_mkl25z4.o
DAC0_IRQHandler                                   ./startup/startup_mkl25z4.o
DMA0_DriverIRQHandler                             ./startup/startup_mkl25z4.o
DMA0_IRQHandler                                   ./startup/startup_mkl25z4.o
DMA1_DriverIRQHandler                             ./startup/startup_mkl25z4.o
DMA1_IRQHandler                                   ./startup/startup_mkl25z4.o
DMA2_DriverIRQHandler                             ./startup/startup_mkl25z4.o
DMA2_IRQHandler                                   ./startup/startup_mkl25z4.o
DMA3_DriverIRQHandler                             ./startup/startup_mkl25z4.o
DMA3_IRQHandler                                   ./startup/startup_mkl25z4.o
DbgConsole_Deinit                                 ./utilities/fsl_debug_console.o
DbgConsole_Getchar                                ./utilities/fsl_debug_console.o
DbgConsole_Init                                   ./utilities/fsl_debug_console.o
                                                  ./board/board.o
DbgConsole_Printf                                 ./utilities/fsl_debug_console.o
                                                  ./drivers/fsl_common.o
                                                  ./source/led.o
                                                  ./source/cap_sensor.o
                                                  ./source/Blinkenlights.o
DbgConsole_Putchar                                ./utilities/fsl_debug_console.o
DbgConsole_Scanf                                  ./utilities/fsl_debug_console.o
Delay                                             ./source/delay.o
                                                  ./source/led.o
                                                  ./source/Blinkenlights.o
FLASH_Erase                                       ./drivers/fsl_flash.o
FLASH_EraseAll                                    ./drivers/fsl_flash.o
FLASH_EraseAllExecuteOnlySegments                 ./drivers/fsl_flash.o
FLASH_GetProperty                                 ./drivers/fsl_flash.o
FLASH_GetSecurityState                            ./drivers/fsl_flash.o
FLASH_Init                                        ./drivers/fsl_flash.o
FLASH_IsExecuteOnly                               ./drivers/fsl_flash.o
FLASH_IsProtected                                 ./drivers/fsl_flash.o
FLASH_PflashGetPrefetchSpeculation                ./drivers/fsl_flash.o
FLASH_PflashGetProtection                         ./drivers/fsl_flash.o
FLASH_PflashSetPrefetchSpeculation                ./drivers/fsl_flash.o
                                                  ./drivers/fsl_smc.o
FLASH_PflashSetProtection                         ./drivers/fsl_flash.o
FLASH_PrepareExecuteInRamFunctions                ./drivers/fsl_flash.o
FLASH_Program                                     ./drivers/fsl_flash.o
FLASH_ProgramOnce                                 ./drivers/fsl_flash.o
FLASH_ReadOnce                                    ./drivers/fsl_flash.o
FLASH_ReadResource                                ./drivers/fsl_flash.o
FLASH_SecurityBypass                              ./drivers/fsl_flash.o
FLASH_SetCallback                                 ./drivers/fsl_flash.o
FLASH_SetProperty                                 ./drivers/fsl_flash.o
FLASH_VerifyErase                                 ./drivers/fsl_flash.o
FLASH_VerifyEraseAll                              ./drivers/fsl_flash.o
FLASH_VerifyEraseAllExecuteOnlySegments           ./drivers/fsl_flash.o
FLASH_VerifyProgram                               ./drivers/fsl_flash.o
FTFA_DriverIRQHandler                             ./startup/startup_mkl25z4.o
FTFA_IRQHandler                                   ./startup/startup_mkl25z4.o
Flash_Config                                      ./startup/startup_mkl25z4.o
GPIO_ClearPinsInterruptFlags                      ./drivers/fsl_gpio.o
GPIO_GetPinsInterruptFlags                        ./drivers/fsl_gpio.o
GPIO_PinInit                                      ./drivers/fsl_gpio.o
HardFault_Handler                                 ./source/semihost_hardfault.o
                                                  ./startup/startup_mkl25z4.o
I2C0_DriverIRQHandler                             ./startup/startup_mkl25z4.o
I2C0_IRQHandler                                   ./startup/startup_mkl25z4.o
I2C1_DriverIRQHandler                             ./startup/startup_mkl25z4.o
I2C1_IRQHandler                                   ./startup/startup_mkl25z4.o
InstallIRQHandler                                 ./drivers/fsl_common.o
IntDefaultHandler                                 ./startup/startup_mkl25z4.o
LED_Control                                       ./source/led.o
                                                  ./source/Blinkenlights.o
LED_Init                                          ./source/led.o
                                                  ./source/Blinkenlights.o
LED_Startup                                       ./source/led.o
                                                  ./source/Blinkenlights.o
LLWU_DriverIRQHandler                             ./startup/startup_mkl25z4.o
LLWU_IRQHandler                                   ./startup/startup_mkl25z4.o
LPSCI_ClearStatusFlags                            ./drivers/fsl_lpsci.o
LPSCI_Deinit                                      ./drivers/fsl_lpsci.o
                                                  ./utilities/fsl_debug_console.o
LPSCI_DisableInterrupts                           ./drivers/fsl_lpsci.o
LPSCI_EnableInterrupts                            ./drivers/fsl_lpsci.o
LPSCI_GetDefaultConfig                            ./drivers/fsl_lpsci.o
                                                  ./utilities/fsl_debug_console.o
LPSCI_GetEnabledInterrupts                        ./drivers/fsl_lpsci.o
LPSCI_GetInstance                                 ./drivers/fsl_lpsci.o
LPSCI_GetStatusFlags                              ./drivers/fsl_lpsci.o
LPSCI_Init                                        ./drivers/fsl_lpsci.o
                                                  ./utilities/fsl_debug_console.o
LPSCI_ReadBlocking                                ./drivers/fsl_lpsci.o
                                                  ./utilities/fsl_debug_console.o
LPSCI_SetBaudRate                                 ./drivers/fsl_lpsci.o
LPSCI_TransferAbortReceive                        ./drivers/fsl_lpsci.o
LPSCI_TransferAbortSend                           ./drivers/fsl_lpsci.o
LPSCI_TransferCreateHandle                        ./drivers/fsl_lpsci.o
LPSCI_TransferGetReceiveCount                     ./drivers/fsl_lpsci.o
LPSCI_TransferGetSendCount                        ./drivers/fsl_lpsci.o
LPSCI_TransferHandleErrorIRQ                      ./drivers/fsl_lpsci.o
LPSCI_TransferHandleIRQ                           ./drivers/fsl_lpsci.o
LPSCI_TransferReceiveNonBlocking                  ./drivers/fsl_lpsci.o
LPSCI_TransferSendNonBlocking                     ./drivers/fsl_lpsci.o
LPSCI_TransferStartRingBuffer                     ./drivers/fsl_lpsci.o
LPSCI_TransferStopRingBuffer                      ./drivers/fsl_lpsci.o
LPSCI_WriteBlocking                               ./drivers/fsl_lpsci.o
                                                  ./utilities/fsl_debug_console.o
LPTMR0_DriverIRQHandler                           ./startup/startup_mkl25z4.o
LPTMR0_IRQHandler                                 ./startup/startup_mkl25z4.o
LVD_LVW_DriverIRQHandler                          ./startup/startup_mkl25z4.o
LVD_LVW_IRQHandler                                ./startup/startup_mkl25z4.o
MCG_DriverIRQHandler                              ./startup/startup_mkl25z4.o
MCG_IRQHandler                                    ./startup/startup_mkl25z4.o
NMI_Handler                                       ./startup/startup_mkl25z4.o
PIT_DriverIRQHandler                              ./startup/startup_mkl25z4.o
PIT_IRQHandler                                    ./startup/startup_mkl25z4.o
PORTA_DriverIRQHandler                            ./startup/startup_mkl25z4.o
PORTA_IRQHandler                                  ./startup/startup_mkl25z4.o
PORTD_DriverIRQHandler                            ./startup/startup_mkl25z4.o
PORTD_IRQHandler                                  ./startup/startup_mkl25z4.o
PendSV_Handler                                    ./startup/startup_mkl25z4.o
RTC_DriverIRQHandler                              ./startup/startup_mkl25z4.o
RTC_IRQHandler                                    ./startup/startup_mkl25z4.o
RTC_Seconds_DriverIRQHandler                      ./startup/startup_mkl25z4.o
RTC_Seconds_IRQHandler                            ./startup/startup_mkl25z4.o
Reserved20_DriverIRQHandler                       ./startup/startup_mkl25z4.o
Reserved20_IRQHandler                             ./startup/startup_mkl25z4.o
Reserved39_DriverIRQHandler                       ./startup/startup_mkl25z4.o
Reserved39_IRQHandler                             ./startup/startup_mkl25z4.o
Reserved45_DriverIRQHandler                       ./startup/startup_mkl25z4.o
Reserved45_IRQHandler                             ./startup/startup_mkl25z4.o
ResetISR                                          ./startup/startup_mkl25z4.o
SMC_PostExitStopModes                             ./drivers/fsl_smc.o
SMC_PreEnterStopModes                             ./drivers/fsl_smc.o
SMC_SetPowerModeLls                               ./drivers/fsl_smc.o
SMC_SetPowerModeRun                               ./drivers/fsl_smc.o
SMC_SetPowerModeStop                              ./drivers/fsl_smc.o
SMC_SetPowerModeVlls                              ./drivers/fsl_smc.o
SMC_SetPowerModeVlpr                              ./drivers/fsl_smc.o
                                                  ./board/clock_config.o
SMC_SetPowerModeVlps                              ./drivers/fsl_smc.o
SMC_SetPowerModeVlpw                              ./drivers/fsl_smc.o
SMC_SetPowerModeWait                              ./drivers/fsl_smc.o
SPI0_DriverIRQHandler                             ./startup/startup_mkl25z4.o
SPI0_IRQHandler                                   ./startup/startup_mkl25z4.o
SPI1_DriverIRQHandler                             ./startup/startup_mkl25z4.o
SPI1_IRQHandler                                   ./startup/startup_mkl25z4.o
SVC_Handler                                       ./startup/startup_mkl25z4.o
SysTick_Handler                                   ./startup/startup_mkl25z4.o
SystemCoreClock                                   ./CMSIS/system_MKL25Z4.o
                                                  ./board/clock_config.o
SystemCoreClockUpdate                             ./CMSIS/system_MKL25Z4.o
SystemInit                                        ./CMSIS/system_MKL25Z4.o
                                                  ./startup/startup_mkl25z4.o
TPM0_DriverIRQHandler                             ./startup/startup_mkl25z4.o
TPM0_IRQHandler                                   ./startup/startup_mkl25z4.o
TPM1_DriverIRQHandler                             ./startup/startup_mkl25z4.o
TPM1_IRQHandler                                   ./startup/startup_mkl25z4.o
TPM2_DriverIRQHandler                             ./startup/startup_mkl25z4.o
TPM2_IRQHandler                                   ./startup/startup_mkl25z4.o
TSI0_DriverIRQHandler                             ./startup/startup_mkl25z4.o
TSI0_IRQHandler                                   ./startup/startup_mkl25z4.o
TSI_Calibrate                                     ./drivers/fsl_tsi_v4.o
TSI_ClearStatusFlags                              ./drivers/fsl_tsi_v4.o
TSI_Deinit                                        ./drivers/fsl_tsi_v4.o
TSI_DisableInterrupts                             ./drivers/fsl_tsi_v4.o
TSI_EnableInterrupts                              ./drivers/fsl_tsi_v4.o
TSI_GetLowPowerModeDefaultConfig                  ./drivers/fsl_tsi_v4.o
TSI_GetNormalModeDefaultConfig                    ./drivers/fsl_tsi_v4.o
TSI_Init                                          ./drivers/fsl_tsi_v4.o
UART0_DriverIRQHandler                            ./drivers/fsl_lpsci.o
                                                  ./startup/startup_mkl25z4.o
UART0_IRQHandler                                  ./startup/startup_mkl25z4.o
UART1_DriverIRQHandler                            ./drivers/fsl_uart.o
                                                  ./startup/startup_mkl25z4.o
UART1_IRQHandler                                  ./startup/startup_mkl25z4.o
UART1_RX_TX_DriverIRQHandler                      ./drivers/fsl_uart.o
UART2_DriverIRQHandler                            ./drivers/fsl_uart.o
                                                  ./startup/startup_mkl25z4.o
UART2_IRQHandler                                  ./startup/startup_mkl25z4.o
UART2_RX_TX_DriverIRQHandler                      ./drivers/fsl_uart.o
UART_ClearStatusFlags                             ./drivers/fsl_uart.o
UART_Deinit                                       ./drivers/fsl_uart.o
                                                  ./utilities/fsl_debug_console.o
UART_DisableInterrupts                            ./drivers/fsl_uart.o
UART_EnableInterrupts                             ./drivers/fsl_uart.o
UART_GetDefaultConfig                             ./drivers/fsl_uart.o
                                                  ./utilities/fsl_debug_console.o
UART_GetEnabledInterrupts                         ./drivers/fsl_uart.o
UART_GetInstance                                  ./drivers/fsl_uart.o
UART_GetStatusFlags                               ./drivers/fsl_uart.o
UART_Init                                         ./drivers/fsl_uart.o
                                                  ./utilities/fsl_debug_console.o
UART_ReadBlocking                                 ./drivers/fsl_uart.o
                                                  ./utilities/fsl_debug_console.o
UART_SetBaudRate                                  ./drivers/fsl_uart.o
UART_TransferAbortReceive                         ./drivers/fsl_uart.o
UART_TransferAbortSend                            ./drivers/fsl_uart.o
UART_TransferCreateHandle                         ./drivers/fsl_uart.o
UART_TransferGetReceiveCount                      ./drivers/fsl_uart.o
UART_TransferGetSendCount                         ./drivers/fsl_uart.o
UART_TransferHandleErrorIRQ                       ./drivers/fsl_uart.o
UART_TransferHandleIRQ                            ./drivers/fsl_uart.o
UART_TransferReceiveNonBlocking                   ./drivers/fsl_uart.o
UART_TransferSendNonBlocking                      ./drivers/fsl_uart.o
UART_TransferStartRingBuffer                      ./drivers/fsl_uart.o
UART_TransferStopRingBuffer                       ./drivers/fsl_uart.o
UART_WriteBlocking                                ./drivers/fsl_uart.o
                                                  ./utilities/fsl_debug_console.o
USB0_DriverIRQHandler                             ./startup/startup_mkl25z4.o
USB0_IRQHandler                                   ./startup/startup_mkl25z4.o
_Csys_alloc                                       /usr/local/mcuxpressoide-11.2.0_4120/ide/plugins/com.nxp.mcuxpresso.tools.linux_11.2.0.202001021529/tools/bin/../lib/gcc/arm-none-eabi/9.2.1/../../../../arm-none-eabi/lib/thumb/v6-m/nofp/libcr_c.a(alloc.o)
                                                  /usr/local/mcuxpressoide-11.2.0_4120/ide/plugins/com.nxp.mcuxpresso.tools.linux_11.2.0.202001021529/tools/bin/../lib/gcc/arm-none-eabi/9.2.1/../../../../arm-none-eabi/lib/thumb/v6-m/nofp/libcr_c.a(_deferredlazyseek.o)
_Cwritebuf                                        /usr/local/mcuxpressoide-11.2.0_4120/ide/plugins/com.nxp.mcuxpresso.tools.linux_11.2.0.202001021529/tools/bin/../lib/gcc/arm-none-eabi/9.2.1/../../../../arm-none-eabi/lib/thumb/v6-m/nofp/libcr_c.a(_writebuf.o)
                                                  /usr/local/mcuxpressoide-11.2.0_4120/ide/plugins/com.nxp.mcuxpresso.tools.linux_11.2.0.202001021529/tools/bin/../lib/gcc/arm-none-eabi/9.2.1/../../../../arm-none-eabi/lib/thumb/v6-m/nofp/libcr_c.a(_deferredlazyseek.o)
                                                  /usr/local/mcuxpressoide-11.2.0_4120/ide/plugins/com.nxp.mcuxpresso.tools.linux_11.2.0.202001021529/tools/bin/../lib/gcc/arm-none-eabi/9.2.1/../../../../arm-none-eabi/lib/thumb/v6-m/nofp/libcr_c.a(_fflush.o)
__Ciob                                            /usr/local/mcuxpressoide-11.2.0_4120/ide/plugins/com.nxp.mcuxpresso.tools.linux_11.2.0.202001021529/tools/bin/../lib/gcc/arm-none-eabi/9.2.1/../../../../arm-none-eabi/lib/thumb/v6-m/nofp/libcr_nohost_nf.a(__ciob.o)
                                                  /usr/local/mcuxpressoide-11.2.0_4120/ide/plugins/com.nxp.mcuxpresso.tools.linux_11.2.0.202001021529/tools/bin/../lib/gcc/arm-none-eabi/9.2.1/../../../../arm-none-eabi/lib/thumb/v6-m/nofp/libcr_c.a(fflush.o)
                                                  /usr/local/mcuxpressoide-11.2.0_4120/ide/plugins/com.nxp.mcuxpresso.tools.linux_11.2.0.202001021529/tools/bin/../lib/gcc/arm-none-eabi/9.2.1/../../../../arm-none-eabi/lib/thumb/v6-m/nofp/libcr_c.a(initio.o)
__RAM_VECTOR_TABLE_SIZE_BYTES                     ./drivers/fsl_common.o
__VECTOR_RAM                                      ./drivers/fsl_common.o
__VECTOR_TABLE                                    ./drivers/fsl_common.o
__Vectors                                         ./startup/startup_mkl25z4.o
__aeabi_idiv                                      /usr/local/mcuxpressoide-11.2.0_4120/ide/plugins/com.nxp.mcuxpresso.tools.linux_11.2.0.202001021529/tools/bin/../lib/gcc/arm-none-eabi/9.2.1/thumb/v6-m/nofp/libcr_eabihelpers.a(division_32.o)
                                                  ./utilities/fsl_debug_console.o
__aeabi_idiv0                                     /usr/local/mcuxpressoide-11.2.0_4120/ide/plugins/com.nxp.mcuxpresso.tools.linux_11.2.0.202001021529/tools/bin/../lib/gcc/arm-none-eabi/9.2.1/thumb/v6-m/nofp/libcr_eabihelpers.a(division_idiv0.o)
                                                  /usr/local/mcuxpressoide-11.2.0_4120/ide/plugins/com.nxp.mcuxpresso.tools.linux_11.2.0.202001021529/tools/bin/../lib/gcc/arm-none-eabi/9.2.1/thumb/v6-m/nofp/libcr_eabihelpers.a(division_32.o)
__aeabi_idivmod                                   /usr/local/mcuxpressoide-11.2.0_4120/ide/plugins/com.nxp.mcuxpresso.tools.linux_11.2.0.202001021529/tools/bin/../lib/gcc/arm-none-eabi/9.2.1/thumb/v6-m/nofp/libcr_eabihelpers.a(division_32.o)
__aeabi_lowlevel_memset                           /usr/local/mcuxpressoide-11.2.0_4120/ide/plugins/com.nxp.mcuxpresso.tools.linux_11.2.0.202001021529/tools/bin/../lib/gcc/arm-none-eabi/9.2.1/thumb/v6-m/nofp/libcr_eabihelpers.a(memcpy.o)
                                                  /usr/local/mcuxpressoide-11.2.0_4120/ide/plugins/com.nxp.mcuxpresso.tools.linux_11.2.0.202001021529/tools/bin/../lib/gcc/arm-none-eabi/9.2.1/../../../../arm-none-eabi/lib/thumb/v6-m/nofp/libcr_c.a(memset.o)
__aeabi_memclr                                    /usr/local/mcuxpressoide-11.2.0_4120/ide/plugins/com.nxp.mcuxpresso.tools.linux_11.2.0.202001021529/tools/bin/../lib/gcc/arm-none-eabi/9.2.1/thumb/v6-m/nofp/libcr_eabihelpers.a(memcpy.o)