Archive member included to satisfy reference by file (symbol)

/usr/local/mcuxpressoide-11.2.0_4120/ide/plugins/com.nxp.mcuxpresso.tools.linux_11.2.0.202001021529/tools/bin/../lib/gcc/arm-none-eabi/9.2.1/../../../../arm-none-eabi/lib/thumb/v6-m/nofp/libcr_nohost_nf.a(_cr__main.o)
                              ./startup/startup_mkl25z4.o (__main)
/usr/local/mcuxpressoide-11.2.0_4120/ide/plugins/com.nxp.mcuxpresso.tools.linux_11.2.0.202001021529/tools/bin/../lib/gcc/arm-none-eabi/9.2.1/../../../../arm-none-eabi/lib/thumb/v6-m/nofp/libcr_c.a(memcpy.o)
                              ./source/Blinkenlights.o (memcpy)
/usr/local/mcuxpressoide-11.2.0_4120/ide/plugins/com.nxp.mcuxpresso.tools.linux_11.2.0.202001021529/tools/bin/../lib/gcc/arm-none-eabi/9.2.1/../../../../arm-none-eabi/lib/thumb/v6-m/nofp/libcr_c.a(memset.o)
                              ./drivers/fsl_flash.o (memset)
/usr/local/mcuxpressoide-11.2.0_4120/ide/plugins/com.nxp.mcuxpresso.tools.linux_11.2.0.202001021529/tools/bin/../lib/gcc/arm-none-eabi/9.2.1/../../../../arm-none-eabi/lib/thumb/v6-m/nofp/libcr_c.a(initio.o)
                              /usr/local/mcuxpressoide-11.2.0_4120/ide/plugins/com.nxp.mcuxpresso.tools.linux_11.2.0.202001021529/tools/bin/../lib/gcc/arm-none-eabi/9.2.1/../../../../arm-none-eabi/lib/thumb/v6-m/nofp/libcr_nohost_nf.a(_cr__main.o) (_initio)
/usr/local/mcuxpressoide-11.2.0_4120/ide/plugins/com.nxp.mcuxpresso.tools.linux_11.2.0.202001021529/tools/bin/../lib/gcc/arm-none-eabi/9.2.1/../../../../arm-none-eabi/lib/thumb/v6-m/nofp/libcr_c.a(setvbuf.o)
                              /usr/local/mcuxpressoide-11.2.0_4120/ide/plugins/com.nxp.mcuxpresso.tools.linux_11.2.0.202001021529/tools/bin/../lib/gcc/arm-none-eabi/9.2.1/../../../../arm-none-eabi/lib/thumb/v6-m/nofp/libcr_c.a(initio.o) (setvbuf)
/usr/local/mcuxpressoide-11.2.0_4120/ide/plugins/com.nxp.mcuxpresso.tools.linux_11.2.0.202001021529/tools/bin/../lib/gcc/arm-none-eabi/9.2.1/../../../../arm-none-eabi/lib/thumb/v6-m/nofp/libcr_c.a(strlen.o)
                              ./utilities/fsl_debug_console.o (strlen)
/usr/local/mcuxpressoide-11.2.0_4120/ide/plugins/com.nxp.mcuxpresso.tools.linux_11.2.0.202001021529/tools/bin/../lib/gcc/arm-none-eabi/9.2.1/../../../../arm-none-eabi/lib/thumb/v6-m/nofp/libcr_c.a(_fdopen.o)
                              /usr/local/mcuxpressoide-11.2.0_4120/ide/plugins/com.nxp.mcuxpresso.tools.linux_11.2.0.202001021529/tools/bin/../lib/gcc/arm-none-eabi/9.2.1/../../../../arm-none-eabi/lib/thumb/v6-m/nofp/libcr_c.a(initio.o) (_fdopen)
/usr/local/mcuxpressoide-11.2.0_4120/ide/plugins/com.nxp.mcuxpresso.tools.linux_11.2.0.202001021529/tools/bin/../lib/gcc/arm-none-eabi/9.2.1/../../../../arm-none-eabi/lib/thumb/v6-m/nofp/libcr_c.a(fclose.o)
                              /usr/local/mcuxpressoide-11.2.0_4120/ide/plugins/com.nxp.mcuxpresso.tools.linux_11.2.0.202001021529/tools/bin/../lib/gcc/arm-none-eabi/9.2.1/../../../../arm-none-eabi/lib/thumb/v6-m/nofp/libcr_c.a(initio.o) (fclose)
/usr/local/mcuxpressoide-11.2.0_4120/ide/plugins/com.nxp.mcuxpresso.tools.linux_11.2.0.202001021529/tools/bin/../lib/gcc/arm-none-eabi/9.2.1/../../../../arm-none-eabi/lib/thumb/v6-m/nofp/libcr_c.a(fflush.o)
                              /usr/local/mcuxpressoide-11.2.0_4120/ide/plugins/com.nxp.mcuxpresso.tools.linux_11.2.0.202001021529/tools/bin/../lib/gcc/arm-none-eabi/9.2.1/../../../../arm-none-eabi/lib/thumb/v6-m/nofp/libcr_c.a(fclose.o) (fflush)
/usr/local/mcuxpressoide-11.2.0_4120/ide/plugins/com.nxp.mcuxpresso.tools.linux_11.2.0.202001021529/tools/bin/../lib/gcc/arm-none-eabi/9.2.1/../../../../arm-none-eabi/lib/thumb/v6-m/nofp/libcr_c.a(fseek.o)
                              /usr/local/mcuxpressoide-11.2.0_4120/ide/plugins/com.nxp.mcuxpresso.tools.linux_11.2.0.202001021529/tools/bin/../lib/gcc/arm-none-eabi/9.2.1/../../../../arm-none-eabi/lib/thumb/v6-m/nofp/libcr_c.a(_fdopen.o) (fseek)
/usr/local/mcuxpressoide-11.2.0_4120/ide/plugins/com.nxp.mcuxpresso.tools.linux_11.2.0.202001021529/tools/bin/../lib/gcc/arm-none-eabi/9.2.1/../../../../arm-none-eabi/lib/thumb/v6-m/nofp/libcr_c.a(ftell.o)
                              /usr/local/mcuxpressoide-11.2.0_4120/ide/plugins/com.nxp.mcuxpresso.tools.linux_11.2.0.202001021529/tools/bin/../lib/gcc/arm-none-eabi/9.2.1/../../../../arm-none-eabi/lib/thumb/v6-m/nofp/libcr_c.a(fseek.o) (ftell)
/usr/local/mcuxpressoide-11.2.0_4120/ide/plugins/com.nxp.mcuxpresso.tools.linux_11.2.0.202001021529/tools/bin/../lib/gcc/arm-none-eabi/9.2.1/../../../../arm-none-eabi/lib/thumb/v6-m/nofp/libcr_c.a(remove.o)
                              /usr/local/mcuxpressoide-11.2.0_4120/ide/plugins/com.nxp.mcuxpresso.tools.linux_11.2.0.202001021529/tools/bin/../lib/gcc/arm-none-eabi/9.2.1/../../../../arm-none-eabi/lib/thumb/v6-m/nofp/libcr_c.a(fclose.o) (remove)
[...]
Memory Configuration

Name             Origin             Length             Attributes
PROGRAM_FLASH    0x0000000000000000 0x0000000000020000 xr
SRAM             0x000000001ffff000 0x0000000000004000 xrw
*default*        0x0000000000000000 0xffffffffffffffff

Linker script and memory map

LOAD ./utilities/fsl_debug_console.o
LOAD ./startup/startup_mkl25z4.o
LOAD ./source/Blinkenlights.o
LOAD ./source/cap_sensor.o
LOAD ./source/delay.o
LOAD ./source/led.o
LOAD ./source/mtb.o
LOAD ./source/semihost_hardfault.o
LOAD ./drivers/fsl_clock.o
LOAD ./drivers/fsl_common.o
LOAD ./drivers/fsl_flash.o
LOAD ./drivers/fsl_gpio.o
LOAD ./drivers/fsl_lpsci.o
LOAD ./drivers/fsl_smc.o
LOAD ./drivers/fsl_tsi_v4.o
LOAD ./drivers/fsl_uart.o
LOAD ./board/board.o
LOAD ./board/clock_config.o
LOAD ./board/peripherals.o
LOAD ./board/pin_mux.o
LOAD ./CMSIS/system_MKL25Z4.o
START GROUP
LOAD /usr/local/mcuxpressoide-11.2.0_4120/ide/plugins/com.nxp.mcuxpresso.tools.linux_11.2.0.202001021529/tools/bin/../lib/gcc/arm-none-eabi/9.2.1/../../../../arm-none-eabi/lib/thumb/v6-m/nofp/libcr_nohost_nf.a
LOAD /usr/local/mcuxpressoide-11.2.0_4120/ide/plugins/com.nxp.mcuxpresso.tools.linux_11.2.0.202001021529/tools/bin/../lib/gcc/arm-none-eabi/9.2.1/../../../../arm-none-eabi/lib/thumb/v6-m/nofp/libcr_c.a
LOAD /usr/local/mcuxpressoide-11.2.0_4120/ide/plugins/com.nxp.mcuxpresso.tools.linux_11.2.0.202001021529/tools/bin/../lib/gcc/arm-none-eabi/9.2.1/thumb/v6-m/nofp/libcr_eabihelpers.a
LOAD /usr/local/mcuxpressoide-11.2.0_4120/ide/plugins/com.nxp.mcuxpresso.tools.linux_11.2.0.202001021529/tools/bin/../lib/gcc/arm-none-eabi/9.2.1/thumb/v6-m/nofp/libgcc.a
END GROUP
                0x0000000000000000                __base_PROGRAM_FLASH = 0x0
                0x0000000000000000                __base_Flash = 0x0
                0x0000000000020000                __top_PROGRAM_FLASH = 0x20000
                0x0000000000020000                __top_Flash = 0x20000
                0x000000001ffff000                __base_SRAM = 0x1ffff000
                0x000000001ffff000                __base_RAM = 0x1ffff000
                0x0000000020003000                __top_SRAM = 0x20003000
                0x0000000020003000                __top_RAM = 0x20003000

.text           0x0000000000000000     0x16a8
 FILL mask 0xff
                0x0000000000000000                __vectors_start__ = ABSOLUTE (.)
 *(SORT_BY_ALIGNMENT(.isr_vector))
 .isr_vector    0x0000000000000000       0xc0 ./startup/startup_mkl25z4.o
                0x0000000000000000                __Vectors
                0x0000000000000000                g_pfnVectors
                0x00000000000000c0                . = ALIGN (0x4)
                0x00000000000000c0                __section_table_start = .
                0x00000000000000c0                __data_section_table = .
                0x00000000000000c0        0x4 LONG 0x16a8 LOADADDR (.data)
                0x00000000000000c4        0x4 LONG 0x1ffff080 ADDR (.data)
                0x00000000000000c8        0x4 LONG 0x8 SIZEOF (.data)
                0x00000000000000cc                __data_section_table_end = .
                0x00000000000000cc                __bss_section_table = .
                0x00000000000000cc        0x4 LONG 0x1ffff088 ADDR (.bss)
                0x00000000000000d0        0x4 LONG 0xe8 SIZEOF (.bss)
                0x00000000000000d4                __bss_section_table_end = .
                0x00000000000000d4                __section_table_end = .
 *(SORT_BY_ALIGNMENT(.after_vectors*))
 .after_vectors.reset
                0x00000000000000d4       0x44 ./startup/startup_mkl25z4.o
                0x00000000000000d4                ResetISR
 .after_vectors
                0x0000000000000118      0x10c ./startup/startup_mkl25z4.o
                0x0000000000000118                NMI_Handler
                0x000000000000011c                SVC_Handler
                0x000000000000011e                PendSV_Handler
                0x0000000000000120                SysTick_Handler
                0x0000000000000122                PIT_DriverIRQHandler
                0x0000000000000122                Reserved39_DriverIRQHandler
                0x0000000000000122                DMA0_DriverIRQHandler
                0x0000000000000122                SPI1_DriverIRQHandler
                0x0000000000000122                LPTMR0_DriverIRQHandler
                0x0000000000000122                TPM2_DriverIRQHandler
                0x0000000000000122                TSI0_DriverIRQHandler
                0x0000000000000122                RTC_Seconds_DriverIRQHandler
                0x0000000000000122                LLWU_DriverIRQHandler
                0x0000000000000122                MCG_DriverIRQHandler
                0x0000000000000122                FTFA_DriverIRQHandler
                0x0000000000000122                IntDefaultHandler
                0x0000000000000122                USB0_DriverIRQHandler
                0x0000000000000122                DAC0_DriverIRQHandler
                0x0000000000000122                LVD_LVW_DriverIRQHandler
                0x0000000000000122                TPM0_DriverIRQHandler
                0x0000000000000122                Reserved20_DriverIRQHandler
                0x0000000000000122                DMA3_DriverIRQHandler
                0x0000000000000122                Reserved45_DriverIRQHandler
                0x0000000000000122                PORTA_DriverIRQHandler
                0x0000000000000122                TPM1_DriverIRQHandler
                0x0000000000000122                RTC_DriverIRQHandler
                0x0000000000000122                DMA1_DriverIRQHandler
                0x0000000000000122                I2C1_DriverIRQHandler
                0x0000000000000122                SPI0_DriverIRQHandler
                0x0000000000000122                ADC0_DriverIRQHandler
                0x0000000000000122                CMP0_DriverIRQHandler
                0x0000000000000122                DMA2_DriverIRQHandler
                0x0000000000000122                PORTD_DriverIRQHandler
                0x0000000000000122                I2C0_DriverIRQHandler
                0x0000000000000124                DMA0_IRQHandler
                0x000000000000012c                DMA1_IRQHandler
                0x0000000000000134                DMA2_IRQHandler
                0x000000000000013c                DMA3_IRQHandler
                0x0000000000000144                Reserved20_IRQHandler
                0x000000000000014c                FTFA_IRQHandler
                0x0000000000000154                LVD_LVW_IRQHandler
                0x000000000000015c                LLWU_IRQHandler
                0x0000000000000164                I2C0_IRQHandler
                0x000000000000016c                I2C1_IRQHandler
                0x0000000000000174                SPI0_IRQHandler
                0x000000000000017c                SPI1_IRQHandler
                0x0000000000000184                UART0_IRQHandler
                0x000000000000018c                UART1_IRQHandler
                0x0000000000000194                UART2_IRQHandler
                0x000000000000019c                ADC0_IRQHandler
                0x00000000000001a4                CMP0_IRQHandler
                0x00000000000001ac                TPM0_IRQHandler
                0x00000000000001b4                TPM1_IRQHandler
                0x00000000000001bc                TPM2_IRQHandler
                0x00000000000001c4                RTC_IRQHandler
                0x00000000000001cc                RTC_Seconds_IRQHandler
                0x00000000000001d4                PIT_IRQHandler
                0x00000000000001dc                Reserved39_IRQHandler
                0x00000000000001e4                USB0_IRQHandler
                0x00000000000001ec                DAC0_IRQHandler
                0x00000000000001f4                TSI0_IRQHandler
                0x00000000000001fc                MCG_IRQHandler
                0x0000000000000204                LPTMR0_IRQHandler
                0x000000000000020c                Reserved45_IRQHandler
                0x0000000000000214                PORTA_IRQHandler
                0x000000000000021c                PORTD_IRQHandler
 .after_vectors.init_data
                0x0000000000000224       0x16 ./startup/startup_mkl25z4.o
                0x0000000000000224                data_init
 .after_vectors.init_bss
                0x000000000000023a       0x14 ./startup/startup_mkl25z4.o
                0x000000000000023a                bss_init
                0x0000000000000400                . = 0x400
 *fill*         0x000000000000024e      0x1b2 ff
                0x0000000000000400                PROVIDE (__FLASH_CONFIG_START__ = .)
 *(SORT_BY_ALIGNMENT(.FlashConfig))
 .FlashConfig   0x0000000000000400       0x10 ./startup/startup_mkl25z4.o
                0x0000000000000400                Flash_Config
                0x0000000000000410                PROVIDE (__FLASH_CONFIG_END__ = .)
                0x0000000000000001                ASSERT (! ((__FLASH_CONFIG_START__ == __FLASH_CONFIG_END__)), Linker Flash Config Support Enabled, but no .FlashConfig section provided within application)
 *(SORT_BY_ALIGNMENT(.text*))
 .text.DbgConsole_Init
                0x0000000000000410       0x9c ./utilities/fsl_debug_console.o
                0x0000000000000410                DbgConsole_Init
 .text.startup.main
                0x00000000000004ac       0xa0 ./source/Blinkenlights.o
                0x00000000000004ac                main
 .text.CAP_Init
                0x000000000000054c       0x24 ./source/cap_sensor.o
                0x000000000000054c                CAP_Init
 .text.CAP_Scan
                0x0000000000000570       0x2c ./source/cap_sensor.o
                0x0000000000000570                CAP_Scan
 .text.conditional_Delay
                0x000000000000059c       0x40 ./source/delay.o
                0x000000000000059c                conditional_Delay
 .text.LED_Init
                0x00000000000005dc       0x70 ./source/led.o
                0x00000000000005dc                LED_Init
 .text.LED_Control
                0x000000000000064c       0x38 ./source/led.o
                0x000000000000064c                LED_Control
 .text.LED_Startup
                0x0000000000000684       0xe8 ./source/led.o
                0x0000000000000684                LED_Startup
 .text.helper_COLOR
                0x000000000000076c       0x84 ./source/led.o
                0x000000000000076c                helper_COLOR
 .text.HardFault_Handler
                0x00000000000007f0       0x2c ./source/semihost_hardfault.o
                0x00000000000007f0                HardFault_Handler
 .text.CLOCK_GetFllExtRefClkFreq
                0x000000000000081c       0x3c ./drivers/fsl_clock.o
 .text.CLOCK_SetSimConfig
                0x0000000000000858       0x4c ./drivers/fsl_clock.o
                0x0000000000000858                CLOCK_SetSimConfig
 .text.CLOCK_GetFllFreq
                0x00000000000008a4       0x4c ./drivers/fsl_clock.o
                0x00000000000008a4                CLOCK_GetFllFreq
 .text.CLOCK_GetPll0Freq
                0x00000000000008f0       0x34 ./drivers/fsl_clock.o
                0x00000000000008f0                CLOCK_GetPll0Freq
 .text.CLOCK_GetPllFllSelClkFreq
                0x0000000000000924       0x24 ./drivers/fsl_clock.o
                0x0000000000000924                CLOCK_GetPllFllSelClkFreq
 .text.CLOCK_SetInternalRefClkConfig
                0x0000000000000948       0x74 ./drivers/fsl_clock.o
                0x0000000000000948                CLOCK_SetInternalRefClkConfig
 .text.CLOCK_EnablePll0
                0x00000000000009bc       0x30 ./drivers/fsl_clock.o
                0x00000000000009bc                CLOCK_EnablePll0
 .text.CLOCK_InitOsc0
                0x00000000000009ec       0x68 ./drivers/fsl_clock.o
                0x00000000000009ec                CLOCK_InitOsc0
 .text.CLOCK_SetPbeMode
                0x0000000000000a54       0x50 ./drivers/fsl_clock.o
                0x0000000000000a54                CLOCK_SetPbeMode
 .text.CLOCK_BootToPeeMode
                0x0000000000000aa4       0x2c ./drivers/fsl_clock.o
                0x0000000000000aa4                CLOCK_BootToPeeMode
 .text.LPSCI_Init
                0x0000000000000ad0      0x12c ./drivers/fsl_lpsci.o
                0x0000000000000ad0                LPSCI_Init
 .text.LPSCI_ClearStatusFlags
                0x0000000000000bfc       0x54 ./drivers/fsl_lpsci.o
                0x0000000000000bfc                LPSCI_ClearStatusFlags
 .text.LPSCI_ReadBlocking
                0x0000000000000c50       0x78 ./drivers/fsl_lpsci.o
                0x0000000000000c50                LPSCI_ReadBlocking
 .text.UART0_DriverIRQHandler
                0x0000000000000cc8       0x1c ./drivers/fsl_lpsci.o
                0x0000000000000cc8                UART0_DriverIRQHandler
 .text.UART_GetInstance
                0x0000000000000ce4       0x24 ./drivers/fsl_uart.o
                0x0000000000000ce4                UART_GetInstance
 .text.UART_Init
                0x0000000000000d08       0xe4 ./drivers/fsl_uart.o
                0x0000000000000d08                UART_Init
 .text.UART_ReadBlocking
                0x0000000000000dec       0x60 ./drivers/fsl_uart.o
                0x0000000000000dec                UART_ReadBlocking
 .text.UART1_DriverIRQHandler
                0x0000000000000e4c       0x1c ./drivers/fsl_uart.o
                0x0000000000000e4c                UART1_DriverIRQHandler
 .text.UART2_DriverIRQHandler
                0x0000000000000e68       0x1c ./drivers/fsl_uart.o
                0x0000000000000e68                UART2_DriverIRQHandler
 .text.BOARD_InitDebugConsole
                0x0000000000000e84       0x38 ./board/board.o
                0x0000000000000e84                BOARD_InitDebugConsole
 .text.BOARD_BootClockRUN
                0x0000000000000ebc       0x70 ./board/clock_config.o
                0x0000000000000ebc                BOARD_BootClockRUN
 .text.BOARD_InitPins
                0x0000000000000f2c       0x80 ./board/pin_mux.o
                0x0000000000000f2c                BOARD_InitPins
 .text.SystemInit
                0x0000000000000fac       0x10 ./CMSIS/system_MKL25Z4.o
                0x0000000000000fac                SystemInit
 .text._initio  0x0000000000000fbc       0x7c /usr/local/mcuxpressoide-11.2.0_4120/ide/plugins/com.nxp.mcuxpresso.tools.linux_11.2.0.202001021529/tools/bin/../lib/gcc/arm-none-eabi/9.2.1/../../../../arm-none-eabi/lib/thumb/v6-m/nofp/libcr_c.a(initio.o)
                0x0000000000000fbc                _initio
 .text.setvbuf  0x0000000000001038       0x4c /usr/local/mcuxpressoide-11.2.0_4120/ide/plugins/com.nxp.mcuxpresso.tools.linux_11.2.0.202001021529/tools/bin/../lib/gcc/arm-none-eabi/9.2.1/../../../../arm-none-eabi/lib/thumb/v6-m/nofp/libcr_c.a(setvbuf.o)
                0x0000000000001038                setvbuf
 .text.strlen   0x0000000000001084       0x58 /usr/local/mcuxpressoide-11.2.0_4120/ide/plugins/com.nxp.mcuxpresso.tools.linux_11.2.0.202001021529/tools/bin/../lib/gcc/arm-none-eabi/9.2.1/../../../../arm-none-eabi/lib/thumb/v6-m/nofp/libcr_c.a(strlen.o)
                0x0000000000001084                strlen
 .text._fdopen  0x00000000000010dc       0x74 /usr/local/mcuxpressoide-11.2.0_4120/ide/plugins/com.nxp.mcuxpresso.tools.linux_11.2.0.202001021529/tools/bin/../lib/gcc/arm-none-eabi/9.2.1/../../../../arm-none-eabi/lib/thumb/v6-m/nofp/libcr_c.a(_fdopen.o)
                0x00000000000010dc                _fdopen
 .text.fclose   0x0000000000001150       0x5c /usr/local/mcuxpressoide-11.2.0_4120/ide/plugins/com.nxp.mcuxpresso.tools.linux_11.2.0.202001021529/tools/bin/../lib/gcc/arm-none-eabi/9.2.1/../../../../arm-none-eabi/lib/thumb/v6-m/nofp/libcr_c.a(fclose.o)
                0x0000000000001150                fclose
 .text.fflush   0x00000000000011ac       0x44 /usr/local/mcuxpressoide-11.2.0_4120/ide/plugins/com.nxp.mcuxpresso.tools.linux_11.2.0.202001021529/tools/bin/../lib/gcc/arm-none-eabi/9.2.1/../../../../arm-none-eabi/lib/thumb/v6-m/nofp/libcr_c.a(fflush.o)
                0x00000000000011ac                fflush
 .text.fseek    0x00000000000011f0       0xf4 /usr/local/mcuxpressoide-11.2.0_4120/ide/plugins/com.nxp.mcuxpresso.tools.linux_11.2.0.202001021529/tools/bin/../lib/gcc/arm-none-eabi/9.2.1/../../../../arm-none-eabi/lib/thumb/v6-m/nofp/libcr_c.a(fseek.o)
                0x00000000000011f0                fseek
 .text.ftell    0x00000000000012e4       0x48 /usr/local/mcuxpressoide-11.2.0_4120/ide/plugins/com.nxp.mcuxpresso.tools.linux_11.2.0.202001021529/tools/bin/../lib/gcc/arm-none-eabi/9.2.1/../../../../arm-none-eabi/lib/thumb/v6-m/nofp/libcr_c.a(ftell.o)
                0x00000000000012e4                ftell
 .text._do_fflush
                0x000000000000132c       0x48 /usr/local/mcuxpressoide-11.2.0_4120/ide/plugins/com.nxp.mcuxpresso.tools.linux_11.2.0.202001021529/tools/bin/../lib/gcc/arm-none-eabi/9.2.1/../../../../arm-none-eabi/lib/thumb/v6-m/nofp/libcr_c.a(_do_fflush.o)
                0x000000000000132c                _do_fflush
 .text._fflush  0x0000000000001374       0x60 /usr/local/mcuxpressoide-11.2.0_4120/ide/plugins/com.nxp.mcuxpresso.tools.linux_11.2.0.202001021529/tools/bin/../lib/gcc/arm-none-eabi/9.2.1/../../../../arm-none-eabi/lib/thumb/v6-m/nofp/libcr_c.a(_fflush.o)
                0x0000000000001374                _fflush
 .text._Cwritebuf
                0x00000000000013d4       0x68 /usr/local/mcuxpressoide-11.2.0_4120/ide/plugins/com.nxp.mcuxpresso.tools.linux_11.2.0.202001021529/tools/bin/../lib/gcc/arm-none-eabi/9.2.1/../../../../arm-none-eabi/lib/thumb/v6-m/nofp/libcr_c.a(_writebuf.o)
                0x00000000000013d4                _Cwritebuf
 .text._deferredlazyseek
                0x000000000000143c       0x40 /usr/local/mcuxpressoide-11.2.0_4120/ide/plugins/com.nxp.mcuxpresso.tools.linux_11.2.0.202001021529/tools/bin/../lib/gcc/arm-none-eabi/9.2.1/../../../../arm-none-eabi/lib/thumb/v6-m/nofp/libcr_c.a(_deferredlazyseek.o)
                0x000000000000143c                _deferredlazyseek
 .text.Delay    0x000000000000147c       0x1c ./source/delay.o
                0x000000000000147c                Delay
 .text.LPSCI_GetDefaultConfig
                0x0000000000001498        0xc ./drivers/fsl_lpsci.o
                0x0000000000001498                LPSCI_GetDefaultConfig
 .text.LPSCI_WriteBlocking
                0x00000000000014a4       0x18 ./drivers/fsl_lpsci.o
                0x00000000000014a4                LPSCI_WriteBlocking
 .text.UART_GetDefaultConfig
                0x00000000000014bc        0xc ./drivers/fsl_uart.o
                0x00000000000014bc                UART_GetDefaultConfig
 .text.UART_WriteBlocking
                0x00000000000014c8       0x18 ./drivers/fsl_uart.o
                0x00000000000014c8                UART_WriteBlocking
 .text.BOARD_InitBootClocks
                0x00000000000014e0        0x8 ./board/clock_config.o
                0x00000000000014e0                BOARD_InitBootClocks
 .text.BOARD_InitBootPeripherals
                0x00000000000014e8        0x2 ./board/peripherals.o
                0x00000000000014e8                BOARD_InitBootPeripherals
 .text.BOARD_InitBootPins
                0x00000000000014ea        0x8 ./board/pin_mux.o
                0x00000000000014ea                BOARD_InitBootPins
 .text.__main   0x00000000000014f2        0xc /usr/local/mcuxpressoide-11.2.0_4120/ide/plugins/com.nxp.mcuxpresso.tools.linux_11.2.0.202001021529/tools/bin/../lib/gcc/arm-none-eabi/9.2.1/../../../../arm-none-eabi/lib/thumb/v6-m/nofp/libcr_nohost_nf.a(_cr__main.o)
                0x00000000000014f2                __main
 .text.memcpy   0x00000000000014fe        0x8 /usr/local/mcuxpressoide-11.2.0_4120/ide/plugins/com.nxp.mcuxpresso.tools.linux_11.2.0.202001021529/tools/bin/../lib/gcc/arm-none-eabi/9.2.1/../../../../arm-none-eabi/lib/thumb/v6-m/nofp/libcr_c.a(memcpy.o)
                0x00000000000014fe                memcpy
 .text.memset   0x0000000000001506        0x8 /usr/local/mcuxpressoide-11.2.0_4120/ide/plugins/com.nxp.mcuxpresso.tools.linux_11.2.0.202001021529/tools/bin/../lib/gcc/arm-none-eabi/9.2.1/../../../../arm-none-eabi/lib/thumb/v6-m/nofp/libcr_c.a(memset.o)
                0x0000000000001506                memset
 .text.remove   0x000000000000150e       0x12 /usr/local/mcuxpressoide-11.2.0_4120/ide/plugins/com.nxp.mcuxpresso.tools.linux_11.2.0.202001021529/tools/bin/../lib/gcc/arm-none-eabi/9.2.1/../../../../arm-none-eabi/lib/thumb/v6-m/nofp/libcr_c.a(remove.o)
                0x000000000000150e                remove
 .text.free     0x0000000000001520       0x2c /usr/local/mcuxpressoide-11.2.0_4120/ide/plugins/com.nxp.mcuxpresso.tools.linux_11.2.0.202001021529/tools/bin/../lib/gcc/arm-none-eabi/9.2.1/../../../../arm-none-eabi/lib/thumb/v6-m/nofp/libcr_c.a(alloc.o)
                0x0000000000001520                free
 .text.__aeabi_division_idivmod
                0x000000000000154c       0x78 /usr/local/mcuxpressoide-11.2.0_4120/ide/plugins/com.nxp.mcuxpresso.tools.linux_11.2.0.202001021529/tools/bin/../lib/gcc/arm-none-eabi/9.2.1/thumb/v6-m/nofp/libcr_eabihelpers.a(division_32.o)
                0x000000000000154c                __aeabi_idiv
                0x000000000000154c                __aeabi_idivmod
                0x0000000000001552                __aeabi_uidiv
                0x0000000000001552                __aeabi_uidivmod
 .text.__aeabi_division_idiv0
                0x00000000000015c4        0x2 /usr/local/mcuxpressoide-11.2.0_4120/ide/plugins/com.nxp.mcuxpresso.tools.linux_11.2.0.202001021529/tools/bin/../lib/gcc/arm-none-eabi/9.2.1/thumb/v6-m/nofp/libcr_eabihelpers.a(division_idiv0.o)
                0x00000000000015c4                __aeabi_idiv0
 .text.__aeabi_memcpy
                0x00000000000015c6       0x2c /usr/local/mcuxpressoide-11.2.0_4120/ide/plugins/com.nxp.mcuxpresso.tools.linux_11.2.0.202001021529/tools/bin/../lib/gcc/arm-none-eabi/9.2.1/thumb/v6-m/nofp/libcr_eabihelpers.a(memcpy.o)
                0x00000000000015c6                __aeabi_memcpy
                0x00000000000015c6                __aeabi_memcpy4
                0x00000000000015c6                __aeabi_memcpy8
 .text.__aeabi_memset_lowlevel
                0x00000000000015f2       0x2a /usr/local/mcuxpressoide-11.2.0_4120/ide/plugins/com.nxp.mcuxpresso.tools.linux_11.2.0.202001021529/tools/bin/../lib/gcc/arm-none-eabi/9.2.1/thumb/v6-m/nofp/libcr_eabihelpers.a(memcpy.o)
                0x00000000000015f2                __aeabi_lowlevel_memset
 .text.__sys_close
                0x000000000000161c        0x6 /usr/local/mcuxpressoide-11.2.0_4120/ide/plugins/com.nxp.mcuxpresso.tools.linux_11.2.0.202001021529/tools/bin/../lib/gcc/arm-none-eabi/9.2.1/../../../../arm-none-eabi/lib/thumb/v6-m/nofp/libcr_nohost_nf.a(__sys_close.o)
                0x000000000000161c                __sys_close
 .text.__sys_flen
                0x0000000000001622        0x6 /usr/local/mcuxpressoide-11.2.0_4120/ide/plugins/com.nxp.mcuxpresso.tools.linux_11.2.0.202001021529/tools/bin/../lib/gcc/arm-none-eabi/9.2.1/../../../../arm-none-eabi/lib/thumb/v6-m/nofp/libcr_nohost_nf.a(__sys_flen.o)
                0x0000000000001622                __sys_flen
 .text.__sys_istty
                0x0000000000001628        0x6 /usr/local/mcuxpressoide-11.2.0_4120/ide/plugins/com.nxp.mcuxpresso.tools.linux_11.2.0.202001021529/tools/bin/../lib/gcc/arm-none-eabi/9.2.1/../../../../arm-none-eabi/lib/thumb/v6-m/nofp/libcr_nohost_nf.a(__sys_istty.o)
                0x0000000000001628                __sys_istty
 .text.__sys_remove
                0x000000000000162e        0x6 /usr/local/mcuxpressoide-11.2.0_4120/ide/plugins/com.nxp.mcuxpresso.tools.linux_11.2.0.202001021529/tools/bin/../lib/gcc/arm-none-eabi/9.2.1/../../../../arm-none-eabi/lib/thumb/v6-m/nofp/libcr_nohost_nf.a(__sys_remove.o)
                0x000000000000162e                __sys_remove
 .text.__sys_seek
                0x0000000000001634        0x6 /usr/local/mcuxpressoide-11.2.0_4120/ide/plugins/com.nxp.mcuxpresso.tools.linux_11.2.0.202001021529/tools/bin/../lib/gcc/arm-none-eabi/9.2.1/../../../../arm-none-eabi/lib/thumb/v6-m/nofp/libcr_nohost_nf.a(__sys_seek.o)
                0x0000000000001634                __sys_seek
 .text.__sys_tmpnam
                0x000000000000163a        0x6 /usr/local/mcuxpressoide-11.2.0_4120/ide/plugins/com.nxp.mcuxpresso.tools.linux_11.2.0.202001021529/tools/bin/../lib/gcc/arm-none-eabi/9.2.1/../../../../arm-none-eabi/lib/thumb/v6-m/nofp/libcr_nohost_nf.a(__sys_tmpnam.o)
                0x000000000000163a                __sys_tmpnam
 .text.__sys_write
                0x0000000000001640        0x4 /usr/local/mcuxpressoide-11.2.0_4120/ide/plugins/com.nxp.mcuxpresso.tools.linux_11.2.0.202001021529/tools/bin/../lib/gcc/arm-none-eabi/9.2.1/../../../../arm-none-eabi/lib/thumb/v6-m/nofp/libcr_nohost_nf.a(__sys_write.o)
                0x0000000000001640                __sys_write
 *(SORT_BY_ALIGNMENT(.rodata) SORT_BY_ALIGNMENT(.rodata.*) SORT_BY_ALIGNMENT(.constdata) SORT_BY_ALIGNMENT(.constdata.*))
 .rodata.delay100MSECLoopUp
                0x0000000000001644       0x10 ./source/Blinkenlights.o
 .rodata.delayLoopUp
                0x0000000000001654       0x10 ./source/Blinkenlights.o
 .rodata.s_uartClock
                0x0000000000001664        0xc ./drivers/fsl_uart.o
 .rodata.oscConfig_BOARD_BootClockRUN
                0x0000000000001670        0x8 ./board/clock_config.o
                0x0000000000001670                oscConfig_BOARD_BootClockRUN
 .rodata.simConfig_BOARD_BootClockRUN
                0x0000000000001678        0x8 ./board/clock_config.o
                0x0000000000001678                simConfig_BOARD_BootClockRUN
 .rodata.__num_Ciob_streams
                0x0000000000001680        0x4 /usr/local/mcuxpressoide-11.2.0_4120/ide/plugins/com.nxp.mcuxpresso.tools.linux_11.2.0.202001021529/tools/bin/../lib/gcc/arm-none-eabi/9.2.1/../../../../arm-none-eabi/lib/thumb/v6-m/nofp/libcr_nohost_nf.a(__ciob.o)
                0x0000000000001680                __num_Ciob_streams
 .rodata.fllFactorTable.5210
                0x0000000000001684       0x10 ./drivers/fsl_clock.o
 .rodata        0x0000000000001694        0x3 ./source/Blinkenlights.o
 .rodata.mcgConfig_BOARD_BootClockRUN
                0x0000000000001697        0xa ./board/clock_config.o
                0x0000000000001697                mcgConfig_BOARD_BootClockRUN
 .rodata._initio.str1.1
                0x00000000000016a1        0x4 /usr/local/mcuxpressoide-11.2.0_4120/ide/plugins/com.nxp.mcuxpresso.tools.linux_11.2.0.202001021529/tools/bin/../lib/gcc/arm-none-eabi/9.2.1/../../../../arm-none-eabi/lib/thumb/v6-m/nofp/libcr_c.a(initio.o)
                0x00000000000016a8                . = ALIGN (0x4)
 *fill*         0x00000000000016a5        0x3 ff

.glue_7         0x00000000000016a8        0x0
 .glue_7        0x00000000000016a8        0x0 linker stubs

.glue_7t        0x00000000000016a8        0x0
 .glue_7t       0x00000000000016a8        0x0 linker stubs

.vfp11_veneer   0x00000000000016a8        0x0
 .vfp11_veneer  0x00000000000016a8        0x0 linker stubs

.v4_bx          0x00000000000016a8        0x0
 .v4_bx         0x00000000000016a8        0x0 linker stubs

.iplt           0x00000000000016a8        0x0
 .iplt          0x00000000000016a8        0x0 ./utilities/fsl_debug_console.o

.rel.dyn        0x00000000000016a8        0x0
 .rel.iplt      0x00000000000016a8        0x0 ./utilities/fsl_debug_console.o

.ARM.extab
 *(SORT_BY_ALIGNMENT(.ARM.extab*) SORT_BY_ALIGNMENT(.gnu.linkonce.armextab.*))

.ARM.exidx      0x00000000000016a8        0x0
                0x00000000000016a8                __exidx_start = .
 *(SORT_BY_ALIGNMENT(.ARM.exidx*) SORT_BY_ALIGNMENT(.gnu.linkonce.armexidx.*))
                0x00000000000016a8                __exidx_end = .
                0x00000000000016a8                _etext = .

.m_usb_data
 *(SORT_BY_ALIGNMENT(m_usb_bdt))

.mtb_buffer_default
                0x000000001ffff000       0x80
 *(SORT_BY_ALIGNMENT(.mtb*))
 .mtb.$RAM1     0x000000001ffff000       0x80 ./source/mtb.o
                0x000000001ffff000                __mtb_buffer__

.uninit_RESERVED
                0x000000001ffff080        0x0
                0x000000001ffff080                _start_uninit_RESERVED = .
 *(SORT_BY_ALIGNMENT(.bss.$RESERVED*))
                0x000000001ffff080                . = ALIGN (0x4)
                0x000000001ffff080                _end_uninit_RESERVED = .

.data           0x000000001ffff080        0x8 load address 0x00000000000016a8
 FILL mask 0xff
                0x000000001ffff080                _data = .
                [!provide]                        PROVIDE (__start_data_RAM = .)
                [!provide]                        PROVIDE (__start_data_SRAM = .)
 *(SORT_BY_ALIGNMENT(vtable))
 *(SORT_BY_ALIGNMENT(.ramfunc*))
 *(SORT_BY_ALIGNMENT(CodeQuickAccess))
 *(SORT_BY_ALIGNMENT(DataQuickAccess))
 *(SORT_BY_ALIGNMENT(RamFunction))
 *(SORT_BY_ALIGNMENT(.data*))
 .data.s_slowIrcFreq
                0x000000001ffff080        0x4 ./drivers/fsl_clock.o
 .data.SystemCoreClock
                0x000000001ffff084        0x4 ./CMSIS/system_MKL25Z4.o
                0x000000001ffff084                SystemCoreClock
                0x000000001ffff088                . = ALIGN (0x4)
                0x000000001ffff088                _edata = .
                [!provide]                        PROVIDE (__end_data_RAM = .)
                [!provide]                        PROVIDE (__end_data_SRAM = .)

.igot.plt       0x000000001ffff088        0x0 load address 0x00000000000016b0
 .igot.plt      0x000000001ffff088        0x0 ./utilities/fsl_debug_console.o

.bss            0x000000001ffff088       0xe8
                0x000000001ffff088                _bss = .
                [!provide]                        PROVIDE (__start_bss_RAM = .)
                [!provide]                        PROVIDE (__start_bss_SRAM = .)
 *(SORT_BY_ALIGNMENT(.bss*))
 .bss.s_debugConsole
                0x000000001ffff088       0x10 ./utilities/fsl_debug_console.o
 .bss.g_xtal0Freq
                0x000000001ffff098        0x4 ./drivers/fsl_clock.o
                0x000000001ffff098                g_xtal0Freq
 .bss.s_lpsciHandle
                0x000000001ffff09c        0x4 ./drivers/fsl_lpsci.o
 .bss.s_lpsciIsr
                0x000000001ffff0a0        0x4 ./drivers/fsl_lpsci.o
 .bss.s_uartHandle
                0x000000001ffff0a4        0xc ./drivers/fsl_uart.o
 .bss.s_uartIsr
                0x000000001ffff0b0        0x4 ./drivers/fsl_uart.o
 .bss.errno     0x000000001ffff0b4        0x4 /usr/local/mcuxpressoide-11.2.0_4120/ide/plugins/com.nxp.mcuxpresso.tools.linux_11.2.0.202001021529/tools/bin/../lib/gcc/arm-none-eabi/9.2.1/../../../../arm-none-eabi/lib/thumb/v6-m/nofp/libcr_c.a(errno.o)
                0x000000001ffff0b4                errno
 .bss.__Ciob    0x000000001ffff0b8       0xb4 /usr/local/mcuxpressoide-11.2.0_4120/ide/plugins/com.nxp.mcuxpresso.tools.linux_11.2.0.202001021529/tools/bin/../lib/gcc/arm-none-eabi/9.2.1/../../../../arm-none-eabi/lib/thumb/v6-m/nofp/libcr_nohost_nf.a(__ciob.o)
                0x000000001ffff0b8                __Ciob
 .bss.next_state
                0x000000001ffff16c        0x1 ./source/Blinkenlights.o
 *(SORT_BY_ALIGNMENT(COMMON))
                0x000000001ffff170                . = ALIGN (0x4)
 *fill*         0x000000001ffff16d        0x3 
                0x000000001ffff170                _ebss = .
                [!provide]                        PROVIDE (__end_bss_RAM = .)
                [!provide]                        PROVIDE (__end_bss_SRAM = .)
                [!provide]                        PROVIDE (end = .)

.noinit         0x000000001ffff170        0x0
                0x000000001ffff170                _noinit = .
                [!provide]                        PROVIDE (__start_noinit_RAM = .)
                [!provide]                        PROVIDE (__start_noinit_SRAM = .)
 *(SORT_BY_ALIGNMENT(.noinit*))
                0x000000001ffff170                . = ALIGN (0x4)
                0x000000001ffff170                _end_noinit = .
                [!provide]                        PROVIDE (__end_noinit_RAM = .)
                [!provide]                        PROVIDE (__end_noinit_SRAM = .)
                0x0000000000000400                _HeapSize = 0x400

.heap           0x000000001ffff170      0x400
                0x000000001ffff170                _pvHeapStart = .
                0x000000001ffff570                . = (. + _HeapSize)
 *fill*         0x000000001ffff170      0x400 
                0x000000001ffff570                . = ALIGN (0x4)
                0x000000001ffff570                _pvHeapLimit = .
                0x0000000000000400                _StackSize = 0x400

.heap2stackfill
                0x000000001ffff570      0x400
                0x000000001ffff970                . = (. + _StackSize)
 *fill*         0x000000001ffff570      0x400 

.stack          0x0000000020002c00        0x0
                0x0000000020002c00                _vStackBase = .
                0x0000000020002c00                . = ALIGN (0x4)
                0x0000000020003000                _vStackTop = (. + _StackSize)
                0x0000000000000000                _image_start = LOADADDR (.text)
                0x00000000000016b0                _image_end = (LOADADDR (.data) + SIZEOF (.data))
                0x00000000000016b0                _image_size = (_image_end - _image_start)
OUTPUT(Blinkenlights.axf elf32-littlearm)

.debug_info     0x0000000000000000     0xab91
 .debug_info    0x0000000000000000     0x14b1 ./utilities/fsl_debug_console.o
 .debug_info    0x00000000000014b1      0x69d ./startup/startup_mkl25z4.o
 .debug_info    0x0000000000001b4e      0x777 ./source/Blinkenlights.o
 .debug_info    0x00000000000022c5      0x486 ./source/cap_sensor.o
 .debug_info    0x000000000000274b      0x336 ./source/delay.o
 .debug_info    0x0000000000002a81      0xa76 ./source/led.o
 .debug_info    0x00000000000034f7       0x4f ./source/mtb.o
 .debug_info    0x0000000000003546       0x38 ./source/semihost_hardfault.o
 .debug_info    0x000000000000357e     0x206b ./drivers/fsl_clock.o
 .debug_info    0x00000000000055e9     0x1b35 ./drivers/fsl_lpsci.o
 .debug_info    0x000000000000711e     0x1aac ./drivers/fsl_uart.o
 .debug_info    0x0000000000008bca      0x758 ./board/board.o
 .debug_info    0x0000000000009322      0xc92 ./board/clock_config.o
 .debug_info    0x0000000000009fb4       0x38 ./board/peripherals.o
 .debug_info    0x0000000000009fec      0x766 ./board/pin_mux.o
 .debug_info    0x000000000000a752      0x43f ./CMSIS/system_MKL25Z4.o

.debug_abbrev   0x0000000000000000     0x2326
 .debug_abbrev  0x0000000000000000      0x3d9 ./utilities/fsl_debug_console.o
 .debug_abbrev  0x00000000000003d9      0x155 ./startup/startup_mkl25z4.o
 .debug_abbrev  0x000000000000052e      0x1e5 ./source/Blinkenlights.o
 .debug_abbrev  0x0000000000000713      0x15a ./source/cap_sensor.o
 .debug_abbrev  0x000000000000086d      0x16d ./source/delay.o
 .debug_abbrev  0x00000000000009da      0x27c ./source/led.o
 .debug_abbrev  0x0000000000000c56       0x43 ./source/mtb.o
 .debug_abbrev  0x0000000000000c99       0x2e ./source/semihost_hardfault.o
 .debug_abbrev  0x0000000000000cc7      0x4eb ./drivers/fsl_clock.o
 .debug_abbrev  0x00000000000011b2      0x4a7 ./drivers/fsl_lpsci.o
 .debug_abbrev  0x0000000000001659      0x4a1 ./drivers/fsl_uart.o
 .debug_abbrev  0x0000000000001afa      0x1e8 ./board/board.o
 .debug_abbrev  0x0000000000001ce2      0x2ac ./board/clock_config.o
 .debug_abbrev  0x0000000000001f8e       0x2e ./board/peripherals.o
 .debug_abbrev  0x0000000000001fbc      0x214 ./board/pin_mux.o
 .debug_abbrev  0x00000000000021d0      0x156 ./CMSIS/system_MKL25Z4.o

.debug_loc      0x0000000000000000     0x58a2
 .debug_loc     0x0000000000000000     0x16a2 ./utilities/fsl_debug_console.o
 .debug_loc     0x00000000000016a2      0x234 ./startup/startup_mkl25z4.o
 .debug_loc     0x00000000000018d6       0x23 ./source/Blinkenlights.o
 .debug_loc     0x00000000000018f9       0x15 ./source/cap_sensor.o
 .debug_loc     0x000000000000190e       0xe2 ./source/delay.o
 .debug_loc     0x00000000000019f0      0x251 ./source/led.o
 .debug_loc     0x0000000000001c41     0x13f0 ./drivers/fsl_clock.o
 .debug_loc     0x0000000000003031     0x1302 ./drivers/fsl_lpsci.o
 .debug_loc     0x0000000000004333     0x1235 ./drivers/fsl_uart.o
 .debug_loc     0x0000000000005568       0x38 ./board/board.o
 .debug_loc     0x00000000000055a0       0x7b ./board/clock_config.o
 .debug_loc     0x000000000000561b      0x1ce ./board/pin_mux.o
 .debug_loc     0x00000000000057e9       0xb9 ./CMSIS/system_MKL25Z4.o

.debug_aranges  0x0000000000000000      0x698
 .debug_aranges
                0x0000000000000000       0x50 ./utilities/fsl_debug_console.o
 .debug_aranges
                0x0000000000000050      0x160 ./startup/startup_mkl25z4.o
 .debug_aranges
                0x00000000000001b0       0x20 ./source/Blinkenlights.o
 .debug_aranges
                0x00000000000001d0       0x28 ./source/cap_sensor.o
 .debug_aranges
                0x00000000000001f8       0x28 ./source/delay.o
 .debug_aranges
                0x0000000000000220       0x38 ./source/led.o
 .debug_aranges
                0x0000000000000258       0x18 ./source/mtb.o
 .debug_aranges
                0x0000000000000270       0x20 ./source/semihost_hardfault.o
 .debug_aranges
                0x0000000000000290      0x170 ./drivers/fsl_clock.o
 .debug_aranges
                0x0000000000000400       0xe0 ./drivers/fsl_lpsci.o
 .debug_aranges
                0x00000000000004e0       0xf8 ./drivers/fsl_uart.o
 .debug_aranges
                0x00000000000005d8       0x20 ./board/board.o
 .debug_aranges
                0x00000000000005f8       0x30 ./board/clock_config.o
 .debug_aranges
                0x0000000000000628       0x20 ./board/peripherals.o
 .debug_aranges
                0x0000000000000648       0x28 ./board/pin_mux.o
 .debug_aranges
                0x0000000000000670       0x28 ./CMSIS/system_MKL25Z4.o

.debug_ranges   0x0000000000000000      0xae8
 .debug_ranges  0x0000000000000000      0x158 ./utilities/fsl_debug_console.o
 .debug_ranges  0x0000000000000158      0x150 ./startup/startup_mkl25z4.o
 .debug_ranges  0x00000000000002a8       0x10 ./source/Blinkenlights.o
 .debug_ranges  0x00000000000002b8       0x18 ./source/cap_sensor.o
 .debug_ranges  0x00000000000002d0       0x18 ./source/delay.o
 .debug_ranges  0x00000000000002e8      0x138 ./source/led.o
 .debug_ranges  0x0000000000000420       0x10 ./source/semihost_hardfault.o
 .debug_ranges  0x0000000000000430      0x2b8 ./drivers/fsl_clock.o
 .debug_ranges  0x00000000000006e8      0x130 ./drivers/fsl_lpsci.o
 .debug_ranges  0x0000000000000818      0x148 ./drivers/fsl_uart.o
 .debug_ranges  0x0000000000000960       0x28 ./board/board.o
 .debug_ranges  0x0000000000000988       0xa8 ./board/clock_config.o
 .debug_ranges  0x0000000000000a30       0x10 ./board/peripherals.o
 .debug_ranges  0x0000000000000a40       0x90 ./board/pin_mux.o
 .debug_ranges  0x0000000000000ad0       0x18 ./CMSIS/system_MKL25Z4.o

.debug_line     0x0000000000000000     0x65c8
 .debug_line    0x0000000000000000      0xce9 ./utilities/fsl_debug_console.o
 .debug_line    0x0000000000000ce9      0x3cb ./startup/startup_mkl25z4.o
 .debug_line    0x00000000000010b4      0x303 ./source/Blinkenlights.o
 .debug_line    0x00000000000013b7      0x258 ./source/cap_sensor.o
 .debug_line    0x000000000000160f      0x296 ./source/delay.o
 .debug_line    0x00000000000018a5      0x6c8 ./source/led.o
 .debug_line    0x0000000000001f6d       0x30 ./source/mtb.o
 .debug_line    0x0000000000001f9d       0x5a ./source/semihost_hardfault.o
 .debug_line    0x0000000000001ff7     0x18fc ./drivers/fsl_clock.o
 .debug_line    0x00000000000038f3     0x1037 ./drivers/fsl_lpsci.o
 .debug_line    0x000000000000492a     0x100c ./drivers/fsl_uart.o
 .debug_line    0x0000000000005936      0x286 ./board/board.o
 .debug_line    0x0000000000005bbc      0x36c ./board/clock_config.o
 .debug_line    0x0000000000005f28       0x4b ./board/peripherals.o
 .debug_line    0x0000000000005f73      0x346 ./board/pin_mux.o
 .debug_line    0x00000000000062b9      0x30f ./CMSIS/system_MKL25Z4.o

.debug_str      0x0000000000000000     0x3c10
 .debug_str     0x0000000000000000      0xd13 ./utilities/fsl_debug_console.o
                                        0xd97 (size before relaxing)
 .debug_str     0x0000000000000d13      0x3a6 ./startup/startup_mkl25z4.o
                                        0x4c9 (size before relaxing)
 .debug_str     0x00000000000010b9      0x503 ./source/Blinkenlights.o
                                        0x73c (size before relaxing)
 .debug_str     0x00000000000015bc      0x11d ./source/cap_sensor.o
                                        0x3c9 (size before relaxing)
 .debug_str     0x00000000000016d9       0x3c ./source/delay.o
                                        0x328 (size before relaxing)
 .debug_str     0x0000000000001715       0x5e ./source/led.o
                                        0x445 (size before relaxing)
 .debug_str     0x0000000000001773       0x1f ./source/mtb.o
                                        0x141 (size before relaxing)
 .debug_str     0x0000000000001792       0x1f ./source/semihost_hardfault.o
                                        0x141 (size before relaxing)
 .debug_str     0x00000000000017b1      0xd0b ./drivers/fsl_clock.o
                                       0x17e2 (size before relaxing)
 .debug_str     0x00000000000024bc      0xb66 ./drivers/fsl_lpsci.o
                                       0x15b1 (size before relaxing)
 .debug_str     0x0000000000003022      0x7ed ./drivers/fsl_uart.o
                                       0x15bd (size before relaxing)
 .debug_str     0x000000000000380f       0x35 ./board/board.o
                                        0x6b5 (size before relaxing)
 .debug_str     0x0000000000003844      0x237 ./board/clock_config.o
                                        0xe47 (size before relaxing)
 .debug_str     0x0000000000003a7b       0x17 ./board/peripherals.o
                                        0x141 (size before relaxing)
 .debug_str     0x0000000000003a92      0x13a ./board/pin_mux.o
                                        0x5d2 (size before relaxing)
 .debug_str     0x0000000000003bcc       0x44 ./CMSIS/system_MKL25Z4.o
                                        0x323 (size before relaxing)

.comment        0x0000000000000000       0x79
 .comment       0x0000000000000000       0x79 ./utilities/fsl_debug_console.o
                                         0x7a (size before relaxing)
 .comment       0x0000000000000079       0x7a ./startup/startup_mkl25z4.o
 .comment       0x0000000000000079       0x7a ./source/Blinkenlights.o
 .comment       0x0000000000000079       0x7a ./source/cap_sensor.o
 .comment       0x0000000000000079       0x7a ./source/delay.o
 .comment       0x0000000000000079       0x7a ./source/led.o
 .comment       0x0000000000000079       0x7a ./source/mtb.o
 .comment       0x0000000000000079       0x7a ./source/semihost_hardfault.o
 .comment       0x0000000000000079       0x7a ./drivers/fsl_clock.o
 .comment       0x0000000000000079       0x7a ./drivers/fsl_lpsci.o
 .comment       0x0000000000000079       0x7a ./drivers/fsl_uart.o
 .comment       0x0000000000000079       0x7a ./board/board.o
 .comment       0x0000000000000079       0x7a ./board/clock_config.o
 .comment       0x0000000000000079       0x7a ./board/peripherals.o
 .comment       0x0000000000000079       0x7a ./board/pin_mux.o
 .comment       0x0000000000000079       0x7a ./CMSIS/system_MKL25Z4.o
 .comment       0x0000000000000079       0x7a /usr/local/mcuxpressoide-11.2.0_4120/ide/plugins/com.nxp.mcuxpresso.tools.linux_11.2.0.202001021529/tools/bin/../lib/gcc/arm-none-eabi/9.2.1/../../../../arm-none-eabi/lib/thumb/v6-m/nofp/libcr_nohost_nf.a(_cr__main.o)
 .comment       0x0000000000000079       0x7a /usr/local/mcuxpressoide-11.2.0_4120/ide/plugins/com.nxp.mcuxpresso.tools.linux_11.2.0.202001021529/tools/bin/../lib/gcc/arm-none-eabi/9.2.1/../../../../arm-none-eabi/lib/thumb/v6-m/nofp/libcr_c.a(memcpy.o)
 .comment       0x0000000000000079       0x7a /usr/local/mcuxpressoide-11.2.0_4120/ide/plugins/com.nxp.mcuxpresso.tools.linux_11.2.0.202001021529/tools/bin/../lib/gcc/arm-none-eabi/9.2.1/../../../../arm-none-eabi/lib/thumb/v6-m/nofp/libcr_c.a(memset.o)
 .comment       0x0000000000000079       0x7a /usr/local/mcuxpressoide-11.2.0_4120/ide/plugins/com.nxp.mcuxpresso.tools.linux_11.2.0.202001021529/tools/bin/../lib/gcc/arm-none-eabi/9.2.1/../../../../arm-none-eabi/lib/thumb/v6-m/nofp/libcr_c.a(initio.o)
 .comment       0x0000000000000079       0x7a /usr/local/mcuxpressoide-11.2.0_4120/ide/plugins/com.nxp.mcuxpresso.tools.linux_11.2.0.202001021529/tools/bin/../lib/gcc/arm-none-eabi/9.2.1/../../../../arm-none-eabi/lib/thumb/v6-m/nofp/libcr_c.a(setvbuf.o)
 .comment       0x0000000000000079       0x7a /usr/local/mcuxpressoide-11.2.0_4120/ide/plugins/com.nxp.mcuxpresso.tools.linux_11.2.0.202001021529/tools/bin/../lib/gcc/arm-none-eabi/9.2.1/../../../../arm-none-eabi/lib/thumb/v6-m/nofp/libcr_c.a(strlen.o)
 .comment       0x0000000000000079       0x7a /usr/local/mcuxpressoide-11.2.0_4120/ide/plugins/com.nxp.mcuxpresso.tools.linux_11.2.0.202001021529/tools/bin/../lib/gcc/arm-none-eabi/9.2.1/../../../../arm-none-eabi/lib/thumb/v6-m/nofp/libcr_c.a(_fdopen.o)
 .comment       0x0000000000000079       0x7a /usr/local/mcuxpressoide-11.2.0_4120/ide/plugins/com.nxp.mcuxpresso.tools.linux_11.2.0.202001021529/tools/bin/../lib/gcc/arm-none-eabi/9.2.1/../../../../arm-none-eabi/lib/thumb/v6-m/nofp/libcr_c.a(fclose.o)
 .comment       0x0000000000000079       0x7a /usr/local/mcuxpressoide-11.2.0_4120/ide/plugins/com.nxp.mcuxpresso.tools.linux_11.2.0.202001021529/tools/bin/../lib/gcc/arm-none-eabi/9.2.1/../../../../arm-none-eabi/lib/thumb/v6-m/nofp/libcr_c.a(fflush.o)
 .comment       0x0000000000000079       0x7a /usr/local/mcuxpressoide-11.2.0_4120/ide/plugins/com.nxp.mcuxpresso.tools.linux_11.2.0.202001021529/tools/bin/../lib/gcc/arm-none-eabi/9.2.1/../../../../arm-none-eabi/lib/thumb/v6-m/nofp/libcr_c.a(fseek.o)
 .comment       0x0000000000000079       0x7a /usr/local/mcuxpressoide-11.2.0_4120/ide/plugins/com.nxp.mcuxpresso.tools.linux_11.2.0.202001021529/tools/bin/../lib/gcc/arm-none-eabi/9.2.1/../../../../arm-none-eabi/lib/thumb/v6-m/nofp/libcr_c.a(ftell.o)
 .comment       0x0000000000000079       0x7a /usr/local/mcuxpressoide-11.2.0_4120/ide/plugins/com.nxp.mcuxpresso.tools.linux_11.2.0.202001021529/tools/bin/../lib/gcc/arm-none-eabi/9.2.1/../../../../arm-none-eabi/lib/thumb/v6-m/nofp/libcr_c.a(remove.o)
 .comment       0x0000000000000079       0x7a /usr/local/mcuxpressoide-11.2.0_4120/ide/plugins/com.nxp.mcuxpresso.tools.linux_11.2.0.202001021529/tools/bin/../lib/gcc/arm-none-eabi/9.2.1/../../../../arm-none-eabi/lib/thumb/v6-m/nofp/libcr_c.a(_do_fflush.o)
 .comment       0x0000000000000079       0x7a /usr/local/mcuxpressoide-11.2.0_4120/ide/plugins/com.nxp.mcuxpresso.tools.linux_11.2.0.202001021529/tools/bin/../lib/gcc/arm-none-eabi/9.2.1/../../../../arm-none-eabi/lib/thumb/v6-m/nofp/libcr_c.a(_fflush.o)
 .comment       0x0000000000000079       0x7a /usr/local/mcuxpressoide-11.2.0_4120/ide/plugins/com.nxp.mcuxpresso.tools.linux_11.2.0.202001021529/tools/bin/../lib/gcc/arm-none-eabi/9.2.1/../../../../arm-none-eabi/lib/thumb/v6-m/nofp/libcr_c.a(_writebuf.o)
 .comment       0x0000000000000079       0x7a /usr/local/mcuxpressoide-11.2.0_4120/ide/plugins/com.nxp.mcuxpresso.tools.linux_11.2.0.202001021529/tools/bin/../lib/gcc/arm-none-eabi/9.2.1/../../../../arm-none-eabi/lib/thumb/v6-m/nofp/libcr_c.a(alloc.o)
 .comment       0x0000000000000079       0x7a /usr/local/mcuxpressoide-11.2.0_4120/ide/plugins/com.nxp.mcuxpresso.tools.linux_11.2.0.202001021529/tools/bin/../lib/gcc/arm-none-eabi/9.2.1/../../../../arm-none-eabi/lib/thumb/v6-m/nofp/libcr_c.a(errno.o)
 .comment       0x0000000000000079       0x7a /usr/local/mcuxpressoide-11.2.0_4120/ide/plugins/com.nxp.mcuxpresso.tools.linux_11.2.0.202001021529/tools/bin/../lib/gcc/arm-none-eabi/9.2.1/../../../../arm-none-eabi/lib/thumb/v6-m/nofp/libcr_c.a(_deferredlazyseek.o)
 .comment       0x0000000000000079       0x7a /usr/local/mcuxpressoide-11.2.0_4120/ide/plugins/com.nxp.mcuxpresso.tools.linux_11.2.0.202001021529/tools/bin/../lib/gcc/arm-none-eabi/9.2.1/../../../../arm-none-eabi/lib/thumb/v6-m/nofp/libcr_nohost_nf.a(__ciob.o)
 .comment       0x0000000000000079       0x7a /usr/local/mcuxpressoide-11.2.0_4120/ide/plugins/com.nxp.mcuxpresso.tools.linux_11.2.0.202001021529/tools/bin/../lib/gcc/arm-none-eabi/9.2.1/../../../../arm-none-eabi/lib/thumb/v6-m/nofp/libcr_nohost_nf.a(__sys_close.o)
 .comment       0x0000000000000079       0x7a /usr/local/mcuxpressoide-11.2.0_4120/ide/plugins/com.nxp.mcuxpresso.tools.linux_11.2.0.202001021529/tools/bin/../lib/gcc/arm-none-eabi/9.2.1/../../../../arm-none-eabi/lib/thumb/v6-m/nofp/libcr_nohost_nf.a(__sys_flen.o)
 .comment       0x0000000000000079       0x7a /usr/local/mcuxpressoide-11.2.0_4120/ide/plugins/com.nxp.mcuxpresso.tools.linux_11.2.0.202001021529/tools/bin/../lib/gcc/arm-none-eabi/9.2.1/../../../../arm-none-eabi/lib/thumb/v6-m/nofp/libcr_nohost_nf.a(__sys_istty.o)
 .comment       0x0000000000000079       0x7a /usr/local/mcuxpressoide-11.2.0_4120/ide/plugins/com.nxp.mcuxpresso.tools.linux_11.2.0.202001021529/tools/bin/../lib/gcc/arm-none-eabi/9.2.1/../../../../arm-none-eabi/lib/thumb/v6-m/nofp/libcr_nohost_nf.a(__sys_remove.o)
 .comment       0x0000000000000079       0x7a /usr/local/mcuxpressoide-11.2.0_4120/ide/plugins/com.nxp.mcuxpresso.tools.linux_11.2.0.202001021529/tools/bin/../lib/gcc/arm-none-eabi/9.2.1/../../../../arm-none-eabi/lib/thumb/v6-m/nofp/libcr_nohost_nf.a(__sys_seek.o)
 .comment       0x0000000000000079       0x7a /usr/local/mcuxpressoide-11.2.0_4120/ide/plugins/com.nxp.mcuxpresso.tools.linux_11.2.0.202001021529/tools/bin/../lib/gcc/arm-none-eabi/9.2.1/../../../../arm-none-eabi/lib/thumb/v6-m/nofp/libcr_nohost_nf.a(__sys_tmpnam.o)
 .comment       0x0000000000000079       0x7a /usr/local/mcuxpressoide-11.2.0_4120/ide/plugins/com.nxp.mcuxpresso.tools.linux_11.2.0.202001021529/tools/bin/../lib/gcc/arm-none-eabi/9.2.1/../../../../arm-none-eabi/lib/thumb/v6-m/nofp/libcr_nohost_nf.a(__sys_write.o)

.ARM.attributes
                0x0000000000000000       0x2a
 .ARM.attributes
                0x0000000000000000       0x2c ./utilities/fsl_debug_console.o
 .ARM.attributes
                0x000000000000002c       0x2c ./startup/startup_mkl25z4.o
 .ARM.attributes
                0x0000000000000058       0x2c ./source/Blinkenlights.o
 .ARM.attributes
                0x0000000000000084       0x2c ./source/cap_sensor.o
 .ARM.attributes
                0x00000000000000b0       0x2c ./source/delay.o
 .ARM.attributes
                0x00000000000000dc       0x2c ./source/led.o
 .ARM.attributes
                0x0000000000000108       0x32 ./source/mtb.o
 .ARM.attributes
                0x000000000000013a       0x2c ./source/semihost_hardfault.o
 .ARM.attributes
                0x0000000000000166       0x2c ./drivers/fsl_clock.o
 .ARM.attributes
                0x0000000000000192       0x2c ./drivers/fsl_lpsci.o
 .ARM.attributes
                0x00000000000001be       0x2c ./drivers/fsl_uart.o
 .ARM.attributes
                0x00000000000001ea       0x2c ./board/board.o
 .ARM.attributes
                0x0000000000000216       0x2c ./board/clock_config.o
 .ARM.attributes
                0x0000000000000242       0x2c ./board/peripherals.o
 .ARM.attributes
                0x000000000000026e       0x2c ./board/pin_mux.o
 .ARM.attributes
                0x000000000000029a       0x2c ./CMSIS/system_MKL25Z4.o
 .ARM.attributes
                0x00000000000002c6       0x2c /usr/local/mcuxpressoide-11.2.0_4120/ide/plugins/com.nxp.mcuxpresso.tools.linux_11.2.0.202001021529/tools/bin/../lib/gcc/arm-none-eabi/9.2.1/../../../../arm-none-eabi/lib/thumb/v6-m/nofp/libcr_nohost_nf.a(_cr__main.o)
 .ARM.attributes
                0x00000000000002f2       0x2c /usr/local/mcuxpressoide-11.2.0_4120/ide/plugins/com.nxp.mcuxpresso.tools.linux_11.2.0.202001021529/tools/bin/../lib/gcc/arm-none-eabi/9.2.1/../../../../arm-none-eabi/lib/thumb/v6-m/nofp/libcr_c.a(memcpy.o)
 .ARM.attributes
                0x000000000000031e       0x2c /usr/local/mcuxpressoide-11.2.0_4120/ide/plugins/com.nxp.mcuxpresso.tools.linux_11.2.0.202001021529/tools/bin/../lib/gcc/arm-none-eabi/9.2.1/../../../../arm-none-eabi/lib/thumb/v6-m/nofp/libcr_c.a(memset.o)
 .ARM.attributes
                0x000000000000034a       0x2c /usr/local/mcuxpressoide-11.2.0_4120/ide/plugins/com.nxp.mcuxpresso.tools.linux_11.2.0.202001021529/tools/bin/../lib/gcc/arm-none-eabi/9.2.1/../../../../arm-none-eabi/lib/thumb/v6-m/nofp/libcr_c.a(initio.o)
 .ARM.attributes
                0x0000000000000376       0x2c /usr/local/mcuxpressoide-11.2.0_4120/ide/plugins/com.nxp.mcuxpresso.tools.linux_11.2.0.202001021529/tools/bin/../lib/gcc/arm-none-eabi/9.2.1/../../../../arm-none-eabi/lib/thumb/v6-m/nofp/libcr_c.a(setvbuf.o)
 .ARM.attributes
                0x00000000000003a2       0x2c /usr/local/mcuxpressoide-11.2.0_4120/ide/plugins/com.nxp.mcuxpresso.tools.linux_11.2.0.202001021529/tools/bin/../lib/gcc/arm-none-eabi/9.2.1/../../../../arm-none-eabi/lib/thumb/v6-m/nofp/libcr_c.a(strlen.o)
 .ARM.attributes
                0x00000000000003ce       0x2c /usr/local/mcuxpressoide-11.2.0_4120/ide/plugins/com.nxp.mcuxpresso.tools.linux_11.2.0.202001021529/tools/bin/../lib/gcc/arm-none-eabi/9.2.1/../../../../arm-none-eabi/lib/thumb/v6-m/nofp/libcr_c.a(_fdopen.o)
 .ARM.attributes
                0x00000000000003fa       0x2c /usr/local/mcuxpressoide-11.2.0_4120/ide/plugins/com.nxp.mcuxpresso.tools.linux_11.2.0.202001021529/tools/bin/../lib/gcc/arm-none-eabi/9.2.1/../../../../arm-none-eabi/lib/thumb/v6-m/nofp/libcr_c.a(fclose.o)
 .ARM.attributes
                0x0000000000000426       0x2c /usr/local/mcuxpressoide-11.2.0_4120/ide/plugins/com.nxp.mcuxpresso.tools.linux_11.2.0.202001021529/tools/bin/../lib/gcc/arm-none-eabi/9.2.1/../../../../arm-none-eabi/lib/thumb/v6-m/nofp/libcr_c.a(fflush.o)
 .ARM.attributes
                0x0000000000000452       0x2c /usr/local/mcuxpressoide-11.2.0_4120/ide/plugins/com.nxp.mcuxpresso.tools.linux_11.2.0.202001021529/tools/bin/../lib/gcc/arm-none-eabi/9.2.1/../../../../arm-none-eabi/lib/thumb/v6-m/nofp/libcr_c.a(fseek.o)
 .ARM.attributes
                0x000000000000047e       0x2c /usr/local/mcuxpressoide-11.2.0_4120/ide/plugins/com.nxp.mcuxpresso.tools.linux_11.2.0.202001021529/tools/bin/../lib/gcc/arm-none-eabi/9.2.1/../../../../arm-none-eabi/lib/thumb/v6-m/nofp/libcr_c.a(ftell.o)
 .ARM.attributes
                0x00000000000004aa       0x2c /usr/local/mcuxpressoide-11.2.0_4120/ide/plugins/com.nxp.mcuxpresso.tools.linux_11.2.0.202001021529/tools/bin/../lib/gcc/arm-none-eabi/9.2.1/../../../../arm-none-eabi/lib/thumb/v6-m/nofp/libcr_c.a(remove.o)
 .ARM.attributes
                0x00000000000004d6       0x2c /usr/local/mcuxpressoide-11.2.0_4120/ide/plugins/com.nxp.mcuxpresso.tools.linux_11.2.0.202001021529/tools/bin/../lib/gcc/arm-none-eabi/9.2.1/../../../../arm-none-eabi/lib/thumb/v6-m/nofp/libcr_c.a(_do_fflush.o)
 .ARM.attributes
                0x0000000000000502       0x2c /usr/local/mcuxpressoide-11.2.0_4120/ide/plugins/com.nxp.mcuxpresso.tools.linux_11.2.0.202001021529/tools/bin/../lib/gcc/arm-none-eabi/9.2.1/../../../../arm-none-eabi/lib/thumb/v6-m/nofp/libcr_c.a(_fflush.o)
 .ARM.attributes
                0x000000000000052e       0x2c /usr/local/mcuxpressoide-11.2.0_4120/ide/plugins/com.nxp.mcuxpresso.tools.linux_11.2.0.202001021529/tools/bin/../lib/gcc/arm-none-eabi/9.2.1/../../../../arm-none-eabi/lib/thumb/v6-m/nofp/libcr_c.a(_writebuf.o)
 .ARM.attributes
                0x000000000000055a       0x2c /usr/local/mcuxpressoide-11.2.0_4120/ide/plugins/com.nxp.mcuxpresso.tools.linux_11.2.0.202001021529/tools/bin/../lib/gcc/arm-none-eabi/9.2.1/../../../../arm-none-eabi/lib/thumb/v6-m/nofp/libcr_c.a(alloc.o)
 .ARM.attributes
                0x0000000000000586       0x31 /usr/local/mcuxpressoide-11.2.0_4120/ide/plugins/com.nxp.mcuxpresso.tools.linux_11.2.0.202001021529/tools/bin/../lib/gcc/arm-none-eabi/9.2.1/../../../../arm-none-eabi/lib/thumb/v6-m/nofp/libcr_c.a(errno.o)
 .ARM.attributes
                0x00000000000005b7       0x2c /usr/local/mcuxpressoide-11.2.0_4120/ide/plugins/com.nxp.mcuxpresso.tools.linux_11.2.0.202001021529/tools/bin/../lib/gcc/arm-none-eabi/9.2.1/../../../../arm-none-eabi/lib/thumb/v6-m/nofp/libcr_c.a(_deferredlazyseek.o)
 .ARM.attributes
                0x00000000000005e3       0x1c /usr/local/mcuxpressoide-11.2.0_4120/ide/plugins/com.nxp.mcuxpresso.tools.linux_11.2.0.202001021529/tools/bin/../lib/gcc/arm-none-eabi/9.2.1/thumb/v6-m/nofp/libcr_eabihelpers.a(division_32.o)
 .ARM.attributes
                0x00000000000005ff       0x1c /usr/local/mcuxpressoide-11.2.0_4120/ide/plugins/com.nxp.mcuxpresso.tools.linux_11.2.0.202001021529/tools/bin/../lib/gcc/arm-none-eabi/9.2.1/thumb/v6-m/nofp/libcr_eabihelpers.a(division_idiv0.o)
 .ARM.attributes
                0x000000000000061b       0x1c /usr/local/mcuxpressoide-11.2.0_4120/ide/plugins/com.nxp.mcuxpresso.tools.linux_11.2.0.202001021529/tools/bin/../lib/gcc/arm-none-eabi/9.2.1/thumb/v6-m/nofp/libcr_eabihelpers.a(memcpy.o)
 .ARM.attributes
                0x0000000000000637       0x31 /usr/local/mcuxpressoide-11.2.0_4120/ide/plugins/com.nxp.mcuxpresso.tools.linux_11.2.0.202001021529/tools/bin/../lib/gcc/arm-none-eabi/9.2.1/../../../../arm-none-eabi/lib/thumb/v6-m/nofp/libcr_nohost_nf.a(__ciob.o)
 .ARM.attributes
                0x0000000000000668       0x2c /usr/local/mcuxpressoide-11.2.0_4120/ide/plugins/com.nxp.mcuxpresso.tools.linux_11.2.0.202001021529/tools/bin/../lib/gcc/arm-none-eabi/9.2.1/../../../../arm-none-eabi/lib/thumb/v6-m/nofp/libcr_nohost_nf.a(__sys_close.o)
 .ARM.attributes
                0x0000000000000694       0x2c /usr/local/mcuxpressoide-11.2.0_4120/ide/plugins/com.nxp.mcuxpresso.tools.linux_11.2.0.202001021529/tools/bin/../lib/gcc/arm-none-eabi/9.2.1/../../../../arm-none-eabi/lib/thumb/v6-m/nofp/libcr_nohost_nf.a(__sys_flen.o)
 .ARM.attributes
                0x00000000000006c0       0x2c /usr/local/mcuxpressoide-11.2.0_4120/ide/plugins/com.nxp.mcuxpresso.tools.linux_11.2.0.202001021529/tools/bin/../lib/gcc/arm-none-eabi/9.2.1/../../../../arm-none-eabi/lib/thumb/v6-m/nofp/libcr_nohost_nf.a(__sys_istty.o)
 .ARM.attributes
                0x00000000000006ec       0x2c /usr/local/mcuxpressoide-11.2.0_4120/ide/plugins/com.nxp.mcuxpresso.tools.linux_11.2.0.202001021529/tools/bin/../lib/gcc/arm-none-eabi/9.2.1/../../../../arm-none-eabi/lib/thumb/v6-m/nofp/libcr_nohost_nf.a(__sys_remove.o)
 .ARM.attributes
                0x0000000000000718       0x2c /usr/local/mcuxpressoide-11.2.0_4120/ide/plugins/com.nxp.mcuxpresso.tools.linux_11.2.0.202001021529/tools/bin/../lib/gcc/arm-none-eabi/9.2.1/../../../../arm-none-eabi/lib/thumb/v6-m/nofp/libcr_nohost_nf.a(__sys_seek.o)
 .ARM.attributes
                0x0000000000000744       0x2c /usr/local/mcuxpressoide-11.2.0_4120/ide/plugins/com.nxp.mcuxpresso.tools.linux_11.2.0.202001021529/tools/bin/../lib/gcc/arm-none-eabi/9.2.1/../../../../arm-none-eabi/lib/thumb/v6-m/nofp/libcr_nohost_nf.a(__sys_tmpnam.o)
 .ARM.attributes
                0x0000000000000770       0x2c /usr/local/mcuxpressoide-11.2.0_4120/ide/plugins/com.nxp.mcuxpresso.tools.linux_11.2.0.202001021529/tools/bin/../lib/gcc/arm-none-eabi/9.2.1/../../../../arm-none-eabi/lib/thumb/v6-m/nofp/libcr_nohost_nf.a(__sys_write.o)

.debug_frame    0x0000000000000000     0x1034
 .debug_frame   0x0000000000000000       0xe0 ./utilities/fsl_debug_console.o
 .debug_frame   0x00000000000000e0      0x3bc ./startup/startup_mkl25z4.o
 .debug_frame   0x000000000000049c       0x34 ./source/Blinkenlights.o
 .debug_frame   0x00000000000004d0       0x30 ./source/cap_sensor.o
 .debug_frame   0x0000000000000500       0x44 ./source/delay.o
 .debug_frame   0x0000000000000544       0x7c ./source/led.o
 .debug_frame   0x00000000000005c0       0x20 ./source/semihost_hardfault.o
 .debug_frame   0x00000000000005e0      0x45c ./drivers/fsl_clock.o
 .debug_frame   0x0000000000000a3c      0x244 ./drivers/fsl_lpsci.o
 .debug_frame   0x0000000000000c80      0x2a0 ./drivers/fsl_uart.o
 .debug_frame   0x0000000000000f20       0x28 ./board/board.o
 .debug_frame   0x0000000000000f48       0x58 ./board/clock_config.o
 .debug_frame   0x0000000000000fa0       0x20 ./board/peripherals.o
 .debug_frame   0x0000000000000fc0       0x38 ./board/pin_mux.o
 .debug_frame   0x0000000000000ff8       0x3c ./CMSIS/system_MKL25Z4.o

Cross Reference Table

Symbol                                            File
ADC0_DriverIRQHandler                             ./startup/startup_mkl25z4.o
ADC0_IRQHandler                                   ./startup/startup_mkl25z4.o
BOARD_BootClockRUN                                ./board/clock_config.o
BOARD_BootClockVLPR                               ./board/clock_config.o
BOARD_InitBootClocks                              ./board/clock_config.o
                                                  ./source/Blinkenlights.o
BOARD_InitBootPeripherals                         ./board/peripherals.o
                                                  ./source/Blinkenlights.o
BOARD_InitBootPins                                ./board/pin_mux.o
                                                  ./source/Blinkenlights.o
BOARD_InitDebugConsole                            ./board/board.o
                                                  ./source/Blinkenlights.o
BOARD_InitPins                                    ./board/pin_mux.o
CAP_Init                                          ./source/cap_sensor.o
                                                  ./source/Blinkenlights.o
CAP_Scan                                          ./source/cap_sensor.o
                                                  ./source/delay.o
CLOCK_BootToBlpeMode                              ./drivers/fsl_clock.o
CLOCK_BootToBlpiMode                              ./drivers/fsl_clock.o
                                                  ./board/clock_config.o
CLOCK_BootToFeeMode                               ./drivers/fsl_clock.o
CLOCK_BootToFeiMode                               ./drivers/fsl_clock.o
CLOCK_BootToPeeMode                               ./drivers/fsl_clock.o
                                                  ./board/clock_config.o
CLOCK_CalcPllDiv                                  ./drivers/fsl_clock.o
CLOCK_ClearStatusFlags                            ./drivers/fsl_clock.o
CLOCK_DeinitOsc0                                  ./drivers/fsl_clock.o
CLOCK_EnablePll0                                  ./drivers/fsl_clock.o
CLOCK_EnableUsbfs0Clock                           ./drivers/fsl_clock.o
CLOCK_ExternalModeToFbeModeQuick                  ./drivers/fsl_clock.o
CLOCK_FllStableDelay                              ./drivers/fsl_clock.o
CLOCK_GetBusClkFreq                               ./drivers/fsl_clock.o
CLOCK_GetCoreSysClkFreq                           ./drivers/fsl_clock.o
CLOCK_GetEr32kClkFreq                             ./drivers/fsl_clock.o
CLOCK_GetFixedFreqClkFreq                         ./drivers/fsl_clock.o
CLOCK_GetFlashClkFreq                             ./drivers/fsl_clock.o
CLOCK_GetFllFreq                                  ./drivers/fsl_clock.o
CLOCK_GetFreq                                     ./drivers/fsl_clock.o
CLOCK_GetInternalRefClkFreq                       ./drivers/fsl_clock.o
CLOCK_GetMode                                     ./drivers/fsl_clock.o
CLOCK_GetOsc0ErClkFreq                            ./drivers/fsl_clock.o
CLOCK_GetOutClkFreq                               ./drivers/fsl_clock.o
CLOCK_GetPlatClkFreq                              ./drivers/fsl_clock.o
CLOCK_GetPll0Freq                                 ./drivers/fsl_clock.o
CLOCK_GetPllFllSelClkFreq                         ./drivers/fsl_clock.o
                                                  ./board/board.o
CLOCK_GetStatusFlags                              ./drivers/fsl_clock.o
CLOCK_InitOsc0                                    ./drivers/fsl_clock.o
                                                  ./board/clock_config.o
CLOCK_InternalModeToFbiModeQuick                  ./drivers/fsl_clock.o
CLOCK_SetBlpeMode                                 ./drivers/fsl_clock.o
CLOCK_SetBlpiMode                                 ./drivers/fsl_clock.o
CLOCK_SetExternalRefClkConfig                     ./drivers/fsl_clock.o
CLOCK_SetFbeMode                                  ./drivers/fsl_clock.o
CLOCK_SetFbiMode                                  ./drivers/fsl_clock.o
CLOCK_SetFeeMode                                  ./drivers/fsl_clock.o
CLOCK_SetFeiMode                                  ./drivers/fsl_clock.o
CLOCK_SetInternalRefClkConfig                     ./drivers/fsl_clock.o
                                                  ./board/clock_config.o
CLOCK_SetMcgConfig                                ./drivers/fsl_clock.o
CLOCK_SetOsc0MonitorMode                          ./drivers/fsl_clock.o
CLOCK_SetPbeMode                                  ./drivers/fsl_clock.o
CLOCK_SetPeeMode                                  ./drivers/fsl_clock.o
CLOCK_SetPll0MonitorMode                          ./drivers/fsl_clock.o
CLOCK_SetSimConfig                                ./drivers/fsl_clock.o
                                                  ./board/clock_config.o
CLOCK_TrimInternalRefClk                          ./drivers/fsl_clock.o
CMP0_DriverIRQHandler                             ./startup/startup_mkl25z4.o
CMP0_IRQHandler                                   ./startup/startup_mkl25z4.o
DAC0_DriverIRQHandler                             ./startup/startup_mkl25z4.o
DAC0_IRQHandler                                   ./startup/startup_mkl25z4.o
DMA0_DriverIRQHandler                             ./startup/startup_mkl25z4.o
DMA0_IRQHandler                                   ./startup/startup_mkl25z4.o
DMA1_DriverIRQHandler                             ./startup/startup_mkl25z4.o
DMA1_IRQHandler                                   ./startup/startup_mkl25z4.o
DMA2_DriverIRQHandler                             ./startup/startup_mkl25z4.o
DMA2_IRQHandler                                   ./startup/startup_mkl25z4.o
DMA3_DriverIRQHandler                             ./startup/startup_mkl25z4.o
DMA3_IRQHandler                                   ./startup/startup_mkl25z4.o
DbgConsole_Deinit                                 ./utilities/fsl_debug_console.o
DbgConsole_Getchar                                ./utilities/fsl_debug_console.o
DbgConsole_Init                                   ./utilities/fsl_debug_console.o
                                                  ./board/board.o
DbgConsole_Printf                                 ./utilities/fsl_debug_console.o
DbgConsole_Putchar                                ./utilities/fsl_debug_console.o
DbgConsole_Scanf                                  ./utilities/fsl_debug_console.o
Delay                                             ./source/delay.o
                                                  ./source/led.o
                                                  ./source/Blinkenlights.o
FLASH_Erase                                       ./drivers/fsl_flash.o
FLASH_EraseAll                                    ./drivers/fsl_flash.o
FLASH_EraseAllExecuteOnlySegments                 ./drivers/fsl_flash.o
FLASH_GetProperty                                 ./drivers/fsl_flash.o
FLASH_GetSecurityState                            ./drivers/fsl_flash.o
FLASH_Init                                        ./drivers/fsl_flash.o
FLASH_IsExecuteOnly                               ./drivers/fsl_flash.o
FLASH_IsProtected                                 ./drivers/fsl_flash.o
FLASH_PflashGetPrefetchSpeculation                ./drivers/fsl_flash.o
FLASH_PflashGetProtection                         ./drivers/fsl_flash.o
FLASH_PflashSetPrefetchSpeculation                ./drivers/fsl_flash.o
                                                  ./drivers/fsl_smc.o
FLASH_PflashSetProtection                         ./drivers/fsl_flash.o
FLASH_PrepareExecuteInRamFunctions                ./drivers/fsl_flash.o
FLASH_Program                                     ./drivers/fsl_flash.o
FLASH_ProgramOnce                                 ./drivers/fsl_flash.o
FLASH_ReadOnce                                    ./drivers/fsl_flash.o
FLASH_ReadResource                                ./drivers/fsl_flash.o
FLASH_SecurityBypass                              ./drivers/fsl_flash.o
FLASH_SetCallback                                 ./drivers/fsl_flash.o
FLASH_SetProperty                                 ./drivers/fsl_flash.o
FLASH_VerifyErase                                 ./drivers/fsl_flash.o
FLASH_VerifyEraseAll                              ./drivers/fsl_flash.o
FLASH_VerifyEraseAllExecuteOnlySegments           ./drivers/fsl_flash.o
FLASH_VerifyProgram                               ./drivers/fsl_flash.o
FTFA_DriverIRQHandler                             ./startup/startup_mkl25z4.o
FTFA_IRQHandler                                   ./startup/startup_mkl25z4.o
Flash_Config                                      ./startup/startup_mkl25z4.o
GPIO_ClearPinsInterruptFlags                      ./drivers/fsl_gpio.o
GPIO_GetPinsInterruptFlags                        ./drivers/fsl_gpio.o
GPIO_PinInit                                      ./drivers/fsl_gpio.o
HardFault_Handler                                 ./source/semihost_hardfault.o
                                                  ./startup/startup_mkl25z4.o
I2C0_DriverIRQHandler                             ./startup/startup_mkl25z4.o
I2C0_IRQHandler                                   ./startup/startup_mkl25z4.o
I2C1_DriverIRQHandler                             ./startup/startup_mkl25z4.o
I2C1_IRQHandler                                   ./startup/startup_mkl25z4.o
InstallIRQHandler                                 ./drivers/fsl_common.o
IntDefaultHandler                                 ./startup/startup_mkl25z4.o
LED_Control                                       ./source/led.o
                                                  ./source/Blinkenlights.o
LED_Init                                          ./source/led.o
                                                  ./source/Blinkenlights.o
LED_Startup                                       ./source/led.o
                                                  ./source/Blinkenlights.o
LLWU_DriverIRQHandler                             ./startup/startup_mkl25z4.o
LLWU_IRQHandler                                   ./startup/startup_mkl25z4.o
LPSCI_ClearStatusFlags                            ./drivers/fsl_lpsci.o
LPSCI_Deinit                                      ./drivers/fsl_lpsci.o
                                                  ./utilities/fsl_debug_console.o
LPSCI_DisableInterrupts                           ./drivers/fsl_lpsci.o
LPSCI_EnableInterrupts                            ./drivers/fsl_lpsci.o
LPSCI_GetDefaultConfig                            ./drivers/fsl_lpsci.o
                                                  ./utilities/fsl_debug_console.o
LPSCI_GetEnabledInterrupts                        ./drivers/fsl_lpsci.o
LPSCI_GetInstance                                 ./drivers/fsl_lpsci.o
LPSCI_GetStatusFlags                              ./drivers/fsl_lpsci.o
LPSCI_Init                                        ./drivers/fsl_lpsci.o
                                                  ./utilities/fsl_debug_console.o
LPSCI_ReadBlocking                                ./drivers/fsl_lpsci.o
                                                  ./utilities/fsl_debug_console.o
LPSCI_SetBaudRate                                 ./drivers/fsl_lpsci.o
LPSCI_TransferAbortReceive                        ./drivers/fsl_lpsci.o
LPSCI_TransferAbortSend                           ./drivers/fsl_lpsci.o
LPSCI_TransferCreateHandle                        ./drivers/fsl_lpsci.o
LPSCI_TransferGetReceiveCount                     ./drivers/fsl_lpsci.o
LPSCI_TransferGetSendCount                        ./drivers/fsl_lpsci.o
LPSCI_TransferHandleErrorIRQ                      ./drivers/fsl_lpsci.o
LPSCI_TransferHandleIRQ                           ./drivers/fsl_lpsci.o
LPSCI_TransferReceiveNonBlocking                  ./drivers/fsl_lpsci.o
LPSCI_TransferSendNonBlocking                     ./drivers/fsl_lpsci.o
LPSCI_TransferStartRingBuffer                     ./drivers/fsl_lpsci.o
LPSCI_TransferStopRingBuffer                      ./drivers/fsl_lpsci.o
LPSCI_WriteBlocking                               ./drivers/fsl_lpsci.o
                                                  ./utilities/fsl_debug_console.o
LPTMR0_DriverIRQHandler                           ./startup/startup_mkl25z4.o
LPTMR0_IRQHandler                                 ./startup/startup_mkl25z4.o
LVD_LVW_DriverIRQHandler                          ./startup/startup_mkl25z4.o
LVD_LVW_IRQHandler                                ./startup/startup_mkl25z4.o
MCG_DriverIRQHandler                              ./startup/startup_mkl25z4.o
MCG_IRQHandler                                    ./startup/startup_mkl25z4.o
NMI_Handler                                       ./startup/startup_mkl25z4.o
PIT_DriverIRQHandler                              ./startup/startup_mkl25z4.o
PIT_IRQHandler                                    ./startup/startup_mkl25z4.o
PORTA_DriverIRQHandler                            ./startup/startup_mkl25z4.o
PORTA_IRQHandler                                  ./startup/startup_mkl25z4.o
PORTD_DriverIRQHandler                            ./startup/startup_mkl25z4.o
PORTD_IRQHandler                                  ./startup/startup_mkl25z4.o
PendSV_Handler                                    ./startup/startup_mkl25z4.o
RTC_DriverIRQHandler                              ./startup/startup_mkl25z4.o
RTC_IRQHandler                                    ./startup/startup_mkl25z4.o
RTC_Seconds_DriverIRQHandler                      ./startup/startup_mkl25z4.o
RTC_Seconds_IRQHandler                            ./startup/startup_mkl25z4.o
Reserved20_DriverIRQHandler                       ./startup/startup_mkl25z4.o
Reserved20_IRQHandler                             ./startup/startup_mkl25z4.o
Reserved39_DriverIRQHandler                       ./startup/startup_mkl25z4.o
Reserved39_IRQHandler                             ./startup/startup_mkl25z4.o
Reserved45_DriverIRQHandler                       ./startup/startup_mkl25z4.o
Reserved45_IRQHandler                             ./startup/startup_mkl25z4.o
ResetISR                                          ./startup/startup_mkl25z4.o
SMC_PostExitStopModes                             ./drivers/fsl_smc.o
SMC_PreEnterStopModes                             ./drivers/fsl_smc.o
SMC_SetPowerModeLls                               ./drivers/fsl_smc.o
SMC_SetPowerModeRun                               ./drivers/fsl_smc.o
SMC_SetPowerModeStop                              ./drivers/fsl_smc.o
SMC_SetPowerModeVlls                              ./drivers/fsl_smc.o
SMC_SetPowerModeVlpr                              ./drivers/fsl_smc.o
                                                  ./board/clock_config.o
SMC_SetPowerModeVlps                              ./drivers/fsl_smc.o
SMC_SetPowerModeVlpw                              ./drivers/fsl_smc.o
SMC_SetPowerModeWait                              ./drivers/fsl_smc.o
SPI0_DriverIRQHandler                             ./startup/startup_mkl25z4.o
SPI0_IRQHandler                                   ./startup/startup_mkl25z4.o
SPI1_DriverIRQHandler                             ./startup/startup_mkl25z4.o
SPI1_IRQHandler                                   ./startup/startup_mkl25z4.o
SVC_Handler                                       ./startup/startup_mkl25z4.o
SysTick_Handler                                   ./startup/startup_mkl25z4.o
SystemCoreClock                                   ./CMSIS/system_MKL25Z4.o
                                                  ./board/clock_config.o
SystemCoreClockUpdate                             ./CMSIS/system_MKL25Z4.o
SystemInit                                        ./CMSIS/system_MKL25Z4.o
                                                  ./startup/startup_mkl25z4.o
TPM0_DriverIRQHandler                             ./startup/startup_mkl25z4.o
TPM0_IRQHandler                                   ./startup/startup_mkl25z4.o
TPM1_DriverIRQHandler                             ./startup/startup_mkl25z4.o
TPM1_IRQHandler                                   ./startup/startup_mkl25z4.o
TPM2_DriverIRQHandler                             ./startup/startup_mkl25z4.o
TPM2_IRQHandler                                   ./startup/startup_mkl25z4.o
TSI0_DriverIRQHandler                             ./startup/startup_mkl25z4.o
TSI0_IRQHandler                                   ./startup/startup_mkl25z4.o
TSI_Calibrate                                     ./drivers/fsl_tsi_v4.o
TSI_ClearStatusFlags                              ./drivers/fsl_tsi_v4.o
TSI_Deinit                                        ./drivers/fsl_tsi_v4.o
TSI_DisableInterrupts                             ./drivers/fsl_tsi_v4.o
TSI_EnableInterrupts                              ./drivers/fsl_tsi_v4.o
TSI_GetLowPowerModeDefaultConfig                  ./drivers/fsl_tsi_v4.o
TSI_GetNormalModeDefaultConfig                    ./drivers/fsl_tsi_v4.o
TSI_Init                                          ./drivers/fsl_tsi_v4.o
UART0_DriverIRQHandler                            ./drivers/fsl_lpsci.o
                                                  ./startup/startup_mkl25z4.o
UART0_IRQHandler                                  ./startup/startup_mkl25z4.o
UART1_DriverIRQHandler                            ./drivers/fsl_uart.o
                                                  ./startup/startup_mkl25z4.o
UART1_IRQHandler                                  ./startup/startup_mkl25z4.o
UART1_RX_TX_DriverIRQHandler                      ./drivers/fsl_uart.o
UART2_DriverIRQHandler                            ./drivers/fsl_uart.o
                                                  ./startup/startup_mkl25z4.o
UART2_IRQHandler                                  ./startup/startup_mkl25z4.o
UART2_RX_TX_DriverIRQHandler                      ./drivers/fsl_uart.o
UART_ClearStatusFlags                             ./drivers/fsl_uart.o
UART_Deinit                                       ./drivers/fsl_uart.o
                                                  ./utilities/fsl_debug_console.o
UART_DisableInterrupts                            ./drivers/fsl_uart.o
UART_EnableInterrupts                             ./drivers/fsl_uart.o
UART_GetDefaultConfig                             ./drivers/fsl_uart.o
                                                  ./utilities/fsl_debug_console.o
UART_GetEnabledInterrupts                         ./drivers/fsl_uart.o
UART_GetInstance                                  ./drivers/fsl_uart.o
UART_GetStatusFlags                               ./drivers/fsl_uart.o
UART_Init                                         ./drivers/fsl_uart.o
                                                  ./utilities/fsl_debug_console.o
UART_ReadBlocking                                 ./drivers/fsl_uart.o
                                                  ./utilities/fsl_debug_console.o
UART_SetBaudRate                                  ./drivers/fsl_uart.o
UART_TransferAbortReceive                         ./drivers/fsl_uart.o
UART_TransferAbortSend                            ./drivers/fsl_uart.o
UART_TransferCreateHandle                         ./drivers/fsl_uart.o
UART_TransferGetReceiveCount                      ./drivers/fsl_uart.o
UART_TransferGetSendCount                         ./drivers/fsl_uart.o
UART_TransferHandleErrorIRQ                       ./drivers/fsl_uart.o
UART_TransferHandleIRQ                            ./drivers/fsl_uart.o
UART_TransferReceiveNonBlocking                   ./drivers/fsl_uart.o
UART_TransferSendNonBlocking                      ./drivers/fsl_uart.o
UART_TransferStartRingBuffer                      ./drivers/fsl_uart.o
UART_TransferStopRingBuffer                       ./drivers/fsl_uart.o
UART_WriteBlocking                                ./drivers/fsl_uart.o
                                                  ./utilities/fsl_debug_console.o
USB0_DriverIRQHandler                             ./startup/startup_mkl25z4.o
USB0_IRQHandler                                   ./startup/startup_mkl25z4.o
_Csys_alloc                                       /usr/local/mcuxpressoide-11.2.0_4120/ide/plugins/com.nxp.mcuxpresso.tools.linux_11.2.0.202001021529/tools/bin/../lib/gcc/arm-none-eabi/9.2.1/../../../../arm-none-eabi/lib/thumb/v6-m/nofp/libcr_c.a(alloc.o)
                                                  /usr/local/mcuxpressoide-11.2.0_4120/ide/plugins/com.nxp.mcuxpresso.tools.linux_11.2.0.202001021529/tools/bin/../lib/gcc/arm-none-eabi/9.2.1/../../../../arm-none-eabi/lib/thumb/v6-m/nofp/libcr_c.a(_deferredlazyseek.o)
_Cwritebuf                                        /usr/local/mcuxpressoide-11.2.0_4120/ide/plugins/com.nxp.mcuxpresso.tools.linux_11.2.0.202001021529/tools/bin/../lib/gcc/arm-none-eabi/9.2.1/../../../../arm-none-eabi/lib/thumb/v6-m/nofp/libcr_c.a(_writebuf.o)
                                                  /usr/local/mcuxpressoide-11.2.0_4120/ide/plugins/com.nxp.mcuxpresso.tools.linux_11.2.0.202001021529/tools/bin/../lib/gcc/arm-none-eabi/9.2.1/../../../../arm-none-eabi/lib/thumb/v6-m/nofp/libcr_c.a(_deferredlazyseek.o)
                                                  /usr/local/mcuxpressoide-11.2.0_4120/ide/plugins/com.nxp.mcuxpresso.tools.linux_11.2.0.202001021529/tools/bin/../lib/gcc/arm-none-eabi/9.2.1/../../../../arm-none-eabi/lib/thumb/v6-m/nofp/libcr_c.a(_fflush.o)
__Ciob                                            /usr/local/mcuxpressoide-11.2.0_4120/ide/plugins/com.nxp.mcuxpresso.tools.linux_11.2.0.202001021529/tools/bin/../lib/gcc/arm-none-eabi/9.2.1/../../../../arm-none-eabi/lib/thumb/v6-m/nofp/libcr_nohost_nf.a(__ciob.o)
                                                  /usr/local/mcuxpressoide-11.2.0_4120/ide/plugins/com.nxp.mcuxpresso.tools.linux_11.2.0.202001021529/tools/bin/../lib/gcc/arm-none-eabi/9.2.1/../../../../arm-none-eabi/lib/thumb/v6-m/nofp/libcr_c.a(fflush.o)
                                                  /usr/local/mcuxpressoide-11.2.0_4120/ide/plugins/com.nxp.mcuxpresso.tools.linux_11.2.0.202001021529/tools/bin/../lib/gcc/arm-none-eabi/9.2.1/../../../../arm-none-eabi/lib/thumb/v6-m/nofp/libcr_c.a(initio.o)
__RAM_VECTOR_TABLE_SIZE_BYTES                     ./drivers/fsl_common.o
__VECTOR_RAM                                      ./drivers/fsl_common.o
__VECTOR_TABLE                                    ./drivers/fsl_common.o
__Vectors                                         ./startup/startup_mkl25z4.o
__aeabi_idiv                                      /usr/local/mcuxpressoide-11.2.0_4120/ide/plugins/com.nxp.mcuxpresso.tools.linux_11.2.0.202001021529/tools/bin/../lib/gcc/arm-none-eabi/9.2.1/thumb/v6-m/nofp/libcr_eabihelpers.a(division_32.o)
                                                  ./CMSIS/system_MKL25Z4.o
                                                  ./drivers/fsl_clock.o
                                                  ./utilities/fsl_debug_console.o
__aeabi_idiv0                                     /usr/local/mcuxpressoide-11.2.0_4120/ide/plugins/com.nxp.mcuxpresso.tools.linux_11.2.0.202001021529/tools/bin/../lib/gcc/arm-none-eabi/9.2.1/thumb/v6-m/nofp/libcr_eabihelpers.a(division_idiv0.o)
                                                  /usr/local/mcuxpressoide-11.2.0_4120/ide/plugins/com.nxp.mcuxpresso.tools.linux_11.2.0.202001021529/tools/bin/../lib/gcc/arm-none-eabi/9.2.1/thumb/v6-m/nofp/libcr_eabihelpers.a(division_32.o)
__aeabi_idivmod                                   /usr/local/mcuxpressoide-11.2.0_4120/ide/plugins/com.nxp.mcuxpresso.tools.linux_11.2.0.202001021529/tools/bin/../lib/gcc/arm-none-eabi/9.2.1/thumb/v6-m/nofp/libcr_eabihelpers.a(division_32.o)
                                                  ./utilities/fsl_debug_console.o
__aeabi_lowlevel_memset                           /usr/local/mcuxpressoide-11.2.0_4120/ide/plugins/com.nxp.mcuxpresso.tools.linux_11.2.0.202001021529/tools/bin/../lib/gcc/arm-none-eabi/9.2.1/thumb/v6-m/nofp/libcr_eabihelpers.a(memcpy.o)
                                                  /usr/local/mcuxpressoide-11.2.0_4120/ide/plugins/com.nxp.mcuxpresso.tools.linux_11.2.0.202001021529/tools/bin/../lib/gcc/arm-none-eabi/9.2.1/../../../../arm-none-eabi/lib/thumb/v6-m/nofp/libcr_c.a(memset.o)
__aeabi_memclr                                    /usr/local/mcuxpressoide-11.2.0_4120/ide/plugins/com.nxp.mcuxpresso.tools.linux_11.2.0.202001021529/tools/bin/../lib/gcc/arm-none-eabi/9.2.1/thumb/v6-m/nofp/libcr_eabihelpers.a(memcpy.o)
__aeabi_memclr4                                   /usr/local/mcuxpressoide-11.2.0_4120/ide/plugins/com.nxp.mcuxpresso.tools.linux_11.2.0.202001021529/tools/bin/../lib/gcc/arm-none-eabi/9.2.1/thumb/v6-m/nofp/libcr_eabihelpers.a(memcpy.o)
__aeabi_memclr8                                   /usr/local/mcuxpressoide-11.2.0_4120/ide/plugins/com.nxp.mcuxpresso.tools.linux_11.2.0.202001021529/tools/bin/../lib/gcc/arm-none-eabi/9.2.1/thumb/v6-m/nofp/libcr_eabihelpers.a(memcpy.o)
__aeabi_memcpy                                    /usr/local/mcuxpressoide-11.2.0_4120/ide/plugins/com.nxp.mcuxpresso.tools.linux_11.2.0.202001021529/tools/bin/../lib/gcc/arm-none-eabi/9.2.1/thumb/v6-m/nofp/libcr_eabihelpers.a(memcpy.o)
                                                  /usr/local/mcuxpressoide-11.2.0_4120/ide/plugins/com.nxp.mcuxpresso.tools.linux_11.2.0.202001021529/tools/bin/../lib/gcc/arm-none-eabi/9.2.1/../../../../arm-none-eabi/lib/thumb/v6-m/nofp/libcr_c.a(memcpy.o)
__aeabi_memcpy4                                   /usr/local/mcuxpressoide-11.2.0_4120/ide/plugins/com.nxp.mcuxpresso.tools.linux_11.2.0.202001021529/tools/bin/../lib/gcc/arm-none-eabi/9.2.1/thumb/v6-m/nofp/libcr_eabihelpers.a(memcpy.o)
__aeabi_memcpy8                                   /usr/local/mcuxpressoide-11.2.0_4120/ide/plugins/com.nxp.mcuxpresso.tools.linux_11.2.0.202001021529/tools/bin/../lib/gcc/arm-none-eabi/9.2.1/thumb/v6-m/nofp/libcr_eabihelpers.a(memcpy.o)
__aeabi_memmove                                   /usr/local/mcuxpressoide-11.2.0_4120/ide/plugins/com.nxp.mcuxpresso.tools.linux_11.2.0.202001021529/tools/bin/../lib/gcc/arm-none-eabi/9.2.1/thumb/v6-m/nofp/libcr_eabihelpers.a(memcpy.o)
__aeabi_memmove4                                  /usr/local/mcuxpressoide-11.2.0_4120/ide/plugins/com.nxp.mcuxpresso.tools.linux_11.2.0.202001021529/tools/bin/../lib/gcc/arm-none-eabi/9.2.1/thumb/v6-m/nofp/libcr_eabihelpers.a(memcpy.o)
__aeabi_memmove8                                  /usr/local/mcuxpressoide-11.2.0_4120/ide/plugins/com.nxp.mcuxpresso.tools.linux_11.2.0.202001021529/tools/bin/../lib/gcc/arm-none-eabi/9.2.1/thumb/v6-m/nofp/libcr_eabihelpers.a(memcpy.o)
__aeabi_memset                                    /usr/local/mcuxpressoide-11.2.0_4120/ide/plugins/com.nxp.mcuxpresso.tools.linux_11.2.0.202001021529/tools/bin/../lib/gcc/arm-none-eabi/9.2.1/thumb/v6-m/nofp/libcr_eabihelpers.a(memcpy.o)
__aeabi_memset4                                   /usr/local/mcuxpressoide-11.2.0_4120/ide/plugins/com.nxp.mcuxpresso.tools.linux_11.2.0.202001021529/tools/bin/../lib/gcc/arm-none-eabi/9.2.1/thumb/v6-m/nofp/libcr_eabihelpers.a(memcpy.o)
__aeabi_memset8                                   /usr/local/mcuxpressoide-11.2.0_4120/ide/plugins/com.nxp.mcuxpresso.tools.linux_11.2.0.202001021529/tools/bin/../lib/gcc/arm-none-eabi/9.2.1/thumb/v6-m/nofp/libcr_eabihelpers.a(memcpy.o)
__aeabi_uidiv                                     /usr/local/mcuxpressoide-11.2.0_4120/ide/plugins/com.nxp.mcuxpresso.tools.linux_11.2.0.202001021529/tools/bin/../lib/gcc/arm-none-eabi/9.2.1/thumb/v6-m/nofp/libcr_eabihelpers.a(division_32.o)
                                                  ./CMSIS/system_MKL25Z4.o
                                                  ./drivers/fsl_uart.o
                                                  ./drivers/fsl_lpsci.o
                                                  ./drivers/fsl_flash.o
                                                  ./drivers/fsl_clock.o
                                                  ./source/led.o
__aeabi_uidivmod                                  /usr/local/mcuxpressoide-11.2.0_4120/ide/plugins/com.nxp.mcuxpresso.tools.linux_11.2.0.202001021529/tools/bin/../lib/gcc/arm-none-eabi/9.2.1/thumb/v6-m/nofp/libcr_eabihelpers.a(division_32.o)
                                                  ./drivers/fsl_flash.o
                                                  ./source/delay.o
                                                  ./utilities/fsl_debug_console.o
__bss_section_table_end                           ./startup/startup_mkl25z4.o
__check_heap_overflow                             /usr/local/mcuxpressoide-11.2.0_4120/ide/plugins/com.nxp.mcuxpresso.tools.linux_11.2.0.202001021529/tools/bin/../lib/gcc/arm-none-eabi/9.2.1/../../../../arm-none-eabi/lib/thumb/v6-m/nofp/libcr_c.a(_cr_check_heap.o)
                                                  /usr/local/mcuxpressoide-11.2.0_4120/ide/plugins/com.nxp.mcuxpresso.tools.linux_11.2.0.202001021529/tools/bin/../lib/gcc/arm-none-eabi/9.2.1/../../../../arm-none-eabi/lib/thumb/v6-m/nofp/libcr_c.a(_cr_sbrk.o)
__data_section_table                              ./startup/startup_mkl25z4.o
__data_section_table_end                          ./startup/startup_mkl25z4.o
__end_of_heap                                     /usr/local/mcuxpressoide-11.2.0_4120/ide/plugins/com.nxp.mcuxpresso.tools.linux_11.2.0.202001021529/tools/bin/../lib/gcc/arm-none-eabi/9.2.1/../../../../arm-none-eabi/lib/thumb/v6-m/nofp/libcr_c.a(__init_alloc.o)
                                                  /usr/local/mcuxpressoide-11.2.0_4120/ide/plugins/com.nxp.mcuxpresso.tools.linux_11.2.0.202001021529/tools/bin/../lib/gcc/arm-none-eabi/9.2.1/../../../../arm-none-eabi/lib/thumb/v6-m/nofp/libcr_c.a(_cr_sbrk.o)
__exit                                            /usr/local/mcuxpressoide-11.2.0_4120/ide/plugins/com.nxp.mcuxpresso.tools.linux_11.2.0.202001021529/tools/bin/../lib/gcc/arm-none-eabi/9.2.1/../../../../arm-none-eabi/lib/thumb/v6-m/nofp/libcr_nohost_nf.a(__sys_appexit.o)
__flsbuf                                          /usr/local/mcuxpressoide-11.2.0_4120/ide/plugins/com.nxp.mcuxpresso.tools.linux_11.2.0.202001021529/tools/bin/../lib/gcc/arm-none-eabi/9.2.1/../../../../arm-none-eabi/lib/thumb/v6-m/nofp/libcr_c.a(_deferredlazyseek.o)
__gnu_thumb1_case_shi                             /usr/local/mcuxpressoide-11.2.0_4120/ide/plugins/com.nxp.mcuxpresso.tools.linux_11.2.0.202001021529/tools/bin/../lib/gcc/arm-none-eabi/9.2.1/thumb/v6-m/nofp/libcr_eabihelpers.a(thumb1_switch_helpers.o)
__gnu_thumb1_case_si                              /usr/local/mcuxpressoide-11.2.0_4120/ide/plugins/com.nxp.mcuxpresso.tools.linux_11.2.0.202001021529/tools/bin/../lib/gcc/arm-none-eabi/9.2.1/thumb/v6-m/nofp/libcr_eabihelpers.a(thumb1_switch_helpers.o)
__gnu_thumb1_case_sqi                             /usr/local/mcuxpressoide-11.2.0_4120/ide/plugins/com.nxp.mcuxpresso.tools.linux_11.2.0.202001021529/tools/bin/../lib/gcc/arm-none-eabi/9.2.1/thumb/v6-m/nofp/libcr_eabihelpers.a(thumb1_switch_helpers.o)
                                                  ./utilities/fsl_debug_console.o
__gnu_thumb1_case_uhi                             /usr/local/mcuxpressoide-11.2.0_4120/ide/plugins/com.nxp.mcuxpresso.tools.linux_11.2.0.202001021529/tools/bin/../lib/gcc/arm-none-eabi/9.2.1/thumb/v6-m/nofp/libcr_eabihelpers.a(thumb1_switch_helpers.o)
__gnu_thumb1_case_uqi                             /usr/local/mcuxpressoide-11.2.0_4120/ide/plugins/com.nxp.mcuxpresso.tools.linux_11.2.0.202001021529/tools/bin/../lib/gcc/arm-none-eabi/9.2.1/thumb/v6-m/nofp/libcr_eabihelpers.a(thumb1_switch_helpers.o)
                                                  ./drivers/fsl_flash.o
                                                  ./drivers/fsl_clock.o
__heaps                                           /usr/local/mcuxpressoide-11.2.0_4120/ide/plugins/com.nxp.mcuxpresso.tools.linux_11.2.0.202001021529/tools/bin/../lib/gcc/arm-none-eabi/9.2.1/../../../../arm-none-eabi/lib/thumb/v6-m/nofp/libcr_c.a(__init_alloc.o)
                                                  /usr/local/mcuxpressoide-11.2.0_4120/ide/plugins/com.nxp.mcuxpresso.tools.linux_11.2.0.202001021529/tools/bin/../lib/gcc/arm-none-eabi/9.2.1/../../../../arm-none-eabi/lib/thumb/v6-m/nofp/libcr_c.a(alloc.o)
__main                                            /usr/local/mcuxpressoide-11.2.0_4120/ide/plugins/com.nxp.mcuxpresso.tools.linux_11.2.0.202001021529/tools/bin/../lib/gcc/arm-none-eabi/9.2.1/../../../../arm-none-eabi/lib/thumb/v6-m/nofp/libcr_nohost_nf.a(_cr__main.o)
                                                  ./startup/startup_mkl25z4.o
__mtb_buffer__                                    ./source/mtb.o
__num_Ciob_streams                                /usr/local/mcuxpressoide-11.2.0_4120/ide/plugins/com.nxp.mcuxpresso.tools.linux_11.2.0.202001021529/tools/bin/../lib/gcc/arm-none-eabi/9.2.1/../../../../arm-none-eabi/lib/thumb/v6-m/nofp/libcr_nohost_nf.a(__ciob.o)
                                                  /usr/local/mcuxpressoide-11.2.0_4120/ide/plugins/com.nxp.mcuxpresso.tools.linux_11.2.0.202001021529/tools/bin/../lib/gcc/arm-none-eabi/9.2.1/../../../../arm-none-eabi/lib/thumb/v6-m/nofp/libcr_c.a(fflush.o)
                                                  /usr/local/mcuxpressoide-11.2.0_4120/ide/plugins/com.nxp.mcuxpresso.tools.linux_11.2.0.202001021529/tools/bin/../lib/gcc/arm-none-eabi/9.2.1/../../../../arm-none-eabi/lib/thumb/v6-m/nofp/libcr_c.a(initio.o)
__sys_appexit                                     /usr/local/mcuxpressoide-11.2.0_4120/ide/plugins/com.nxp.mcuxpresso.tools.linux_11.2.0.202001021529/tools/bin/../lib/gcc/arm-none-eabi/9.2.1/../../../../arm-none-eabi/lib/thumb/v6-m/nofp/libcr_nohost_nf.a(__sys_appexit.o)